07-22 14:45:41.423  4364  4433 E Auth    : 	at itt.a(:com.google.android.gms@19275037@19.2.75 (100400-269183835):2)
07-22 14:45:41.423  4364  4433 E Auth    : 	at itr.a(:com.google.android.gms@19275037@19.2.75 (100400-269183835):17)
07-22 14:45:41.423  4364  4433 E Auth    : 	at itr.a(:com.google.android.gms@19275037@19.2.75 (100400-269183835):11)
07-22 14:45:41.423  4364  4433 E Auth    : 	at gxr.a(:com.google.android.gms@19275037@19.2.75 (100400-269183835):44)
07-22 14:45:41.423  4364  4433 E Auth    : 	at gxr.a(:com.google.android.gms@19275037@19.2.75 (100400-269183835):98)
07-22 14:45:41.423  4364  4433 E Auth    : 	at gyb.a(:com.google.android.gms@19275037@19.2.75 (100400-269183835):3)
07-22 14:45:41.423  4364  4433 E Auth    : 	at gxy.a(:com.google.android.gms@19275037@19.2.75 (100400-269183835):3)
07-22 14:45:41.423  4364  4433 E Auth    : 	at gxy.c(:com.google.android.gms@19275037@19.2.75 (100400-269183835):6)
07-22 14:45:41.423  4364  4433 E Auth    : 	at gxw.b(:com.google.android.gms@19275037@19.2.75 (100400-269183835):4)
07-22 14:45:41.423  4364  4433 E Auth    : 	at qxw.a(:com.google.android.gms@19275037@19.2.75 (100400-269183835):247)
07-22 14:45:41.423  4364  4433 E Auth    : 	at com.google.android.gms.clearcut.uploader.QosUploaderChimeraService.a(:com.google.android.gms@19275037@19.2.75 (100400-269183835):79)
07-22 14:45:41.423  4364  4433 E Auth    : 	at com.google.android.gms.clearcut.uploader.QosUploaderChimeraService.a(:com.google.android.gms@19275037@19.2.75 (100400-269183835):8)
07-22 14:45:41.423  4364  4433 E Auth    : 	at aemg.run(:com.google.android.gms@19275037@19.2.75 (100400-269183835):5)
07-22 14:45:41.423  4364  4433 E Auth    : 	at sjm.b(:com.google.android.gms@19275037@19.2.75 (100400-269183835):33)
07-22 14:45:41.423  4364  4433 E Auth    : 	at sjm.run(:com.google.android.gms@19275037@19.2.75 (100400-269183835):21)
07-22 14:45:41.423  4364  4433 E Auth    : 	at java.util.concurrent.ThreadPoolExecutor.runWorker(ThreadPoolExecutor.java:1167)
07-22 14:45:41.423  4364  4433 E Auth    : 	at java.util.concurrent.ThreadPoolExecutor$Worker.run(ThreadPoolExecutor.java:641)
07-22 14:45:41.423  4364  4433 E Auth    : 	at spf.run(Unknown Source:7)
07-22 14:45:41.423  4364  4433 E Auth    : 	at java.lang.Thread.run(Thread.java:764)
07-22 14:45:41.428 11043 11043 E [[WEATHER](16161@0)] : {[6107F15E73BDEBE9385791326A0C66E2FA6CCEFE03B8425EBCA681FB64B46704FDF1158093D9C389ADDA1671FC5E2FCB]}
07-22 14:45:41.429 11043 11043 E [[WEATHER](16161@0)] : {[D8C9BDEEC252818F13C16BA1F8D5BDBBC721AA23DD20051A6AA4A69B62F284FE6BDFDE36F2E992F69BF5B574457A06B2]}
07-22 14:45:41.444  4364  8517 E Auth    : [GoogleAccountDataServiceImpl] getToken() -> BAD_AUTHENTICATION. Account: <ELLIDED:-682645340>, App: com.google.android.gms, Service: oauth2:https://www.googleapis.com/auth/contextengine
07-22 14:45:41.444  4364  8517 E Auth    : rkt: Long live credential not available.
07-22 14:45:41.444  4364  8517 E Auth    : 	at hbg.a(:com.google.android.gms@19275037@19.2.75 (100400-269183835):123)
07-22 14:45:41.444  4364  8517 E Auth    : 	at iuq.a(:com.google.android.gms@19275037@19.2.75 (100400-269183835):137)
07-22 14:45:41.444  4364  8517 E Auth    : 	at itt.a(:com.google.android.gms@19275037@19.2.75 (100400-269183835):2)
07-22 14:45:41.444  4364  8517 E Auth    : 	at itr.a(:com.google.android.gms@19275037@19.2.75 (100400-269183835):17)
07-22 14:45:41.444  4364  8517 E Auth    : 	at itr.a(:com.google.android.gms@19275037@19.2.75 (100400-269183835):11)
07-22 14:45:41.444  4364  8517 E Auth    : 	at gxr.a(:com.google.android.gms@19275037@19.2.75 (100400-269183835):44)
07-22 14:45:41.444  4364  8517 E Auth    : 	at gxr.a(:com.google.android.gms@19275037@19.2.75 (100400-269183835):98)
07-22 14:45:41.444  4364  8517 E Auth    : 	at dwo.a(:com.google.android.gms@19275037@19.2.75 (100400-269183835):1)
07-22 14:45:41.444  4364  8517 E Auth    : 	at zwx.a(:com.google.android.gms@19275037@19.2.75 (100400-269183835):7)
07-22 14:45:41.444  4364  8517 E Auth    : 	at cqy.onTransact(:com.google.android.gms@19275037@19.2.75 (100400-269183835):4)
07-22 14:45:41.444  4364  8517 E Auth    : 	at android.os.Binder.transact(Binder.java:675)
07-22 14:45:41.444  4364  8517 E Auth    : 	at dyk.onTransact(:com.google.android.gms@19275037@19.2.75 (100400-269183835):3)
07-22 14:45:41.444  4364  8517 E Auth    : 	at android.os.Binder.transact(Binder.java:675)
07-22 14:45:41.444  4364  8517 E Auth    : 	at zxr.onTransact(:com.google.android.gms@19275037@19.2.75 (100400-269183835):19)
07-22 14:45:41.444  4364  8517 E Auth    : 	at android.os.Binder.execTransact(Binder.java:739)
07-22 14:45:41.455 11043 11043 E [[WEATHER](16161@0)] : {[6107F15E73BDEBE9385791326A0C66E2FA6CCEFE03B8425EBCA681FB64B46704FDF1158093D9C389ADDA1671FC5E2FCB]}
07-22 14:45:41.456 11043 11043 E [[WEATHER](16161@0)] : {[D8C9BDEEC252818F13C16BA1F8D5BDBBC721AA23DD20051A6AA4A69B62F284FE6BDFDE36F2E992F69BF5B574457A06B2]}
07-22 14:45:41.491  5083 12546 E Icing   : Auth error while executing icing server request: BadAuthentication
07-22 14:45:41.505  4364  4433 E Uploader: Failed to get auth token: User intervention required. Notification has been pushed.
07-22 14:45:41.505  4364  4433 E Uploader: gym: User intervention required. Notification has been pushed.
07-22 14:45:41.505  4364  4433 E Uploader: 	at gxw.b(:com.google.android.gms@19275037@19.2.75 (100400-269183835):7)
07-22 14:45:41.505  4364  4433 E Uploader: 	at qxw.a(:com.google.android.gms@19275037@19.2.75 (100400-269183835):247)
07-22 14:45:41.505  4364  4433 E Uploader: 	at com.google.android.gms.clearcut.uploader.QosUploaderChimeraService.a(:com.google.android.gms@19275037@19.2.75 (100400-269183835):79)
07-22 14:45:41.505  4364  4433 E Uploader: 	at com.google.android.gms.clearcut.uploader.QosUploaderChimeraService.a(:com.google.android.gms@19275037@19.2.75 (100400-269183835):8)
07-22 14:45:41.505  4364  4433 E Uploader: 	at aemg.run(:com.google.android.gms@19275037@19.2.75 (100400-269183835):5)
07-22 14:45:41.505  4364  4433 E Uploader: 	at sjm.b(:com.google.android.gms@19275037@19.2.75 (100400-269183835):33)
07-22 14:45:41.505  4364  4433 E Uploader: 	at sjm.run(:com.google.android.gms@19275037@19.2.75 (100400-269183835):21)
07-22 14:45:41.505  4364  4433 E Uploader: 	at java.util.concurrent.ThreadPoolExecutor.runWorker(ThreadPoolExecutor.java:1167)
07-22 14:45:41.505  4364  4433 E Uploader: 	at java.util.concurrent.ThreadPoolExecutor$Worker.run(ThreadPoolExecutor.java:641)
07-22 14:45:41.505  4364  4433 E Uploader: 	at spf.run(Unknown Source:7)
07-22 14:45:41.505  4364  4433 E Uploader: 	at java.lang.Thread.run(Thread.java:764)
07-22 14:45:41.617  4364  4433 E Auth    : [GoogleAccountDataServiceImpl] getToken() -> BAD_AUTHENTICATION. Account: <ELLIDED:-682645340>, App: com.google.android.gms, Service: oauth2:https://www.googleapis.com/auth/cclog
07-22 14:45:41.617  4364  4433 E Auth    : rkt: Long live credential not available.
07-22 14:45:41.617  4364  4433 E Auth    : 	at hbg.a(:com.google.android.gms@19275037@19.2.75 (100400-269183835):123)
07-22 14:45:41.617  4364  4433 E Auth    : 	at iuq.a(:com.google.android.gms@19275037@19.2.75 (100400-269183835):137)
07-22 14:45:41.617  4364  4433 E Auth    : 	at itt.a(:com.google.android.gms@19275037@19.2.75 (100400-269183835):2)
07-22 14:45:41.617  4364  4433 E Auth    : 	at itr.a(:com.google.android.gms@19275037@19.2.75 (100400-269183835):17)
07-22 14:45:41.617  4364  4433 E Auth    : 	at itr.a(:com.google.android.gms@19275037@19.2.75 (100400-269183835):11)
07-22 14:45:41.617  4364  4433 E Auth    : 	at gxr.a(:com.google.android.gms@19275037@19.2.75 (100400-269183835):44)
07-22 14:45:41.617  4364  4433 E Auth    : 	at gxr.a(:com.google.android.gms@19275037@19.2.75 (100400-269183835):98)
07-22 14:45:41.617  4364  4433 E Auth    : 	at gyb.a(:com.google.android.gms@19275037@19.2.75 (100400-269183835):3)
07-22 14:45:41.617  4364  4433 E Auth    : 	at gxy.a(:com.google.android.gms@19275037@19.2.75 (100400-269183835):3)
07-22 14:45:41.617  4364  4433 E Auth    : 	at gxy.c(:com.google.android.gms@19275037@19.2.75 (100400-269183835):6)
07-22 14:45:41.617  4364  4433 E Auth    : 	at gxw.b(:com.google.android.gms@19275037@19.2.75 (100400-269183835):4)
07-22 14:45:41.617  4364  4433 E Auth    : 	at qxw.a(:com.google.android.gms@19275037@19.2.75 (100400-269183835):247)
07-22 14:45:41.617  4364  4433 E Auth    : 	at com.google.android.gms.clearcut.uploader.QosUploaderChimeraService.a(:com.google.android.gms@19275037@19.2.75 (100400-269183835):79)
07-22 14:45:41.617  4364  4433 E Auth    : 	at com.google.android.gms.clearcut.uploader.QosUploaderChimeraService.a(:com.google.android.gms@19275037@19.2.75 (100400-269183835):8)
07-22 14:45:41.617  4364  4433 E Auth    : 	at aemg.run(:com.google.android.gms@19275037@19.2.75 (100400-269183835):5)
07-22 14:45:41.617  4364  4433 E Auth    : 	at sjm.b(:com.google.android.gms@19275037@19.2.75 (100400-269183835):33)
07-22 14:45:41.617  4364  4433 E Auth    : 	at sjm.run(:com.google.android.gms@19275037@19.2.75 (100400-269183835):21)
07-22 14:45:41.617  4364  4433 E Auth    : 	at java.util.concurrent.ThreadPoolExecutor.runWorker(ThreadPoolExecutor.java:1167)
07-22 14:45:41.617  4364  4433 E Auth    : 	at java.util.concurrent.ThreadPoolExecutor$Worker.run(ThreadPoolExecutor.java:641)
07-22 14:45:41.617  4364  4433 E Auth    : 	at spf.run(Unknown Source:7)
07-22 14:45:41.617  4364  4433 E Auth    : 	at java.lang.Thread.run(Thread.java:764)
07-22 14:45:41.648  4126 21816 E Telephony: PhoneInterfaceManager: [PhoneIntfMgr] getIccId: No UICC
07-22 14:45:41.654 11043 11043 E [[WEATHER](16161@0)] : {[6107F15E73BDEBE9385791326A0C66E2FA6CCEFE03B8425EBCA681FB64B46704FDF1158093D9C389ADDA1671FC5E2FCB]}
07-22 14:45:41.655 11043 11043 E [[WEATHER](16161@0)] : {[D8C9BDEEC252818F13C16BA1F8D5BDBBC721AA23DD20051A6AA4A69B62F284FE6BDFDE36F2E992F69BF5B574457A06B2]}
07-22 14:45:41.659  4364  4433 E Uploader: Failed to get auth token: User intervention required. Notification has been pushed.
07-22 14:45:41.659  4364  4433 E Uploader: gym: User intervention required. Notification has been pushed.
07-22 14:45:41.659  4364  4433 E Uploader: 	at gxw.b(:com.google.android.gms@19275037@19.2.75 (100400-269183835):7)
07-22 14:45:41.659  4364  4433 E Uploader: 	at qxw.a(:com.google.android.gms@19275037@19.2.75 (100400-269183835):247)
07-22 14:45:41.659  4364  4433 E Uploader: 	at com.google.android.gms.clearcut.uploader.QosUploaderChimeraService.a(:com.google.android.gms@19275037@19.2.75 (100400-269183835):79)
07-22 14:45:41.659  4364  4433 E Uploader: 	at com.google.android.gms.clearcut.uploader.QosUploaderChimeraService.a(:com.google.android.gms@19275037@19.2.75 (100400-269183835):8)
07-22 14:45:41.659  4364  4433 E Uploader: 	at aemg.run(:com.google.android.gms@19275037@19.2.75 (100400-269183835):5)
07-22 14:45:41.659  4364  4433 E Uploader: 	at sjm.b(:com.google.android.gms@19275037@19.2.75 (100400-269183835):33)
07-22 14:45:41.659  4364  4433 E Uploader: 	at sjm.run(:com.google.android.gms@19275037@19.2.75 (100400-269183835):21)
07-22 14:45:41.659  4364  4433 E Uploader: 	at java.util.concurrent.ThreadPoolExecutor.runWorker(ThreadPoolExecutor.java:1167)
07-22 14:45:41.659  4364  4433 E Uploader: 	at java.util.concurrent.ThreadPoolExecutor$Worker.run(ThreadPoolExecutor.java:641)
07-22 14:45:41.659  4364  4433 E Uploader: 	at spf.run(Unknown Source:7)
07-22 14:45:41.659  4364  4433 E Uploader: 	at java.lang.Thread.run(Thread.java:764)
07-22 14:45:41.665  3464  3564 E Netd    : getNetworkForDns: getNetId from enterpriseCtrl is netid 0
07-22 14:45:41.697 11043 11043 E [[WEATHER](16161@0)] : {[6107F15E73BDEBE9385791326A0C66E2FA6CCEFE03B8425EBCA681FB64B46704FDF1158093D9C389ADDA1671FC5E2FCB]}
07-22 14:45:41.698 11043 11043 E [[WEATHER](16161@0)] : {[D8C9BDEEC252818F13C16BA1F8D5BDBBC721AA23DD20051A6AA4A69B62F284FE6BDFDE36F2E992F69BF5B574457A06B2]}
07-22 14:45:41.712 11043 11043 E [[WEATHER](16161@0)] : {[6107F15E73BDEBE9385791326A0C66E2FA6CCEFE03B8425EBCA681FB64B46704FDF1158093D9C389ADDA1671FC5E2FCB]}
07-22 14:45:41.713 11043 11043 E [[WEATHER](16161@0)] : {[D8C9BDEEC252818F13C16BA1F8D5BDBBC721AA23DD20051A6AA4A69B62F284FE6BDFDE36F2E992F69BF5B574457A06B2]}
07-22 14:45:41.769 11043 11043 E [[WEATHER](16161@0)] : {[6107F15E73BDEBE9385791326A0C66E2FA6CCEFE03B8425EBCA681FB64B46704FDF1158093D9C389ADDA1671FC5E2FCB]}
07-22 14:45:41.770 11043 11043 E [[WEATHER](16161@0)] : {[D8C9BDEEC252818F13C16BA1F8D5BDBBC721AA23DD20051A6AA4A69B62F284FE6BDFDE36F2E992F69BF5B574457A06B2]}
07-22 14:45:41.813 11696 11696 E Zygote  : isWhitelistProcess - Process is Whitelisted
07-22 14:45:41.816 11696 11696 E Zygote  : accessInfo : 1
07-22 14:45:41.835  4364  4433 E Auth    : [GoogleAccountDataServiceImpl] getToken() -> BAD_AUTHENTICATION. Account: <ELLIDED:-682645340>, App: com.google.android.gms, Service: oauth2:https://www.googleapis.com/auth/cclog
07-22 14:45:41.835  4364  4433 E Auth    : rkt: Long live credential not available.
07-22 14:45:41.835  4364  4433 E Auth    : 	at hbg.a(:com.google.android.gms@19275037@19.2.75 (100400-269183835):123)
07-22 14:45:41.835  4364  4433 E Auth    : 	at iuq.a(:com.google.android.gms@19275037@19.2.75 (100400-269183835):137)
07-22 14:45:41.835  4364  4433 E Auth    : 	at itt.a(:com.google.android.gms@19275037@19.2.75 (100400-269183835):2)
07-22 14:45:41.835  4364  4433 E Auth    : 	at itr.a(:com.google.android.gms@19275037@19.2.75 (100400-269183835):17)
07-22 14:45:41.835  4364  4433 E Auth    : 	at itr.a(:com.google.android.gms@19275037@19.2.75 (100400-269183835):11)
07-22 14:45:41.835  4364  4433 E Auth    : 	at gxr.a(:com.google.android.gms@19275037@19.2.75 (100400-269183835):44)
07-22 14:45:41.835  4364  4433 E Auth    : 	at gxr.a(:com.google.android.gms@19275037@19.2.75 (100400-269183835):98)
07-22 14:45:41.835  4364  4433 E Auth    : 	at gyb.a(:com.google.android.gms@19275037@19.2.75 (100400-269183835):3)
07-22 14:45:41.835  4364  4433 E Auth    : 	at gxy.a(:com.google.android.gms@19275037@19.2.75 (100400-269183835):3)
07-22 14:45:41.835  4364  4433 E Auth    : 	at gxy.c(:com.google.android.gms@19275037@19.2.75 (100400-269183835):6)
07-22 14:45:41.835  4364  4433 E Auth    : 	at gxw.b(:com.google.android.gms@19275037@19.2.75 (100400-269183835):4)
07-22 14:45:41.835  4364  4433 E Auth    : 	at qxw.a(:com.google.android.gms@19275037@19.2.75 (100400-269183835):247)
07-22 14:45:41.835  4364  4433 E Auth    : 	at com.google.android.gms.clearcut.uploader.QosUploaderChimeraService.a(:com.google.android.gms@19275037@19.2.75 (100400-269183835):79)
07-22 14:45:41.835  4364  4433 E Auth    : 	at com.google.android.gms.clearcut.uploader.QosUploaderChimeraService.a(:com.google.android.gms@19275037@19.2.75 (100400-269183835):8)
07-22 14:45:41.835  4364  4433 E Auth    : 	at aemg.run(:com.google.android.gms@19275037@19.2.75 (100400-269183835):5)
07-22 14:45:41.835  4364  4433 E Auth    : 	at sjm.b(:com.google.android.gms@19275037@19.2.75 (100400-269183835):33)
07-22 14:45:41.835  4364  4433 E Auth    : 	at sjm.run(:com.google.android.gms@19275037@19.2.75 (100400-269183835):21)
07-22 14:45:41.835  4364  4433 E Auth    : 	at java.util.concurrent.ThreadPoolExecutor.runWorker(ThreadPoolExecutor.java:1167)
07-22 14:45:41.835  4364  4433 E Auth    : 	at java.util.concurrent.ThreadPoolExecutor$Worker.run(ThreadPoolExecutor.java:641)
07-22 14:45:41.835  4364  4433 E Auth    : 	at spf.run(Unknown Source:7)
07-22 14:45:41.835  4364  4433 E Auth    : 	at java.lang.Thread.run(Thread.java:764)
07-22 14:45:41.847 11696 11696 E .provider.badg: Not starting debugger since process cannot load the jdwp agent.
07-22 14:45:41.901  4364  4433 E Uploader: Failed to get auth token: User intervention required. Notification has been pushed.
07-22 14:45:41.901  4364  4433 E Uploader: gym: User intervention required. Notification has been pushed.
07-22 14:45:41.901  4364  4433 E Uploader: 	at gxw.b(:com.google.android.gms@19275037@19.2.75 (100400-269183835):7)
07-22 14:45:41.901  4364  4433 E Uploader: 	at qxw.a(:com.google.android.gms@19275037@19.2.75 (100400-269183835):247)
07-22 14:45:41.901  4364  4433 E Uploader: 	at com.google.android.gms.clearcut.uploader.QosUploaderChimeraService.a(:com.google.android.gms@19275037@19.2.75 (100400-269183835):79)
07-22 14:45:41.901  4364  4433 E Uploader: 	at com.google.android.gms.clearcut.uploader.QosUploaderChimeraService.a(:com.google.android.gms@19275037@19.2.75 (100400-269183835):8)
07-22 14:45:41.901  4364  4433 E Uploader: 	at aemg.run(:com.google.android.gms@19275037@19.2.75 (100400-269183835):5)
07-22 14:45:41.901  4364  4433 E Uploader: 	at sjm.b(:com.google.android.gms@19275037@19.2.75 (100400-269183835):33)
07-22 14:45:41.901  4364  4433 E Uploader: 	at sjm.run(:com.google.android.gms@19275037@19.2.75 (100400-269183835):21)
07-22 14:45:41.901  4364  4433 E Uploader: 	at java.util.concurrent.ThreadPoolExecutor.runWorker(ThreadPoolExecutor.java:1167)
07-22 14:45:41.901  4364  4433 E Uploader: 	at java.util.concurrent.ThreadPoolExecutor$Worker.run(ThreadPoolExecutor.java:641)
07-22 14:45:41.901  4364  4433 E Uploader: 	at spf.run(Unknown Source:7)
07-22 14:45:41.901  4364  4433 E Uploader: 	at java.lang.Thread.run(Thread.java:764)
07-22 14:45:41.931  3464  3564 E Netd    : getNetworkForDns: getNetId from enterpriseCtrl is netid 0
07-22 14:45:42.113  4364  4433 E Auth    : [GoogleAccountDataServiceImpl] getToken() -> BAD_AUTHENTICATION. Account: <ELLIDED:-682645340>, App: com.google.android.gms, Service: oauth2:https://www.googleapis.com/auth/cclog
07-22 14:45:42.113  4364  4433 E Auth    : rkt: Long live credential not available.
07-22 14:45:42.113  4364  4433 E Auth    : 	at hbg.a(:com.google.android.gms@19275037@19.2.75 (100400-269183835):123)
07-22 14:45:42.113  4364  4433 E Auth    : 	at iuq.a(:com.google.android.gms@19275037@19.2.75 (100400-269183835):137)
07-22 14:45:42.113  4364  4433 E Auth    : 	at itt.a(:com.google.android.gms@19275037@19.2.75 (100400-269183835):2)
07-22 14:45:42.113  4364  4433 E Auth    : 	at itr.a(:com.google.android.gms@19275037@19.2.75 (100400-269183835):17)
07-22 14:45:42.113  4364  4433 E Auth    : 	at itr.a(:com.google.android.gms@19275037@19.2.75 (100400-269183835):11)
07-22 14:45:42.113  4364  4433 E Auth    : 	at gxr.a(:com.google.android.gms@19275037@19.2.75 (100400-269183835):44)
07-22 14:45:42.113  4364  4433 E Auth    : 	at gxr.a(:com.google.android.gms@19275037@19.2.75 (100400-269183835):98)
07-22 14:45:42.113  4364  4433 E Auth    : 	at gyb.a(:com.google.android.gms@19275037@19.2.75 (100400-269183835):3)
07-22 14:45:42.113  4364  4433 E Auth    : 	at gxy.a(:com.google.android.gms@19275037@19.2.75 (100400-269183835):3)
07-22 14:45:42.113  4364  4433 E Auth    : 	at gxy.c(:com.google.android.gms@19275037@19.2.75 (100400-269183835):6)
07-22 14:45:42.113  4364  4433 E Auth    : 	at gxw.b(:com.google.android.gms@19275037@19.2.75 (100400-269183835):4)
07-22 14:45:42.113  4364  4433 E Auth    : 	at qxw.a(:com.google.android.gms@19275037@19.2.75 (100400-269183835):247)
07-22 14:45:42.113  4364  4433 E Auth    : 	at com.google.android.gms.clearcut.uploader.QosUploaderChimeraService.a(:com.google.android.gms@19275037@19.2.75 (100400-269183835):79)
07-22 14:45:42.113  4364  4433 E Auth    : 	at com.google.android.gms.clearcut.uploader.QosUploaderChimeraService.a(:com.google.android.gms@19275037@19.2.75 (100400-269183835):8)
07-22 14:45:42.113  4364  4433 E Auth    : 	at aemg.run(:com.google.android.gms@19275037@19.2.75 (100400-269183835):5)
07-22 14:45:42.113  4364  4433 E Auth    : 	at sjm.b(:com.google.android.gms@19275037@19.2.75 (100400-269183835):33)
07-22 14:45:42.113  4364  4433 E Auth    : 	at sjm.run(:com.google.android.gms@19275037@19.2.75 (100400-269183835):21)
07-22 14:45:42.113  4364  4433 E Auth    : 	at java.util.concurrent.ThreadPoolExecutor.runWorker(ThreadPoolExecutor.java:1167)
07-22 14:45:42.113  4364  4433 E Auth    : 	at java.util.concurrent.ThreadPoolExecutor$Worker.run(ThreadPoolExecutor.java:641)
07-22 14:45:42.113  4364  4433 E Auth    : 	at spf.run(Unknown Source:7)
07-22 14:45:42.113  4364  4433 E Auth    : 	at java.lang.Thread.run(Thread.java:764)
07-22 14:45:42.285  4364  4433 E Uploader: Failed to get auth token: User intervention required. Notification has been pushed.
07-22 14:45:42.285  4364  4433 E Uploader: gym: User intervention required. Notification has been pushed.
07-22 14:45:42.285  4364  4433 E Uploader: 	at gxw.b(:com.google.android.gms@19275037@19.2.75 (100400-269183835):7)
07-22 14:45:42.285  4364  4433 E Uploader: 	at qxw.a(:com.google.android.gms@19275037@19.2.75 (100400-269183835):247)
07-22 14:45:42.285  4364  4433 E Uploader: 	at com.google.android.gms.clearcut.uploader.QosUploaderChimeraService.a(:com.google.android.gms@19275037@19.2.75 (100400-269183835):79)
07-22 14:45:42.285  4364  4433 E Uploader: 	at com.google.android.gms.clearcut.uploader.QosUploaderChimeraService.a(:com.google.android.gms@19275037@19.2.75 (100400-269183835):8)
07-22 14:45:42.285  4364  4433 E Uploader: 	at aemg.run(:com.google.android.gms@19275037@19.2.75 (100400-269183835):5)
07-22 14:45:42.285  4364  4433 E Uploader: 	at sjm.b(:com.google.android.gms@19275037@19.2.75 (100400-269183835):33)
07-22 14:45:42.285  4364  4433 E Uploader: 	at sjm.run(:com.google.android.gms@19275037@19.2.75 (100400-269183835):21)
07-22 14:45:42.285  4364  4433 E Uploader: 	at java.util.concurrent.ThreadPoolExecutor.runWorker(ThreadPoolExecutor.java:1167)
07-22 14:45:42.285  4364  4433 E Uploader: 	at java.util.concurrent.ThreadPoolExecutor$Worker.run(ThreadPoolExecutor.java:641)
07-22 14:45:42.285  4364  4433 E Uploader: 	at spf.run(Unknown Source:7)
07-22 14:45:42.285  4364  4433 E Uploader: 	at java.lang.Thread.run(Thread.java:764)
07-22 14:45:42.430  4364  4433 E Auth    : [GoogleAccountDataServiceImpl] getToken() -> BAD_AUTHENTICATION. Account: <ELLIDED:-682645340>, App: com.google.android.gms, Service: oauth2:https://www.googleapis.com/auth/cclog
07-22 14:45:42.430  4364  4433 E Auth    : rkt: Long live credential not available.
07-22 14:45:42.430  4364  4433 E Auth    : 	at hbg.a(:com.google.android.gms@19275037@19.2.75 (100400-269183835):123)
07-22 14:45:42.430  4364  4433 E Auth    : 	at iuq.a(:com.google.android.gms@19275037@19.2.75 (100400-269183835):137)
07-22 14:45:42.430  4364  4433 E Auth    : 	at itt.a(:com.google.android.gms@19275037@19.2.75 (100400-269183835):2)
07-22 14:45:42.430  4364  4433 E Auth    : 	at itr.a(:com.google.android.gms@19275037@19.2.75 (100400-269183835):17)
07-22 14:45:42.430  4364  4433 E Auth    : 	at itr.a(:com.google.android.gms@19275037@19.2.75 (100400-269183835):11)
07-22 14:45:42.430  4364  4433 E Auth    : 	at gxr.a(:com.google.android.gms@19275037@19.2.75 (100400-269183835):44)
07-22 14:45:42.430  4364  4433 E Auth    : 	at gxr.a(:com.google.android.gms@19275037@19.2.75 (100400-269183835):98)
07-22 14:45:42.430  4364  4433 E Auth    : 	at gyb.a(:com.google.android.gms@19275037@19.2.75 (100400-269183835):3)
07-22 14:45:42.430  4364  4433 E Auth    : 	at gxy.a(:com.google.android.gms@19275037@19.2.75 (100400-269183835):3)
07-22 14:45:42.430  4364  4433 E Auth    : 	at gxy.c(:com.google.android.gms@19275037@19.2.75 (100400-269183835):6)
07-22 14:45:42.430  4364  4433 E Auth    : 	at gxw.b(:com.google.android.gms@19275037@19.2.75 (100400-269183835):4)
07-22 14:45:42.430  4364  4433 E Auth    : 	at qxw.a(:com.google.android.gms@19275037@19.2.75 (100400-269183835):247)
07-22 14:45:42.430  4364  4433 E Auth    : 	at com.google.android.gms.clearcut.uploader.QosUploaderChimeraService.a(:com.google.android.gms@19275037@19.2.75 (100400-269183835):79)
07-22 14:45:42.430  4364  4433 E Auth    : 	at com.google.android.gms.clearcut.uploader.QosUploaderChimeraService.a(:com.google.android.gms@19275037@19.2.75 (100400-269183835):8)
07-22 14:45:42.430  4364  4433 E Auth    : 	at aemg.run(:com.google.android.gms@19275037@19.2.75 (100400-269183835):5)
07-22 14:45:42.430  4364  4433 E Auth    : 	at sjm.b(:com.google.android.gms@19275037@19.2.75 (100400-269183835):33)
07-22 14:45:42.430  4364  4433 E Auth    : 	at sjm.run(:com.google.android.gms@19275037@19.2.75 (100400-269183835):21)
07-22 14:45:42.430  4364  4433 E Auth    : 	at java.util.concurrent.ThreadPoolExecutor.runWorker(ThreadPoolExecutor.java:1167)
07-22 14:45:42.430  4364  4433 E Auth    : 	at java.util.concurrent.ThreadPoolExecutor$Worker.run(ThreadPoolExecutor.java:641)
07-22 14:45:42.430  4364  4433 E Auth    : 	at spf.run(Unknown Source:7)
07-22 14:45:42.430  4364  4433 E Auth    : 	at java.lang.Thread.run(Thread.java:764)
07-22 14:45:42.480  4364  4433 E Uploader: Failed to get auth token: User intervention required. Notification has been pushed.
07-22 14:45:42.480  4364  4433 E Uploader: gym: User intervention required. Notification has been pushed.
07-22 14:45:42.480  4364  4433 E Uploader: 	at gxw.b(:com.google.android.gms@19275037@19.2.75 (100400-269183835):7)
07-22 14:45:42.480  4364  4433 E Uploader: 	at qxw.a(:com.google.android.gms@19275037@19.2.75 (100400-269183835):247)
07-22 14:45:42.480  4364  4433 E Uploader: 	at com.google.android.gms.clearcut.uploader.QosUploaderChimeraService.a(:com.google.android.gms@19275037@19.2.75 (100400-269183835):79)
07-22 14:45:42.480  4364  4433 E Uploader: 	at com.google.android.gms.clearcut.uploader.QosUploaderChimeraService.a(:com.google.android.gms@19275037@19.2.75 (100400-269183835):8)
07-22 14:45:42.480  4364  4433 E Uploader: 	at aemg.run(:com.google.android.gms@19275037@19.2.75 (100400-269183835):5)
07-22 14:45:42.480  4364  4433 E Uploader: 	at sjm.b(:com.google.android.gms@19275037@19.2.75 (100400-269183835):33)
07-22 14:45:42.480  4364  4433 E Uploader: 	at sjm.run(:com.google.android.gms@19275037@19.2.75 (100400-269183835):21)
07-22 14:45:42.480  4364  4433 E Uploader: 	at java.util.concurrent.ThreadPoolExecutor.runWorker(ThreadPoolExecutor.java:1167)
07-22 14:45:42.480  4364  4433 E Uploader: 	at java.util.concurrent.ThreadPoolExecutor$Worker.run(ThreadPoolExecutor.java:641)
07-22 14:45:42.480  4364  4433 E Uploader: 	at spf.run(Unknown Source:7)
07-22 14:45:42.480  4364  4433 E Uploader: 	at java.lang.Thread.run(Thread.java:764)
07-22 14:45:42.554  4364  4433 E Auth    : [GoogleAccountDataServiceImpl] getToken() -> BAD_AUTHENTICATION. Account: <ELLIDED:-682645340>, App: com.google.android.gms, Service: oauth2:https://www.googleapis.com/auth/cclog
07-22 14:45:42.554  4364  4433 E Auth    : rkt: Long live credential not available.
07-22 14:45:42.554  4364  4433 E Auth    : 	at hbg.a(:com.google.android.gms@19275037@19.2.75 (100400-269183835):123)
07-22 14:45:42.554  4364  4433 E Auth    : 	at iuq.a(:com.google.android.gms@19275037@19.2.75 (100400-269183835):137)
07-22 14:45:42.554  4364  4433 E Auth    : 	at itt.a(:com.google.android.gms@19275037@19.2.75 (100400-269183835):2)
07-22 14:45:42.554  4364  4433 E Auth    : 	at itr.a(:com.google.android.gms@19275037@19.2.75 (100400-269183835):17)
07-22 14:45:42.554  4364  4433 E Auth    : 	at itr.a(:com.google.android.gms@19275037@19.2.75 (100400-269183835):11)
07-22 14:45:42.554  4364  4433 E Auth    : 	at gxr.a(:com.google.android.gms@19275037@19.2.75 (100400-269183835):44)
07-22 14:45:42.554  4364  4433 E Auth    : 	at gxr.a(:com.google.android.gms@19275037@19.2.75 (100400-269183835):98)
07-22 14:45:42.554  4364  4433 E Auth    : 	at gyb.a(:com.google.android.gms@19275037@19.2.75 (100400-269183835):3)
07-22 14:45:42.554  4364  4433 E Auth    : 	at gxy.a(:com.google.android.gms@19275037@19.2.75 (100400-269183835):3)
07-22 14:45:42.554  4364  4433 E Auth    : 	at gxy.c(:com.google.android.gms@19275037@19.2.75 (100400-269183835):6)
07-22 14:45:42.554  4364  4433 E Auth    : 	at gxw.b(:com.google.android.gms@19275037@19.2.75 (100400-269183835):4)
07-22 14:45:42.554  4364  4433 E Auth    : 	at qxw.a(:com.google.android.gms@19275037@19.2.75 (100400-269183835):247)
07-22 14:45:42.554  4364  4433 E Auth    : 	at com.google.android.gms.clearcut.uploader.QosUploaderChimeraService.a(:com.google.android.gms@19275037@19.2.75 (100400-269183835):79)
07-22 14:45:42.554  4364  4433 E Auth    : 	at com.google.android.gms.clearcut.uploader.QosUploaderChimeraService.a(:com.google.android.gms@19275037@19.2.75 (100400-269183835):8)
07-22 14:45:42.554  4364  4433 E Auth    : 	at aemg.run(:com.google.android.gms@19275037@19.2.75 (100400-269183835):5)
07-22 14:45:42.554  4364  4433 E Auth    : 	at sjm.b(:com.google.android.gms@19275037@19.2.75 (100400-269183835):33)
07-22 14:45:42.554  4364  4433 E Auth    : 	at sjm.run(:com.google.android.gms@19275037@19.2.75 (100400-269183835):21)
07-22 14:45:42.554  4364  4433 E Auth    : 	at java.util.concurrent.ThreadPoolExecutor.runWorker(ThreadPoolExecutor.java:1167)
07-22 14:45:42.554  4364  4433 E Auth    : 	at java.util.concurrent.ThreadPoolExecutor$Worker.run(ThreadPoolExecutor.java:641)
07-22 14:45:42.554  4364  4433 E Auth    : 	at spf.run(Unknown Source:7)
07-22 14:45:42.554  4364  4433 E Auth    : 	at java.lang.Thread.run(Thread.java:764)
07-22 14:45:42.590  4364  4433 E Uploader: Failed to get auth token: User intervention required. Notification has been pushed.
07-22 14:45:42.590  4364  4433 E Uploader: gym: User intervention required. Notification has been pushed.
07-22 14:45:42.590  4364  4433 E Uploader: 	at gxw.b(:com.google.android.gms@19275037@19.2.75 (100400-269183835):7)
07-22 14:45:42.590  4364  4433 E Uploader: 	at qxw.a(:com.google.android.gms@19275037@19.2.75 (100400-269183835):247)
07-22 14:45:42.590  4364  4433 E Uploader: 	at com.google.android.gms.clearcut.uploader.QosUploaderChimeraService.a(:com.google.android.gms@19275037@19.2.75 (100400-269183835):79)
07-22 14:45:42.590  4364  4433 E Uploader: 	at com.google.android.gms.clearcut.uploader.QosUploaderChimeraService.a(:com.google.android.gms@19275037@19.2.75 (100400-269183835):8)
07-22 14:45:42.590  4364  4433 E Uploader: 	at aemg.run(:com.google.android.gms@19275037@19.2.75 (100400-269183835):5)
07-22 14:45:42.590  4364  4433 E Uploader: 	at sjm.b(:com.google.android.gms@19275037@19.2.75 (100400-269183835):33)
07-22 14:45:42.590  4364  4433 E Uploader: 	at sjm.run(:com.google.android.gms@19275037@19.2.75 (100400-269183835):21)
07-22 14:45:42.590  4364  4433 E Uploader: 	at java.util.concurrent.ThreadPoolExecutor.runWorker(ThreadPoolExecutor.java:1167)
07-22 14:45:42.590  4364  4433 E Uploader: 	at java.util.concurrent.ThreadPoolExecutor$Worker.run(ThreadPoolExecutor.java:641)
07-22 14:45:42.590  4364  4433 E Uploader: 	at spf.run(Unknown Source:7)
07-22 14:45:42.590  4364  4433 E Uploader: 	at java.lang.Thread.run(Thread.java:764)
07-22 14:45:42.652  4364  4433 E Auth    : [GoogleAccountDataServiceImpl] getToken() -> BAD_AUTHENTICATION. Account: <ELLIDED:-682645340>, App: com.google.android.gms, Service: oauth2:https://www.googleapis.com/auth/cclog
07-22 14:45:42.652  4364  4433 E Auth    : rkt: Long live credential not available.
07-22 14:45:42.652  4364  4433 E Auth    : 	at hbg.a(:com.google.android.gms@19275037@19.2.75 (100400-269183835):123)
07-22 14:45:42.652  4364  4433 E Auth    : 	at iuq.a(:com.google.android.gms@19275037@19.2.75 (100400-269183835):137)
07-22 14:45:42.652  4364  4433 E Auth    : 	at itt.a(:com.google.android.gms@19275037@19.2.75 (100400-269183835):2)
07-22 14:45:42.652  4364  4433 E Auth    : 	at itr.a(:com.google.android.gms@19275037@19.2.75 (100400-269183835):17)
07-22 14:45:42.652  4364  4433 E Auth    : 	at itr.a(:com.google.android.gms@19275037@19.2.75 (100400-269183835):11)
07-22 14:45:42.652  4364  4433 E Auth    : 	at gxr.a(:com.google.android.gms@19275037@19.2.75 (100400-269183835):44)
07-22 14:45:42.652  4364  4433 E Auth    : 	at gxr.a(:com.google.android.gms@19275037@19.2.75 (100400-269183835):98)
07-22 14:45:42.652  4364  4433 E Auth    : 	at gyb.a(:com.google.android.gms@19275037@19.2.75 (100400-269183835):3)
07-22 14:45:42.652  4364  4433 E Auth    : 	at gxy.a(:com.google.android.gms@19275037@19.2.75 (100400-269183835):3)
07-22 14:45:42.652  4364  4433 E Auth    : 	at gxy.c(:com.google.android.gms@19275037@19.2.75 (100400-269183835):6)
07-22 14:45:42.652  4364  4433 E Auth    : 	at gxw.b(:com.google.android.gms@19275037@19.2.75 (100400-269183835):4)
07-22 14:45:42.652  4364  4433 E Auth    : 	at qxw.a(:com.google.android.gms@19275037@19.2.75 (100400-269183835):247)
07-22 14:45:42.652  4364  4433 E Auth    : 	at com.google.android.gms.clearcut.uploader.QosUploaderChimeraService.a(:com.google.android.gms@19275037@19.2.75 (100400-269183835):79)
07-22 14:45:42.652  4364  4433 E Auth    : 	at com.google.android.gms.clearcut.uploader.QosUploaderChimeraService.a(:com.google.android.gms@19275037@19.2.75 (100400-269183835):8)
07-22 14:45:42.652  4364  4433 E Auth    : 	at aemg.run(:com.google.android.gms@19275037@19.2.75 (100400-269183835):5)
07-22 14:45:42.652  4364  4433 E Auth    : 	at sjm.b(:com.google.android.gms@19275037@19.2.75 (100400-269183835):33)
07-22 14:45:42.652  4364  4433 E Auth    : 	at sjm.run(:com.google.android.gms@19275037@19.2.75 (100400-269183835):21)
07-22 14:45:42.652  4364  4433 E Auth    : 	at java.util.concurrent.ThreadPoolExecutor.runWorker(ThreadPoolExecutor.java:1167)
07-22 14:45:42.652  4364  4433 E Auth    : 	at java.util.concurrent.ThreadPoolExecutor$Worker.run(ThreadPoolExecutor.java:641)
07-22 14:45:42.652  4364  4433 E Auth    : 	at spf.run(Unknown Source:7)
07-22 14:45:42.652  4364  4433 E Auth    : 	at java.lang.Thread.run(Thread.java:764)
07-22 14:45:42.690  4364  4433 E Uploader: Failed to get auth token: User intervention required. Notification has been pushed.
07-22 14:45:42.690  4364  4433 E Uploader: gym: User intervention required. Notification has been pushed.
07-22 14:45:42.690  4364  4433 E Uploader: 	at gxw.b(:com.google.android.gms@19275037@19.2.75 (100400-269183835):7)
07-22 14:45:42.690  4364  4433 E Uploader: 	at qxw.a(:com.google.android.gms@19275037@19.2.75 (100400-269183835):247)
07-22 14:45:42.690  4364  4433 E Uploader: 	at com.google.android.gms.clearcut.uploader.QosUploaderChimeraService.a(:com.google.android.gms@19275037@19.2.75 (100400-269183835):79)
07-22 14:45:42.690  4364  4433 E Uploader: 	at com.google.android.gms.clearcut.uploader.QosUploaderChimeraService.a(:com.google.android.gms@19275037@19.2.75 (100400-269183835):8)
07-22 14:45:42.690  4364  4433 E Uploader: 	at aemg.run(:com.google.android.gms@19275037@19.2.75 (100400-269183835):5)
07-22 14:45:42.690  4364  4433 E Uploader: 	at sjm.b(:com.google.android.gms@19275037@19.2.75 (100400-269183835):33)
07-22 14:45:42.690  4364  4433 E Uploader: 	at sjm.run(:com.google.android.gms@19275037@19.2.75 (100400-269183835):21)
07-22 14:45:42.690  4364  4433 E Uploader: 	at java.util.concurrent.ThreadPoolExecutor.runWorker(ThreadPoolExecutor.java:1167)
07-22 14:45:42.690  4364  4433 E Uploader: 	at java.util.concurrent.ThreadPoolExecutor$Worker.run(ThreadPoolExecutor.java:641)
07-22 14:45:42.690  4364  4433 E Uploader: 	at spf.run(Unknown Source:7)
07-22 14:45:42.690  4364  4433 E Uploader: 	at java.lang.Thread.run(Thread.java:764)
07-22 14:45:42.897  3464  3564 E Netd    : getNetworkForDns: getNetId from enterpriseCtrl is netid 0
07-22 14:45:43.137  3464  3564 E Netd    : getNetworkForDns: getNetId from enterpriseCtrl is netid 0
07-22 14:45:43.603  4364  4433 E Auth    : [GoogleAccountDataServiceImpl] getToken() -> BAD_AUTHENTICATION. Account: <ELLIDED:-682645340>, App: com.google.android.gms, Service: oauth2:https://www.googleapis.com/auth/cclog
07-22 14:45:43.603  4364  4433 E Auth    : rkt: Long live credential not available.
07-22 14:45:43.603  4364  4433 E Auth    : 	at hbg.a(:com.google.android.gms@19275037@19.2.75 (100400-269183835):123)
07-22 14:45:43.603  4364  4433 E Auth    : 	at iuq.a(:com.google.android.gms@19275037@19.2.75 (100400-269183835):137)
07-22 14:45:43.603  4364  4433 E Auth    : 	at itt.a(:com.google.android.gms@19275037@19.2.75 (100400-269183835):2)
07-22 14:45:43.603  4364  4433 E Auth    : 	at itr.a(:com.google.android.gms@19275037@19.2.75 (100400-269183835):17)
07-22 14:45:43.603  4364  4433 E Auth    : 	at itr.a(:com.google.android.gms@19275037@19.2.75 (100400-269183835):11)
07-22 14:45:43.603  4364  4433 E Auth    : 	at gxr.a(:com.google.android.gms@19275037@19.2.75 (100400-269183835):44)
07-22 14:45:43.603  4364  4433 E Auth    : 	at gxr.a(:com.google.android.gms@19275037@19.2.75 (100400-269183835):98)
07-22 14:45:43.603  4364  4433 E Auth    : 	at gyb.a(:com.google.android.gms@19275037@19.2.75 (100400-269183835):3)
07-22 14:45:43.603  4364  4433 E Auth    : 	at gxy.a(:com.google.android.gms@19275037@19.2.75 (100400-269183835):3)
07-22 14:45:43.603  4364  4433 E Auth    : 	at gxy.c(:com.google.android.gms@19275037@19.2.75 (100400-269183835):6)
07-22 14:45:43.603  4364  4433 E Auth    : 	at gxw.b(:com.google.android.gms@19275037@19.2.75 (100400-269183835):4)
07-22 14:45:43.603  4364  4433 E Auth    : 	at qxw.a(:com.google.android.gms@19275037@19.2.75 (100400-269183835):247)
07-22 14:45:43.603  4364  4433 E Auth    : 	at com.google.android.gms.clearcut.uploader.QosUploaderChimeraService.a(:com.google.android.gms@19275037@19.2.75 (100400-269183835):79)
07-22 14:45:43.603  4364  4433 E Auth    : 	at com.google.android.gms.clearcut.uploader.QosUploaderChimeraService.a(:com.google.android.gms@19275037@19.2.75 (100400-269183835):8)
07-22 14:45:43.603  4364  4433 E Auth    : 	at aemg.run(:com.google.android.gms@19275037@19.2.75 (100400-269183835):5)
07-22 14:45:43.603  4364  4433 E Auth    : 	at sjm.b(:com.google.android.gms@19275037@19.2.75 (100400-269183835):33)
07-22 14:45:43.603  4364  4433 E Auth    : 	at sjm.run(:com.google.android.gms@19275037@19.2.75 (100400-269183835):21)
07-22 14:45:43.603  4364  4433 E Auth    : 	at java.util.concurrent.ThreadPoolExecutor.runWorker(ThreadPoolExecutor.java:1167)
07-22 14:45:43.603  4364  4433 E Auth    : 	at java.util.concurrent.ThreadPoolExecutor$Worker.run(ThreadPoolExecutor.java:641)
07-22 14:45:43.603  4364  4433 E Auth    : 	at spf.run(Unknown Source:7)
07-22 14:45:43.603  4364  4433 E Auth    : 	at java.lang.Thread.run(Thread.java:764)
07-22 14:45:43.633  4364  4433 E Uploader: Failed to get auth token: User intervention required. Notification has been pushed.
07-22 14:45:43.633  4364  4433 E Uploader: gym: User intervention required. Notification has been pushed.
07-22 14:45:43.633  4364  4433 E Uploader: 	at gxw.b(:com.google.android.gms@19275037@19.2.75 (100400-269183835):7)
07-22 14:45:43.633  4364  4433 E Uploader: 	at qxw.a(:com.google.android.gms@19275037@19.2.75 (100400-269183835):247)
07-22 14:45:43.633  4364  4433 E Uploader: 	at com.google.android.gms.clearcut.uploader.QosUploaderChimeraService.a(:com.google.android.gms@19275037@19.2.75 (100400-269183835):79)
07-22 14:45:43.633  4364  4433 E Uploader: 	at com.google.android.gms.clearcut.uploader.QosUploaderChimeraService.a(:com.google.android.gms@19275037@19.2.75 (100400-269183835):8)
07-22 14:45:43.633  4364  4433 E Uploader: 	at aemg.run(:com.google.android.gms@19275037@19.2.75 (100400-269183835):5)
07-22 14:45:43.633  4364  4433 E Uploader: 	at sjm.b(:com.google.android.gms@19275037@19.2.75 (100400-269183835):33)
07-22 14:45:43.633  4364  4433 E Uploader: 	at sjm.run(:com.google.android.gms@19275037@19.2.75 (100400-269183835):21)
07-22 14:45:43.633  4364  4433 E Uploader: 	at java.util.concurrent.ThreadPoolExecutor.runWorker(ThreadPoolExecutor.java:1167)
07-22 14:45:43.633  4364  4433 E Uploader: 	at java.util.concurrent.ThreadPoolExecutor$Worker.run(ThreadPoolExecutor.java:641)
07-22 14:45:43.633  4364  4433 E Uploader: 	at spf.run(Unknown Source:7)
07-22 14:45:43.633  4364  4433 E Uploader: 	at java.lang.Thread.run(Thread.java:764)
07-22 14:45:43.711  4364  4433 E Auth    : [GoogleAccountDataServiceImpl] getToken() -> BAD_AUTHENTICATION. Account: <ELLIDED:-682645340>, App: com.google.android.gms, Service: oauth2:https://www.googleapis.com/auth/cclog
07-22 14:45:43.711  4364  4433 E Auth    : rkt: Long live credential not available.
07-22 14:45:43.711  4364  4433 E Auth    : 	at hbg.a(:com.google.android.gms@19275037@19.2.75 (100400-269183835):123)
07-22 14:45:43.711  4364  4433 E Auth    : 	at iuq.a(:com.google.android.gms@19275037@19.2.75 (100400-269183835):137)
07-22 14:45:43.711  4364  4433 E Auth    : 	at itt.a(:com.google.android.gms@19275037@19.2.75 (100400-269183835):2)
07-22 14:45:43.711  4364  4433 E Auth    : 	at itr.a(:com.google.android.gms@19275037@19.2.75 (100400-269183835):17)
07-22 14:45:43.711  4364  4433 E Auth    : 	at itr.a(:com.google.android.gms@19275037@19.2.75 (100400-269183835):11)
07-22 14:45:43.711  4364  4433 E Auth    : 	at gxr.a(:com.google.android.gms@19275037@19.2.75 (100400-269183835):44)
07-22 14:45:43.711  4364  4433 E Auth    : 	at gxr.a(:com.google.android.gms@19275037@19.2.75 (100400-269183835):98)
07-22 14:45:43.711  4364  4433 E Auth    : 	at gyb.a(:com.google.android.gms@19275037@19.2.75 (100400-269183835):3)
07-22 14:45:43.711  4364  4433 E Auth    : 	at gxy.a(:com.google.android.gms@19275037@19.2.75 (100400-269183835):3)
07-22 14:45:43.711  4364  4433 E Auth    : 	at gxy.c(:com.google.android.gms@19275037@19.2.75 (100400-269183835):6)
07-22 14:45:43.711  4364  4433 E Auth    : 	at gxw.b(:com.google.android.gms@19275037@19.2.75 (100400-269183835):4)
07-22 14:45:43.711  4364  4433 E Auth    : 	at qxw.a(:com.google.android.gms@19275037@19.2.75 (100400-269183835):247)
07-22 14:45:43.711  4364  4433 E Auth    : 	at com.google.android.gms.clearcut.uploader.QosUploaderChimeraService.a(:com.google.android.gms@19275037@19.2.75 (100400-269183835):79)
07-22 14:45:43.711  4364  4433 E Auth    : 	at com.google.android.gms.clearcut.uploader.QosUploaderChimeraService.a(:com.google.android.gms@19275037@19.2.75 (100400-269183835):8)
07-22 14:45:43.711  4364  4433 E Auth    : 	at aemg.run(:com.google.android.gms@19275037@19.2.75 (100400-269183835):5)
07-22 14:45:43.711  4364  4433 E Auth    : 	at sjm.b(:com.google.android.gms@19275037@19.2.75 (100400-269183835):33)
07-22 14:45:43.711  4364  4433 E Auth    : 	at sjm.run(:com.google.android.gms@19275037@19.2.75 (100400-269183835):21)
07-22 14:45:43.711  4364  4433 E Auth    : 	at java.util.concurrent.ThreadPoolExecutor.runWorker(ThreadPoolExecutor.java:1167)
07-22 14:45:43.711  4364  4433 E Auth    : 	at java.util.concurrent.ThreadPoolExecutor$Worker.run(ThreadPoolExecutor.java:641)
07-22 14:45:43.711  4364  4433 E Auth    : 	at spf.run(Unknown Source:7)
07-22 14:45:43.711  4364  4433 E Auth    : 	at java.lang.Thread.run(Thread.java:764)
07-22 14:45:43.738  4364  4433 E Uploader: Failed to get auth token: User intervention required. Notification has been pushed.
07-22 14:45:43.738  4364  4433 E Uploader: gym: User intervention required. Notification has been pushed.
07-22 14:45:43.738  4364  4433 E Uploader: 	at gxw.b(:com.google.android.gms@19275037@19.2.75 (100400-269183835):7)
07-22 14:45:43.738  4364  4433 E Uploader: 	at qxw.a(:com.google.android.gms@19275037@19.2.75 (100400-269183835):247)
07-22 14:45:43.738  4364  4433 E Uploader: 	at com.google.android.gms.clearcut.uploader.QosUploaderChimeraService.a(:com.google.android.gms@19275037@19.2.75 (100400-269183835):79)
07-22 14:45:43.738  4364  4433 E Uploader: 	at com.google.android.gms.clearcut.uploader.QosUploaderChimeraService.a(:com.google.android.gms@19275037@19.2.75 (100400-269183835):8)
07-22 14:45:43.738  4364  4433 E Uploader: 	at aemg.run(:com.google.android.gms@19275037@19.2.75 (100400-269183835):5)
07-22 14:45:43.738  4364  4433 E Uploader: 	at sjm.b(:com.google.android.gms@19275037@19.2.75 (100400-269183835):33)
07-22 14:45:43.738  4364  4433 E Uploader: 	at sjm.run(:com.google.android.gms@19275037@19.2.75 (100400-269183835):21)
07-22 14:45:43.738  4364  4433 E Uploader: 	at java.util.concurrent.ThreadPoolExecutor.runWorker(ThreadPoolExecutor.java:1167)
07-22 14:45:43.738  4364  4433 E Uploader: 	at java.util.concurrent.ThreadPoolExecutor$Worker.run(ThreadPoolExecutor.java:641)
07-22 14:45:43.738  4364  4433 E Uploader: 	at spf.run(Unknown Source:7)
07-22 14:45:43.738  4364  4433 E Uploader: 	at java.lang.Thread.run(Thread.java:764)
07-22 14:45:43.796  4364  4433 E Auth    : [GoogleAccountDataServiceImpl] getToken() -> BAD_AUTHENTICATION. Account: <ELLIDED:-682645340>, App: com.google.android.gms, Service: oauth2:https://www.googleapis.com/auth/cclog
07-22 14:45:43.796  4364  4433 E Auth    : rkt: Long live credential not available.
07-22 14:45:43.796  4364  4433 E Auth    : 	at hbg.a(:com.google.android.gms@19275037@19.2.75 (100400-269183835):123)
07-22 14:45:43.796  4364  4433 E Auth    : 	at iuq.a(:com.google.android.gms@19275037@19.2.75 (100400-269183835):137)
07-22 14:45:43.796  4364  4433 E Auth    : 	at itt.a(:com.google.android.gms@19275037@19.2.75 (100400-269183835):2)
07-22 14:45:43.796  4364  4433 E Auth    : 	at itr.a(:com.google.android.gms@19275037@19.2.75 (100400-269183835):17)
07-22 14:45:43.796  4364  4433 E Auth    : 	at itr.a(:com.google.android.gms@19275037@19.2.75 (100400-269183835):11)
07-22 14:45:43.796  4364  4433 E Auth    : 	at gxr.a(:com.google.android.gms@19275037@19.2.75 (100400-269183835):44)
07-22 14:45:43.796  4364  4433 E Auth    : 	at gxr.a(:com.google.android.gms@19275037@19.2.75 (100400-269183835):98)
07-22 14:45:43.796  4364  4433 E Auth    : 	at gyb.a(:com.google.android.gms@19275037@19.2.75 (100400-269183835):3)
07-22 14:45:43.796  4364  4433 E Auth    : 	at gxy.a(:com.google.android.gms@19275037@19.2.75 (100400-269183835):3)
07-22 14:45:43.796  4364  4433 E Auth    : 	at gxy.c(:com.google.android.gms@19275037@19.2.75 (100400-269183835):6)
07-22 14:45:43.796  4364  4433 E Auth    : 	at gxw.b(:com.google.android.gms@19275037@19.2.75 (100400-269183835):4)
07-22 14:45:43.796  4364  4433 E Auth    : 	at qxw.a(:com.google.android.gms@19275037@19.2.75 (100400-269183835):247)
07-22 14:45:43.796  4364  4433 E Auth    : 	at com.google.android.gms.clearcut.uploader.QosUploaderChimeraService.a(:com.google.android.gms@19275037@19.2.75 (100400-269183835):79)
07-22 14:45:43.796  4364  4433 E Auth    : 	at com.google.android.gms.clearcut.uploader.QosUploaderChimeraService.a(:com.google.android.gms@19275037@19.2.75 (100400-269183835):8)
07-22 14:45:43.796  4364  4433 E Auth    : 	at aemg.run(:com.google.android.gms@19275037@19.2.75 (100400-269183835):5)
07-22 14:45:43.796  4364  4433 E Auth    : 	at sjm.b(:com.google.android.gms@19275037@19.2.75 (100400-269183835):33)
07-22 14:45:43.796  4364  4433 E Auth    : 	at sjm.run(:com.google.android.gms@19275037@19.2.75 (100400-269183835):21)
07-22 14:45:43.796  4364  4433 E Auth    : 	at java.util.concurrent.ThreadPoolExecutor.runWorker(ThreadPoolExecutor.java:1167)
07-22 14:45:43.796  4364  4433 E Auth    : 	at java.util.concurrent.ThreadPoolExecutor$Worker.run(ThreadPoolExecutor.java:641)
07-22 14:45:43.796  4364  4433 E Auth    : 	at spf.run(Unknown Source:7)
07-22 14:45:43.796  4364  4433 E Auth    : 	at java.lang.Thread.run(Thread.java:764)
07-22 14:45:43.823  4364  4433 E Uploader: Failed to get auth token: User intervention required. Notification has been pushed.
07-22 14:45:43.823  4364  4433 E Uploader: gym: User intervention required. Notification has been pushed.
07-22 14:45:43.823  4364  4433 E Uploader: 	at gxw.b(:com.google.android.gms@19275037@19.2.75 (100400-269183835):7)
07-22 14:45:43.823  4364  4433 E Uploader: 	at qxw.a(:com.google.android.gms@19275037@19.2.75 (100400-269183835):247)
07-22 14:45:43.823  4364  4433 E Uploader: 	at com.google.android.gms.clearcut.uploader.QosUploaderChimeraService.a(:com.google.android.gms@19275037@19.2.75 (100400-269183835):79)
07-22 14:45:43.823  4364  4433 E Uploader: 	at com.google.android.gms.clearcut.uploader.QosUploaderChimeraService.a(:com.google.android.gms@19275037@19.2.75 (100400-269183835):8)
07-22 14:45:43.823  4364  4433 E Uploader: 	at aemg.run(:com.google.android.gms@19275037@19.2.75 (100400-269183835):5)
07-22 14:45:43.823  4364  4433 E Uploader: 	at sjm.b(:com.google.android.gms@19275037@19.2.75 (100400-269183835):33)
07-22 14:45:43.823  4364  4433 E Uploader: 	at sjm.run(:com.google.android.gms@19275037@19.2.75 (100400-269183835):21)
07-22 14:45:43.823  4364  4433 E Uploader: 	at java.util.concurrent.ThreadPoolExecutor.runWorker(ThreadPoolExecutor.java:1167)
07-22 14:45:43.823  4364  4433 E Uploader: 	at java.util.concurrent.ThreadPoolExecutor$Worker.run(ThreadPoolExecutor.java:641)
07-22 14:45:43.823  4364  4433 E Uploader: 	at spf.run(Unknown Source:7)
07-22 14:45:43.823  4364  4433 E Uploader: 	at java.lang.Thread.run(Thread.java:764)
07-22 14:45:43.867  4364 10908 E Auth    : [GoogleAccountDataServiceImpl] getToken() -> BAD_AUTHENTICATION. Account: <ELLIDED:-682645340>, App: com.google.android.gms, Service: oauth2:https://www.googleapis.com/auth/experimentsandconfigs
07-22 14:45:43.867  4364 10908 E Auth    : rkt: Long live credential not available.
07-22 14:45:43.867  4364 10908 E Auth    : 	at hbg.a(:com.google.android.gms@19275037@19.2.75 (100400-269183835):123)
07-22 14:45:43.867  4364 10908 E Auth    : 	at iuq.a(:com.google.android.gms@19275037@19.2.75 (100400-269183835):137)
07-22 14:45:43.867  4364 10908 E Auth    : 	at itt.a(:com.google.android.gms@19275037@19.2.75 (100400-269183835):2)
07-22 14:45:43.867  4364 10908 E Auth    : 	at itr.a(:com.google.android.gms@19275037@19.2.75 (100400-269183835):17)
07-22 14:45:43.867  4364 10908 E Auth    : 	at itr.a(:com.google.android.gms@19275037@19.2.75 (100400-269183835):11)
07-22 14:45:43.867  4364 10908 E Auth    : 	at gxr.a(:com.google.android.gms@19275037@19.2.75 (100400-269183835):44)
07-22 14:45:43.867  4364 10908 E Auth    : 	at gxr.a(:com.google.android.gms@19275037@19.2.75 (100400-269183835):98)
07-22 14:45:43.867  4364 10908 E Auth    : 	at gyb.a(:com.google.android.gms@19275037@19.2.75 (100400-269183835):3)
07-22 14:45:43.867  4364 10908 E Auth    : 	at gxy.a(:com.google.android.gms@19275037@19.2.75 (100400-269183835):3)
07-22 14:45:43.867  4364 10908 E Auth    : 	at gxy.c(:com.google.android.gms@19275037@19.2.75 (100400-269183835):6)
