07-22 14:45:51.179  4364 16781 E Auth    : 	at gxr.a(:com.google.android.gms@19275037@19.2.75 (100400-269183835):98)
07-22 14:45:51.179  4364 16781 E Auth    : 	at gzx.getAuthToken(:com.google.android.gms@19275037@19.2.75 (100400-269183835):29)
07-22 14:45:51.179  4364 16781 E Auth    : 	at android.accounts.AbstractAccountAuthenticator$Transport.getAuthToken(AbstractAccountAuthenticator.java:247)
07-22 14:45:51.179  4364 16781 E Auth    : 	at android.accounts.IAccountAuthenticator$Stub.onTransact(IAccountAuthenticator.java:114)
07-22 14:45:51.179  4364 16781 E Auth    : 	at android.os.Binder.transact(Binder.java:675)
07-22 14:45:51.179  4364 16781 E Auth    : 	at dyk.onTransact(:com.google.android.gms@19275037@19.2.75 (100400-269183835):3)
07-22 14:45:51.179  4364 16781 E Auth    : 	at android.os.Binder.transact(Binder.java:675)
07-22 14:45:51.179  4364 16781 E Auth    : 	at zxr.onTransact(:com.google.android.gms@19275037@19.2.75 (100400-269183835):19)
07-22 14:45:51.179  4364 16781 E Auth    : 	at android.os.Binder.execTransact(Binder.java:739)
07-22 14:45:51.212 11083 11083 E Finsky  : [2] shw.a(5): Error pinging server for rich user notification.
07-22 14:45:51.225  4364 16781 E Auth    : [GoogleAccountDataServiceImpl] getToken() -> BAD_AUTHENTICATION. Account: <ELLIDED:-682645340>, App: com.android.vending, Service: oauth2:https://www.googleapis.com/auth/googleplay
07-22 14:45:51.225  4364 16781 E Auth    : rkt: Long live credential not available.
07-22 14:45:51.225  4364 16781 E Auth    : 	at hbg.a(:com.google.android.gms@19275037@19.2.75 (100400-269183835):123)
07-22 14:45:51.225  4364 16781 E Auth    : 	at iuq.a(:com.google.android.gms@19275037@19.2.75 (100400-269183835):137)
07-22 14:45:51.225  4364 16781 E Auth    : 	at itt.a(:com.google.android.gms@19275037@19.2.75 (100400-269183835):2)
07-22 14:45:51.225  4364 16781 E Auth    : 	at itr.a(:com.google.android.gms@19275037@19.2.75 (100400-269183835):17)
07-22 14:45:51.225  4364 16781 E Auth    : 	at itr.a(:com.google.android.gms@19275037@19.2.75 (100400-269183835):11)
07-22 14:45:51.225  4364 16781 E Auth    : 	at gxr.a(:com.google.android.gms@19275037@19.2.75 (100400-269183835):44)
07-22 14:45:51.225  4364 16781 E Auth    : 	at gxr.a(:com.google.android.gms@19275037@19.2.75 (100400-269183835):98)
07-22 14:45:51.225  4364 16781 E Auth    : 	at gzx.getAuthToken(:com.google.android.gms@19275037@19.2.75 (100400-269183835):29)
07-22 14:45:51.225  4364 16781 E Auth    : 	at android.accounts.AbstractAccountAuthenticator$Transport.getAuthToken(AbstractAccountAuthenticator.java:247)
07-22 14:45:51.225  4364 16781 E Auth    : 	at android.accounts.IAccountAuthenticator$Stub.onTransact(IAccountAuthenticator.java:114)
07-22 14:45:51.225  4364 16781 E Auth    : 	at android.os.Binder.transact(Binder.java:675)
07-22 14:45:51.225  4364 16781 E Auth    : 	at dyk.onTransact(:com.google.android.gms@19275037@19.2.75 (100400-269183835):3)
07-22 14:45:51.225  4364 16781 E Auth    : 	at android.os.Binder.transact(Binder.java:675)
07-22 14:45:51.225  4364 16781 E Auth    : 	at zxr.onTransact(:com.google.android.gms@19275037@19.2.75 (100400-269183835):19)
07-22 14:45:51.225  4364 16781 E Auth    : 	at android.os.Binder.execTransact(Binder.java:739)
07-22 14:45:51.258 11083 11083 E Finsky  : [2] jjw.a(10): Error acking notifications [[CQ-kqdJj3MFh, Cd22lzoXBehv, CX0jS9ImwseU, CZslU-VhJSud, CVnSCORIzO2r, CV7nRpm851ut, Cb0dZlcu13K5, CSPlJel9WfK6, CVT039Ld0cO-, CX3uf2BIKV7S]]
07-22 14:45:51.269  4364 16781 E Auth    : [GoogleAccountDataServiceImpl] getToken() -> BAD_AUTHENTICATION. Account: <ELLIDED:-682645340>, App: com.android.vending, Service: oauth2:https://www.googleapis.com/auth/googleplay
07-22 14:45:51.269  4364 16781 E Auth    : rkt: Long live credential not available.
07-22 14:45:51.269  4364 16781 E Auth    : 	at hbg.a(:com.google.android.gms@19275037@19.2.75 (100400-269183835):123)
07-22 14:45:51.269  4364 16781 E Auth    : 	at iuq.a(:com.google.android.gms@19275037@19.2.75 (100400-269183835):137)
07-22 14:45:51.269  4364 16781 E Auth    : 	at itt.a(:com.google.android.gms@19275037@19.2.75 (100400-269183835):2)
07-22 14:45:51.269  4364 16781 E Auth    : 	at itr.a(:com.google.android.gms@19275037@19.2.75 (100400-269183835):17)
07-22 14:45:51.269  4364 16781 E Auth    : 	at itr.a(:com.google.android.gms@19275037@19.2.75 (100400-269183835):11)
07-22 14:45:51.269  4364 16781 E Auth    : 	at gxr.a(:com.google.android.gms@19275037@19.2.75 (100400-269183835):44)
07-22 14:45:51.269  4364 16781 E Auth    : 	at gxr.a(:com.google.android.gms@19275037@19.2.75 (100400-269183835):98)
07-22 14:45:51.269  4364 16781 E Auth    : 	at gzx.getAuthToken(:com.google.android.gms@19275037@19.2.75 (100400-269183835):29)
07-22 14:45:51.269  4364 16781 E Auth    : 	at android.accounts.AbstractAccountAuthenticator$Transport.getAuthToken(AbstractAccountAuthenticator.java:247)
07-22 14:45:51.269  4364 16781 E Auth    : 	at android.accounts.IAccountAuthenticator$Stub.onTransact(IAccountAuthenticator.java:114)
07-22 14:45:51.269  4364 16781 E Auth    : 	at android.os.Binder.transact(Binder.java:675)
07-22 14:45:51.269  4364 16781 E Auth    : 	at dyk.onTransact(:com.google.android.gms@19275037@19.2.75 (100400-269183835):3)
07-22 14:45:51.269  4364 16781 E Auth    : 	at android.os.Binder.transact(Binder.java:675)
07-22 14:45:51.269  4364 16781 E Auth    : 	at zxr.onTransact(:com.google.android.gms@19275037@19.2.75 (100400-269183835):19)
07-22 14:45:51.269  4364 16781 E Auth    : 	at android.os.Binder.execTransact(Binder.java:739)
07-22 14:45:51.301 11083 11083 E Finsky  : [2] shw.a(5): Error pinging server for rich user notification.
07-22 14:45:51.313  4364 16781 E Auth    : [GoogleAccountDataServiceImpl] getToken() -> BAD_AUTHENTICATION. Account: <ELLIDED:-682645340>, App: com.android.vending, Service: oauth2:https://www.googleapis.com/auth/googleplay
07-22 14:45:51.313  4364 16781 E Auth    : rkt: Long live credential not available.
07-22 14:45:51.313  4364 16781 E Auth    : 	at hbg.a(:com.google.android.gms@19275037@19.2.75 (100400-269183835):123)
07-22 14:45:51.313  4364 16781 E Auth    : 	at iuq.a(:com.google.android.gms@19275037@19.2.75 (100400-269183835):137)
07-22 14:45:51.313  4364 16781 E Auth    : 	at itt.a(:com.google.android.gms@19275037@19.2.75 (100400-269183835):2)
07-22 14:45:51.313  4364 16781 E Auth    : 	at itr.a(:com.google.android.gms@19275037@19.2.75 (100400-269183835):17)
07-22 14:45:51.313  4364 16781 E Auth    : 	at itr.a(:com.google.android.gms@19275037@19.2.75 (100400-269183835):11)
07-22 14:45:51.313  4364 16781 E Auth    : 	at gxr.a(:com.google.android.gms@19275037@19.2.75 (100400-269183835):44)
07-22 14:45:51.313  4364 16781 E Auth    : 	at gxr.a(:com.google.android.gms@19275037@19.2.75 (100400-269183835):98)
07-22 14:45:51.313  4364 16781 E Auth    : 	at gzx.getAuthToken(:com.google.android.gms@19275037@19.2.75 (100400-269183835):29)
07-22 14:45:51.313  4364 16781 E Auth    : 	at android.accounts.AbstractAccountAuthenticator$Transport.getAuthToken(AbstractAccountAuthenticator.java:247)
07-22 14:45:51.313  4364 16781 E Auth    : 	at android.accounts.IAccountAuthenticator$Stub.onTransact(IAccountAuthenticator.java:114)
07-22 14:45:51.313  4364 16781 E Auth    : 	at android.os.Binder.transact(Binder.java:675)
07-22 14:45:51.313  4364 16781 E Auth    : 	at dyk.onTransact(:com.google.android.gms@19275037@19.2.75 (100400-269183835):3)
07-22 14:45:51.313  4364 16781 E Auth    : 	at android.os.Binder.transact(Binder.java:675)
07-22 14:45:51.313  4364 16781 E Auth    : 	at zxr.onTransact(:com.google.android.gms@19275037@19.2.75 (100400-269183835):19)
07-22 14:45:51.313  4364 16781 E Auth    : 	at android.os.Binder.execTransact(Binder.java:739)
07-22 14:45:51.348 11083 11083 E Finsky  : [2] jjw.a(10): Error acking notifications [[Cd22lzoXBehv, CX0jS9ImwseU, CZslU-VhJSud, CVnSCORIzO2r, CV7nRpm851ut, Cb0dZlcu13K5, CSPlJel9WfK6, CVT039Ld0cO-, CX3uf2BIKV7S, CdiaXi_lI_Ho]]
07-22 14:45:51.360  4364 16781 E Auth    : [GoogleAccountDataServiceImpl] getToken() -> BAD_AUTHENTICATION. Account: <ELLIDED:-682645340>, App: com.android.vending, Service: oauth2:https://www.googleapis.com/auth/googleplay
07-22 14:45:51.360  4364 16781 E Auth    : rkt: Long live credential not available.
07-22 14:45:51.360  4364 16781 E Auth    : 	at hbg.a(:com.google.android.gms@19275037@19.2.75 (100400-269183835):123)
07-22 14:45:51.360  4364 16781 E Auth    : 	at iuq.a(:com.google.android.gms@19275037@19.2.75 (100400-269183835):137)
07-22 14:45:51.360  4364 16781 E Auth    : 	at itt.a(:com.google.android.gms@19275037@19.2.75 (100400-269183835):2)
07-22 14:45:51.360  4364 16781 E Auth    : 	at itr.a(:com.google.android.gms@19275037@19.2.75 (100400-269183835):17)
07-22 14:45:51.360  4364 16781 E Auth    : 	at itr.a(:com.google.android.gms@19275037@19.2.75 (100400-269183835):11)
07-22 14:45:51.360  4364 16781 E Auth    : 	at gxr.a(:com.google.android.gms@19275037@19.2.75 (100400-269183835):44)
07-22 14:45:51.360  4364 16781 E Auth    : 	at gxr.a(:com.google.android.gms@19275037@19.2.75 (100400-269183835):98)
07-22 14:45:51.360  4364 16781 E Auth    : 	at gzx.getAuthToken(:com.google.android.gms@19275037@19.2.75 (100400-269183835):29)
07-22 14:45:51.360  4364 16781 E Auth    : 	at android.accounts.AbstractAccountAuthenticator$Transport.getAuthToken(AbstractAccountAuthenticator.java:247)
07-22 14:45:51.360  4364 16781 E Auth    : 	at android.accounts.IAccountAuthenticator$Stub.onTransact(IAccountAuthenticator.java:114)
07-22 14:45:51.360  4364 16781 E Auth    : 	at android.os.Binder.transact(Binder.java:675)
07-22 14:45:51.360  4364 16781 E Auth    : 	at dyk.onTransact(:com.google.android.gms@19275037@19.2.75 (100400-269183835):3)
07-22 14:45:51.360  4364 16781 E Auth    : 	at android.os.Binder.transact(Binder.java:675)
07-22 14:45:51.360  4364 16781 E Auth    : 	at zxr.onTransact(:com.google.android.gms@19275037@19.2.75 (100400-269183835):19)
07-22 14:45:51.360  4364 16781 E Auth    : 	at android.os.Binder.execTransact(Binder.java:739)
07-22 14:45:51.401  4364 16781 E Auth    : [GoogleAccountDataServiceImpl] getToken() -> BAD_AUTHENTICATION. Account: <ELLIDED:-682645340>, App: com.android.vending, Service: oauth2:https://www.googleapis.com/auth/googleplay
07-22 14:45:51.401  4364 16781 E Auth    : rkt: Long live credential not available.
07-22 14:45:51.401  4364 16781 E Auth    : 	at hbg.a(:com.google.android.gms@19275037@19.2.75 (100400-269183835):123)
07-22 14:45:51.401  4364 16781 E Auth    : 	at iuq.a(:com.google.android.gms@19275037@19.2.75 (100400-269183835):137)
07-22 14:45:51.401  4364 16781 E Auth    : 	at itt.a(:com.google.android.gms@19275037@19.2.75 (100400-269183835):2)
07-22 14:45:51.401  4364 16781 E Auth    : 	at itr.a(:com.google.android.gms@19275037@19.2.75 (100400-269183835):17)
07-22 14:45:51.401  4364 16781 E Auth    : 	at itr.a(:com.google.android.gms@19275037@19.2.75 (100400-269183835):11)
07-22 14:45:51.401  4364 16781 E Auth    : 	at gxr.a(:com.google.android.gms@19275037@19.2.75 (100400-269183835):44)
07-22 14:45:51.401  4364 16781 E Auth    : 	at gxr.a(:com.google.android.gms@19275037@19.2.75 (100400-269183835):98)
07-22 14:45:51.401  4364 16781 E Auth    : 	at gzx.getAuthToken(:com.google.android.gms@19275037@19.2.75 (100400-269183835):29)
07-22 14:45:51.401  4364 16781 E Auth    : 	at android.accounts.AbstractAccountAuthenticator$Transport.getAuthToken(AbstractAccountAuthenticator.java:247)
07-22 14:45:51.401  4364 16781 E Auth    : 	at android.accounts.IAccountAuthenticator$Stub.onTransact(IAccountAuthenticator.java:114)
07-22 14:45:51.401  4364 16781 E Auth    : 	at android.os.Binder.transact(Binder.java:675)
07-22 14:45:51.401  4364 16781 E Auth    : 	at dyk.onTransact(:com.google.android.gms@19275037@19.2.75 (100400-269183835):3)
07-22 14:45:51.401  4364 16781 E Auth    : 	at android.os.Binder.transact(Binder.java:675)
07-22 14:45:51.401  4364 16781 E Auth    : 	at zxr.onTransact(:com.google.android.gms@19275037@19.2.75 (100400-269183835):19)
07-22 14:45:51.401  4364 16781 E Auth    : 	at android.os.Binder.execTransact(Binder.java:739)
07-22 14:45:51.431 11083 11083 E Finsky  : [2] jjw.a(10): Error acking notifications [[CQ-kqdJj3MFh, Cd22lzoXBehv, CX0jS9ImwseU, CZslU-VhJSud, CVnSCORIzO2r, CV7nRpm851ut, Cb0dZlcu13K5, CSPlJel9WfK6, CVT039Ld0cO-, CX3uf2BIKV7S]]
07-22 14:45:51.441  4364 16781 E Auth    : [GoogleAccountDataServiceImpl] getToken() -> BAD_AUTHENTICATION. Account: <ELLIDED:-682645340>, App: com.android.vending, Service: oauth2:https://www.googleapis.com/auth/googleplay
07-22 14:45:51.441  4364 16781 E Auth    : rkt: Long live credential not available.
07-22 14:45:51.441  4364 16781 E Auth    : 	at hbg.a(:com.google.android.gms@19275037@19.2.75 (100400-269183835):123)
07-22 14:45:51.441  4364 16781 E Auth    : 	at iuq.a(:com.google.android.gms@19275037@19.2.75 (100400-269183835):137)
07-22 14:45:51.441  4364 16781 E Auth    : 	at itt.a(:com.google.android.gms@19275037@19.2.75 (100400-269183835):2)
07-22 14:45:51.441  4364 16781 E Auth    : 	at itr.a(:com.google.android.gms@19275037@19.2.75 (100400-269183835):17)
07-22 14:45:51.441  4364 16781 E Auth    : 	at itr.a(:com.google.android.gms@19275037@19.2.75 (100400-269183835):11)
07-22 14:45:51.441  4364 16781 E Auth    : 	at gxr.a(:com.google.android.gms@19275037@19.2.75 (100400-269183835):44)
07-22 14:45:51.441  4364 16781 E Auth    : 	at gxr.a(:com.google.android.gms@19275037@19.2.75 (100400-269183835):98)
07-22 14:45:51.441  4364 16781 E Auth    : 	at gzx.getAuthToken(:com.google.android.gms@19275037@19.2.75 (100400-269183835):29)
07-22 14:45:51.441  4364 16781 E Auth    : 	at android.accounts.AbstractAccountAuthenticator$Transport.getAuthToken(AbstractAccountAuthenticator.java:247)
07-22 14:45:51.441  4364 16781 E Auth    : 	at android.accounts.IAccountAuthenticator$Stub.onTransact(IAccountAuthenticator.java:114)
07-22 14:45:51.441  4364 16781 E Auth    : 	at android.os.Binder.transact(Binder.java:675)
07-22 14:45:51.441  4364 16781 E Auth    : 	at dyk.onTransact(:com.google.android.gms@19275037@19.2.75 (100400-269183835):3)
07-22 14:45:51.441  4364 16781 E Auth    : 	at android.os.Binder.transact(Binder.java:675)
07-22 14:45:51.441  4364 16781 E Auth    : 	at zxr.onTransact(:com.google.android.gms@19275037@19.2.75 (100400-269183835):19)
07-22 14:45:51.441  4364 16781 E Auth    : 	at android.os.Binder.execTransact(Binder.java:739)
07-22 14:45:51.484  4364 16781 E Auth    : [GoogleAccountDataServiceImpl] getToken() -> BAD_AUTHENTICATION. Account: <ELLIDED:-682645340>, App: com.android.vending, Service: oauth2:https://www.googleapis.com/auth/googleplay
07-22 14:45:51.484  4364 16781 E Auth    : rkt: Long live credential not available.
07-22 14:45:51.484  4364 16781 E Auth    : 	at hbg.a(:com.google.android.gms@19275037@19.2.75 (100400-269183835):123)
07-22 14:45:51.484  4364 16781 E Auth    : 	at iuq.a(:com.google.android.gms@19275037@19.2.75 (100400-269183835):137)
07-22 14:45:51.484  4364 16781 E Auth    : 	at itt.a(:com.google.android.gms@19275037@19.2.75 (100400-269183835):2)
07-22 14:45:51.484  4364 16781 E Auth    : 	at itr.a(:com.google.android.gms@19275037@19.2.75 (100400-269183835):17)
07-22 14:45:51.484  4364 16781 E Auth    : 	at itr.a(:com.google.android.gms@19275037@19.2.75 (100400-269183835):11)
07-22 14:45:51.484  4364 16781 E Auth    : 	at gxr.a(:com.google.android.gms@19275037@19.2.75 (100400-269183835):44)
07-22 14:45:51.484  4364 16781 E Auth    : 	at gxr.a(:com.google.android.gms@19275037@19.2.75 (100400-269183835):98)
07-22 14:45:51.484  4364 16781 E Auth    : 	at gzx.getAuthToken(:com.google.android.gms@19275037@19.2.75 (100400-269183835):29)
07-22 14:45:51.484  4364 16781 E Auth    : 	at android.accounts.AbstractAccountAuthenticator$Transport.getAuthToken(AbstractAccountAuthenticator.java:247)
07-22 14:45:51.484  4364 16781 E Auth    : 	at android.accounts.IAccountAuthenticator$Stub.onTransact(IAccountAuthenticator.java:114)
07-22 14:45:51.484  4364 16781 E Auth    : 	at android.os.Binder.transact(Binder.java:675)
07-22 14:45:51.484  4364 16781 E Auth    : 	at dyk.onTransact(:com.google.android.gms@19275037@19.2.75 (100400-269183835):3)
07-22 14:45:51.484  4364 16781 E Auth    : 	at android.os.Binder.transact(Binder.java:675)
07-22 14:45:51.484  4364 16781 E Auth    : 	at zxr.onTransact(:com.google.android.gms@19275037@19.2.75 (100400-269183835):19)
07-22 14:45:51.484  4364 16781 E Auth    : 	at android.os.Binder.execTransact(Binder.java:739)
07-22 14:45:51.516 11083 11083 E Finsky  : [2] jjw.a(10): Error acking notifications [[Cd22lzoXBehv, CX0jS9ImwseU, CZslU-VhJSud, CVnSCORIzO2r, CV7nRpm851ut, Cb0dZlcu13K5, CSPlJel9WfK6, CVT039Ld0cO-, CX3uf2BIKV7S, CdiaXi_lI_Ho]]
07-22 14:45:51.528  4364 16781 E Auth    : [GoogleAccountDataServiceImpl] getToken() -> BAD_AUTHENTICATION. Account: <ELLIDED:-682645340>, App: com.android.vending, Service: oauth2:https://www.googleapis.com/auth/googleplay
07-22 14:45:51.528  4364 16781 E Auth    : rkt: Long live credential not available.
07-22 14:45:51.528  4364 16781 E Auth    : 	at hbg.a(:com.google.android.gms@19275037@19.2.75 (100400-269183835):123)
07-22 14:45:51.528  4364 16781 E Auth    : 	at iuq.a(:com.google.android.gms@19275037@19.2.75 (100400-269183835):137)
07-22 14:45:51.528  4364 16781 E Auth    : 	at itt.a(:com.google.android.gms@19275037@19.2.75 (100400-269183835):2)
07-22 14:45:51.528  4364 16781 E Auth    : 	at itr.a(:com.google.android.gms@19275037@19.2.75 (100400-269183835):17)
07-22 14:45:51.528  4364 16781 E Auth    : 	at itr.a(:com.google.android.gms@19275037@19.2.75 (100400-269183835):11)
07-22 14:45:51.528  4364 16781 E Auth    : 	at gxr.a(:com.google.android.gms@19275037@19.2.75 (100400-269183835):44)
07-22 14:45:51.528  4364 16781 E Auth    : 	at gxr.a(:com.google.android.gms@19275037@19.2.75 (100400-269183835):98)
07-22 14:45:51.528  4364 16781 E Auth    : 	at gzx.getAuthToken(:com.google.android.gms@19275037@19.2.75 (100400-269183835):29)
07-22 14:45:51.528  4364 16781 E Auth    : 	at android.accounts.AbstractAccountAuthenticator$Transport.getAuthToken(AbstractAccountAuthenticator.java:247)
07-22 14:45:51.528  4364 16781 E Auth    : 	at android.accounts.IAccountAuthenticator$Stub.onTransact(IAccountAuthenticator.java:114)
07-22 14:45:51.528  4364 16781 E Auth    : 	at android.os.Binder.transact(Binder.java:675)
07-22 14:45:51.528  4364 16781 E Auth    : 	at dyk.onTransact(:com.google.android.gms@19275037@19.2.75 (100400-269183835):3)
07-22 14:45:51.528  4364 16781 E Auth    : 	at android.os.Binder.transact(Binder.java:675)
07-22 14:45:51.528  4364 16781 E Auth    : 	at zxr.onTransact(:com.google.android.gms@19275037@19.2.75 (100400-269183835):19)
07-22 14:45:51.528  4364 16781 E Auth    : 	at android.os.Binder.execTransact(Binder.java:739)
07-22 14:45:51.560 11083 11083 E Finsky  : [2] jjw.a(10): Error acking notifications [[CQ-kqdJj3MFh, Cd22lzoXBehv, CX0jS9ImwseU, CZslU-VhJSud, CVnSCORIzO2r, CV7nRpm851ut, Cb0dZlcu13K5, CSPlJel9WfK6, CVT039Ld0cO-, CX3uf2BIKV7S]]
07-22 14:45:51.601  4364 16781 E Auth    : [GoogleAccountDataServiceImpl] getToken() -> BAD_AUTHENTICATION. Account: <ELLIDED:-682645340>, App: com.android.vending, Service: oauth2:https://www.googleapis.com/auth/googleplay
07-22 14:45:51.601  4364 16781 E Auth    : rkt: Long live credential not available.
07-22 14:45:51.601  4364 16781 E Auth    : 	at hbg.a(:com.google.android.gms@19275037@19.2.75 (100400-269183835):123)
07-22 14:45:51.601  4364 16781 E Auth    : 	at iuq.a(:com.google.android.gms@19275037@19.2.75 (100400-269183835):137)
07-22 14:45:51.601  4364 16781 E Auth    : 	at itt.a(:com.google.android.gms@19275037@19.2.75 (100400-269183835):2)
07-22 14:45:51.601  4364 16781 E Auth    : 	at itr.a(:com.google.android.gms@19275037@19.2.75 (100400-269183835):17)
07-22 14:45:51.601  4364 16781 E Auth    : 	at itr.a(:com.google.android.gms@19275037@19.2.75 (100400-269183835):11)
07-22 14:45:51.601  4364 16781 E Auth    : 	at gxr.a(:com.google.android.gms@19275037@19.2.75 (100400-269183835):44)
07-22 14:45:51.601  4364 16781 E Auth    : 	at gxr.a(:com.google.android.gms@19275037@19.2.75 (100400-269183835):98)
07-22 14:45:51.601  4364 16781 E Auth    : 	at gzx.getAuthToken(:com.google.android.gms@19275037@19.2.75 (100400-269183835):29)
07-22 14:45:51.601  4364 16781 E Auth    : 	at android.accounts.AbstractAccountAuthenticator$Transport.getAuthToken(AbstractAccountAuthenticator.java:247)
07-22 14:45:51.601  4364 16781 E Auth    : 	at android.accounts.IAccountAuthenticator$Stub.onTransact(IAccountAuthenticator.java:114)
07-22 14:45:51.601  4364 16781 E Auth    : 	at android.os.Binder.transact(Binder.java:675)
07-22 14:45:51.601  4364 16781 E Auth    : 	at dyk.onTransact(:com.google.android.gms@19275037@19.2.75 (100400-269183835):3)
07-22 14:45:51.601  4364 16781 E Auth    : 	at android.os.Binder.transact(Binder.java:675)
07-22 14:45:51.601  4364 16781 E Auth    : 	at zxr.onTransact(:com.google.android.gms@19275037@19.2.75 (100400-269183835):19)
07-22 14:45:51.601  4364 16781 E Auth    : 	at android.os.Binder.execTransact(Binder.java:739)
07-22 14:45:51.635 11083 11083 E Finsky  : [2] jjw.a(10): Error acking notifications [[CQ-kqdJj3MFh, Cd22lzoXBehv, CX0jS9ImwseU, CZslU-VhJSud, CVnSCORIzO2r, CV7nRpm851ut, Cb0dZlcu13K5, CSPlJel9WfK6, CVT039Ld0cO-, CX3uf2BIKV7S]]
07-22 14:46:03.393  3464  3570 E IptablesRestoreController: [iptables debug]iptables-restore execute *filter
07-22 14:46:03.393  3464  3570 E IptablesRestoreController: :fw_dozable -
07-22 14:46:03.393  3464  3570 E IptablesRestoreController: -A fw_dozable -m owner --uid-owner 1000 -j RETURN
07-22 14:46:03.393  3464  3570 E IptablesRestoreController: -A fw_dozable -m owner --uid-owner 1001 -j RETURN
07-22 14:46:03.393  3464  3570 E IptablesRestoreController: -A fw_dozable -m owner --uid-owner 1027 -j RETURN
07-22 14:46:03.393  3464  3570 E IptablesRestoreController: -A fw_dozable -m owner --uid-owner 1068 -j RETURN
07-22 14:46:03.393  3464  3570 E IptablesRestoreController: -A fw_dozable -m owner --uid-owner 1201 -j RETURN
07-22 14:46:03.393  3464  3570 E IptablesRestoreController: -A fw_dozable -m owner --uid-owner 1203 -j RETURN
07-22 14:46:03.393  3464  3570 E IptablesRestoreController: -A fw_dozable -m owner --uid-owner 2000 -j RETURN
07-22 14:46:03.393  3464  3570 E IptablesRestoreController: -A fw_dozable -m owner --uid-owner 5003 -j RETURN
07-22 14:46:03.393  3464  3570 E IptablesRestoreController: -A fw_dozable -m owner --uid-owner 5004 -j RETURN
07-22 14:46:03.393  3464  3570 E IptablesRestoreController: -A fw_dozable -m owner --uid-owner 5006 -j RETURN
07-22 14:46:03.393  3464  3570 E IptablesRestoreController: -A fw_dozable -m owner --uid-owner 5010 -j RETURN
07-22 14:46:03.393  3464  3570 E IptablesRestoreController: -A fw_dozable -m owner --uid-owner 5012 -j RETURN
07-22 14:46:03.393  3464  3570 E IptablesRestoreController: -A fw_dozable -m owner --uid-owner 5013 -j RETURN
07-22 14:46:03.393  3464  3570 E IptablesRestoreController: -A fw_dozable -m owner --uid-owner 5017 -j RETURN
07-22 14:46:03.393  3464  3570 E IptablesRestoreController: -A fw_dozable -m owner --uid-owner 5018 -j RETURN
07-22 14:46:03.393  3464  3570 E IptablesRestoreController: -A fw_dozable -m owner --uid-owner 10010 -j RETURN
07-22 14:46:03.393  3464  3570 E IptablesRestoreController: -A fw_dozable -m owner --uid-owner 10011 -j RETURN
07-22 14:46:03.393  3464  3570 E IptablesRestoreController: -A fw_dozable -m owner --uid-owner 10012 -j RETURN
07-22 14:46:03.393  3464  3570 E IptablesRestoreController: -A fw_dozable -m owner --uid-owner 10014 -j RETURN
07-22 14:46:03.393  3464  3570 E IptablesRestoreController: -A fw_
07-22 14:46:03.402  4364  4364 E rs$DefaultThreadFactory: ===== Detect pool-thread leak =====
07-22 14:46:03.403  4364  4364 E rs$DefaultThreadFactory: dalvik.system.VMStack.getThreadStackTrace(Native Method)
07-22 14:46:03.403  4364  4364 E rs$DefaultThreadFactory: java.lang.Thread.getStackTrace(Thread.java:1538)
07-22 14:46:03.403  4364  4364 E rs$DefaultThreadFactory: java.util.concurrent.Executors$DefaultThreadFactory.newThread(Executors.java:569)
07-22 14:46:03.403  4364  4364 E rs$DefaultThreadFactory: spg.newThread(Unknown Source:9)
07-22 14:46:03.403  4364  4364 E rs$DefaultThreadFactory: java.util.concurrent.ThreadPoolExecutor$Worker.<init>(ThreadPoolExecutor.java:636)
07-22 14:46:03.403  4364  4364 E rs$DefaultThreadFactory: java.util.concurrent.ThreadPoolExecutor.addWorker(ThreadPoolExecutor.java:950)
07-22 14:46:03.403  4364  4364 E rs$DefaultThreadFactory: java.util.concurrent.ThreadPoolExecutor.execute(ThreadPoolExecutor.java:1393)
07-22 14:46:03.403  4364  4364 E rs$DefaultThreadFactory: sjn.a(:com.google.android.gms@19275037@19.2.75 (100400-269183835):14)
07-22 14:46:03.403  4364  4364 E rs$DefaultThreadFactory: sjn.execute(:com.google.android.gms@19275037@19.2.75 (100400-269183835):2)
07-22 14:46:03.404  4364  4364 E rs$DefaultThreadFactory: aagw.b(:com.google.android.gms@19275037@19.2.75 (100400-269183835):3)
07-22 14:46:03.404  4364  4364 E rs$DefaultThreadFactory: com.google.android.gms.scheduler.SchedulerDozeChangeReceiver.a(:com.google.android.gms@19275037@19.2.75 (100400-269183835):3)
07-22 14:46:03.404  4364  4364 E rs$DefaultThreadFactory: zxw.onReceive(:com.google.android.gms@19275037@19.2.75 (100400-269183835):1)
07-22 14:46:03.404  4364  4364 E rs$DefaultThreadFactory: android.app.LoadedApk$ReceiverDispatcher$Args.lambda$getRunnable$0(LoadedApk.java:1483)
07-22 14:46:03.404  4364  4364 E rs$DefaultThreadFactory: android.app.-$$Lambda$LoadedApk$ReceiverDispatcher$Args$_BumDX2UKsnxLVrE6UJsJZkotuA.run(Unknown Source:2)
07-22 14:46:03.404  4364  4364 E rs$DefaultThreadFactory: android.os.Handler.handleCallback(Handler.java:873)
07-22 14:46:03.404  4364  4364 E rs$DefaultThreadFactory: android.os.Handler.dispatchMessage(Handler.java:99)
07-22 14:46:03.404  4364  4364 E rs$DefaultThreadFactory: android.os.Looper.loop(Looper.java:214)
07-22 14:46:03.404  4364  4364 E rs$DefaultThreadFactory: android.app.ActivityThread.main(ActivityThread.java:7050)
07-22 14:46:03.404  4364  4364 E rs$DefaultThreadFactory: java.lang.reflect.Method.invoke(Native Method)
07-22 14:46:03.404  4364  4364 E rs$DefaultThreadFactory: com.android.internal.os.RuntimeInit$MethodAndArgsCaller.run(RuntimeInit.java:494)
07-22 14:46:03.404  4364  4364 E rs$DefaultThreadFactory: com.android.internal.os.ZygoteInit.main(ZygoteInit.java:965)
07-22 14:46:03.406  4364 24757 E WakeLock: GCMSEND release without a matched acquire!
07-22 14:46:03.414  3464  3570 E IptablesRestoreController: [iptables debug]iptables-restore execute done *filter
07-22 14:46:03.414  3464  3570 E IptablesRestoreController: :fw_dozable -
07-22 14:46:03.414  3464  3570 E IptablesRestoreController: -A fw_dozable -m owner --uid-owner 1000 -j RETURN
07-22 14:46:03.414  3464  3570 E IptablesRestoreController: -A fw_dozable -m owner --uid-owner 1001 -j RETURN
07-22 14:46:03.414  3464  3570 E IptablesRestoreController: -A fw_dozable -m owner --uid-owner 1027 -j RETURN
07-22 14:46:03.414  3464  3570 E IptablesRestoreController: -A fw_dozable -m owner --uid-owner 1068 -j RETURN
07-22 14:46:03.414  3464  3570 E IptablesRestoreController: -A fw_dozable -m owner --uid-owner 1201 -j RETURN
07-22 14:46:03.414  3464  3570 E IptablesRestoreController: -A fw_dozable -m owner --uid-owner 1203 -j RETURN
07-22 14:46:03.414  3464  3570 E IptablesRestoreController: -A fw_dozable -m owner --uid-owner 2000 -j RETURN
07-22 14:46:03.414  3464  3570 E IptablesRestoreController: -A fw_dozable -m owner --uid-owner 5003 -j RETURN
07-22 14:46:03.414  3464  3570 E IptablesRestoreController: -A fw_dozable -m owner --uid-owner 5004 -j RETURN
07-22 14:46:03.414  3464  3570 E IptablesRestoreController: -A fw_dozable -m owner --uid-owner 5006 -j RETURN
07-22 14:46:03.414  3464  3570 E IptablesRestoreController: -A fw_dozable -m owner --uid-owner 5010 -j RETURN
07-22 14:46:03.414  3464  3570 E IptablesRestoreController: -A fw_dozable -m owner --uid-owner 5012 -j RETURN
07-22 14:46:03.414  3464  3570 E IptablesRestoreController: -A fw_dozable -m owner --uid-owner 5013 -j RETURN
07-22 14:46:03.414  3464  3570 E IptablesRestoreController: -A fw_dozable -m owner --uid-owner 5017 -j RETURN
07-22 14:46:03.414  3464  3570 E IptablesRestoreController: -A fw_dozable -m owner --uid-owner 5018 -j RETURN
07-22 14:46:03.414  3464  3570 E IptablesRestoreController: -A fw_dozable -m owner --uid-owner 10010 -j RETURN
07-22 14:46:03.414  3464  3570 E IptablesRestoreController: -A fw_dozable -m owner --uid-owner 10011 -j RETURN
07-22 14:46:03.414  3464  3570 E IptablesRestoreController: -A fw_dozable -m owner --uid-owner 10012 -j RETURN
07-22 14:46:03.414  3464  3570 E IptablesRestoreController: -A fw_dozable -m owner --uid-owner 10014 -j RETURN
07-22 14:46:03.414  3464  3570 E IptablesRestoreController: -
07-22 14:46:03.414  3464  3570 E IptablesRestoreController: [iptables debug]iptables-restore execute *filter
07-22 14:46:03.414  3464  3570 E IptablesRestoreController: :fw_dozable -
07-22 14:46:03.414  3464  3570 E IptablesRestoreController: -A fw_dozable -m owner --uid-owner 1000 -j RETURN
07-22 14:46:03.414  3464  3570 E IptablesRestoreController: -A fw_dozable -m owner --uid-owner 1001 -j RETURN
07-22 14:46:03.414  3464  3570 E IptablesRestoreController: -A fw_dozable -m owner --uid-owner 1027 -j RETURN
07-22 14:46:03.414  3464  3570 E IptablesRestoreController: -A fw_dozable -m owner --uid-owner 1068 -j RETURN
07-22 14:46:03.414  3464  3570 E IptablesRestoreController: -A fw_dozable -m owner --uid-owner 1201 -j RETURN
07-22 14:46:03.414  3464  3570 E IptablesRestoreController: -A fw_dozable -m owner --uid-owner 1203 -j RETURN
07-22 14:46:03.414  3464  3570 E IptablesRestoreController: -A fw_dozable -m owner --uid-owner 2000 -j RETURN
07-22 14:46:03.414  3464  3570 E IptablesRestoreController: -A fw_dozable -m owner --uid-owner 5003 -j RETURN
07-22 14:46:03.414  3464  3570 E IptablesRestoreController: -A fw_dozable -m owner --uid-owner 5004 -j RETURN
07-22 14:46:03.414  3464  3570 E IptablesRestoreController: -A fw_dozable -m owner --uid-owner 5006 -j RETURN
07-22 14:46:03.414  3464  3570 E IptablesRestoreController: -A fw_dozable -m owner --uid-owner 5010 -j RETURN
07-22 14:46:03.414  3464  3570 E IptablesRestoreController: -A fw_dozable -m owner --uid-owner 5012 -j RETURN
07-22 14:46:03.414  3464  3570 E IptablesRestoreController: -A fw_dozable -m owner --uid-owner 5013 -j RETURN
07-22 14:46:03.414  3464  3570 E IptablesRestoreController: -A fw_dozable -m owner --uid-owner 5017 -j RETURN
07-22 14:46:03.414  3464  3570 E IptablesRestoreController: -A fw_dozable -m owner --uid-owner 5018 -j RETURN
07-22 14:46:03.414  3464  3570 E IptablesRestoreController: -A fw_dozable -m owner --uid-owner 10010 -j RETURN
07-22 14:46:03.414  3464  3570 E IptablesRestoreController: -A fw_dozable -m owner --uid-owner 10011 -j RETURN
07-22 14:46:03.414  3464  3570 E IptablesRestoreController: -A fw_dozable -m owner --uid-owner 10012 -j RETURN
07-22 14:46:03.414  3464  3570 E IptablesRestoreController: -A fw_dozable -m owner --uid-owner 10014 -j RETURN
07-22 14:46:03.414  3464  3570 E IptablesRestoreController: -A fw_
07-22 14:46:03.427  3464  3570 E IptablesRestoreController: [iptables debug]iptables-restore execute done *filter
07-22 14:46:03.427  3464  3570 E IptablesRestoreController: :fw_dozable -
07-22 14:46:03.427  3464  3570 E IptablesRestoreController: -A fw_dozable -m owner --uid-owner 1000 -j RETURN
07-22 14:46:03.427  3464  3570 E IptablesRestoreController: -A fw_dozable -m owner --uid-owner 1001 -j RETURN
07-22 14:46:03.427  3464  3570 E IptablesRestoreController: -A fw_dozable -m owner --uid-owner 1027 -j RETURN
07-22 14:46:03.427  3464  3570 E IptablesRestoreController: -A fw_dozable -m owner --uid-owner 1068 -j RETURN
07-22 14:46:03.427  3464  3570 E IptablesRestoreController: -A fw_dozable -m owner --uid-owner 1201 -j RETURN
07-22 14:46:03.427  3464  3570 E IptablesRestoreController: -A fw_dozable -m owner --uid-owner 1203 -j RETURN
07-22 14:46:03.427  3464  3570 E IptablesRestoreController: -A fw_dozable -m owner --uid-owner 2000 -j RETURN
07-22 14:46:03.427  3464  3570 E IptablesRestoreController: -A fw_dozable -m owner --uid-owner 5003 -j RETURN
07-22 14:46:03.427  3464  3570 E IptablesRestoreController: -A fw_dozable -m owner --uid-owner 5004 -j RETURN
07-22 14:46:03.427  3464  3570 E IptablesRestoreController: -A fw_dozable -m owner --uid-owner 5006 -j RETURN
07-22 14:46:03.427  3464  3570 E IptablesRestoreController: -A fw_dozable -m owner --uid-owner 5010 -j RETURN
07-22 14:46:03.427  3464  3570 E IptablesRestoreController: -A fw_dozable -m owner --uid-owner 5012 -j RETURN
07-22 14:46:03.427  3464  3570 E IptablesRestoreController: -A fw_dozable -m owner --uid-owner 5013 -j RETURN
07-22 14:46:03.427  3464  3570 E IptablesRestoreController: -A fw_dozable -m owner --uid-owner 5017 -j RETURN
07-22 14:46:03.427  3464  3570 E IptablesRestoreController: -A fw_dozable -m owner --uid-owner 5018 -j RETURN
07-22 14:46:03.427  3464  3570 E IptablesRestoreController: -A fw_dozable -m owner --uid-owner 10010 -j RETURN
07-22 14:46:03.427  3464  3570 E IptablesRestoreController: -A fw_dozable -m owner --uid-owner 10011 -j RETURN
07-22 14:46:03.427  3464  3570 E IptablesRestoreController: -A fw_dozable -m owner --uid-owner 10012 -j RETURN
07-22 14:46:03.427  3464  3570 E IptablesRestoreController: -A fw_dozable -m owner --uid-owner 10014 -j RETURN
07-22 14:46:03.427  3464  3570 E IptablesRestoreController: -
07-22 14:46:03.429  3464  3572 E IptablesRestoreController: [iptables debug]iptables-restore execute *filter
07-22 14:46:03.429  3464  3572 E IptablesRestoreController: -A fw_INPUT -j fw_dozable
07-22 14:46:03.429  3464  3572 E IptablesRestoreController: -A fw_OUTPUT -j fw_dozable
07-22 14:46:03.429  3464  3572 E IptablesRestoreController: COMMIT
07-22 14:46:03.448  3464  3572 E IptablesRestoreController: [iptables debug]iptables-restore execute done *filter
07-22 14:46:03.448  3464  3572 E IptablesRestoreController: -A fw_INPUT -j fw_dozable
07-22 14:46:03.448  3464  3572 E IptablesRestoreController: -A fw_OUTPUT -j fw_dozable
07-22 14:46:03.448  3464  3572 E IptablesRestoreController: COMMIT
07-22 14:46:03.448  3464  3572 E IptablesRestoreController: , res : 0
07-22 14:46:07.400  4364 10908 E HeterodyneSyncTaskChime: Sync task failure [CONTEXT service_id=51 ]
07-22 14:46:07.400  4364 10908 E HeterodyneSyncTaskChime: ankz: 29504: Could not find valid auth token for all requested accounts
07-22 14:46:07.400  4364 10908 E HeterodyneSyncTaskChime: 	at anob.a(:com.google.android.gms@19275037@19.2.75 (100400-269183835):459)
07-22 14:46:07.400  4364 10908 E HeterodyneSyncTaskChime: 	at anob.a(:com.google.android.gms@19275037@19.2.75 (100400-269183835):458)
07-22 14:46:07.400  4364 10908 E HeterodyneSyncTaskChime: 	at com.google.android.gms.phenotype.sync.HeterodyneSyncTaskChimeraService.a(:com.google.android.gms@19275037@19.2.75 (100400-269183835):1)
07-22 14:46:07.400  4364 10908 E HeterodyneSyncTaskChime: 	at com.google.android.gms.phenotype.sync.HeterodyneSyncTaskChimeraService.a(:com.google.android.gms@19275037@19.2.75 (100400-269183835):10)
07-22 14:46:07.400  4364 10908 E HeterodyneSyncTaskChime: 	at aemg.run(:com.google.android.gms@19275037@19.2.75 (100400-269183835):5)
07-22 14:46:07.400  4364 10908 E HeterodyneSyncTaskChime: 	at sjm.b(:com.google.android.gms@19275037@19.2.75 (100400-269183835):33)
07-22 14:46:07.400  4364 10908 E HeterodyneSyncTaskChime: 	at sjm.run(:com.google.android.gms@19275037@19.2.75 (100400-269183835):21)
07-22 14:46:07.400  4364 10908 E HeterodyneSyncTaskChime: 	at java.util.concurrent.ThreadPoolExecutor.runWorker(ThreadPoolExecutor.java:1167)
07-22 14:46:07.400  4364 10908 E HeterodyneSyncTaskChime: 	at java.util.concurrent.ThreadPoolExecutor$Worker.run(ThreadPoolExecutor.java:641)
07-22 14:46:07.400  4364 10908 E HeterodyneSyncTaskChime: 	at spf.run(Unknown Source:7)
07-22 14:46:07.400  4364 10908 E HeterodyneSyncTaskChime: 	at java.lang.Thread.run(Thread.java:764)
07-22 14:46:07.460 11770 11770 E Zygote  : isWhitelistProcess - Process is Whitelisted
07-22 14:46:07.462 11770 11770 E Zygote  : accessInfo : 1
07-22 14:46:07.478 11770 11770 E .android.gms.u: Not starting debugger since process cannot load the jdwp agent.
07-22 14:47:20.080 10890 11494 E [ND]CellInformationUtility: RxComputationThreadPool-5 | getCellInformation failed
07-22 14:47:20.082 10890 11494 E [ND]ScannedWifiMeasurementWorker: RxComputationThreadPool-5 | onError: null
07-22 14:57:50.115  4364 24757 E WakeLock: GCM_HB_ALARM release without a matched acquire!
07-22 14:57:50.478  7836  7836 E SPPClientService: [[PushClientService]] reqType : 0
07-22 14:57:50.483  5083  5083 E GCM     : Dropping message to GMS from null as no component is set
07-22 14:57:50.487  7836  7836 E SPPClientService: [[PushClientService]] F:false, D:false, E:false, T:false, S:true, R:false
07-22 14:58:01.185  5083 28553 E SQLiteCastStore: Skip saving CastDeviceInfo: "주변 기기" (__cast_nearby___V_5d4df0e2-ad11-4340-9414-0340802d4f79)
07-22 14:58:21.738 12406 12406 E Zygote  : isWhitelistProcess - Process is Whitelisted
07-22 14:58:21.740 12406 12406 E Zygote  : accessInfo : 1
07-22 14:58:21.760 12406 12406 E ndroid.game.go: Not starting debugger since process cannot load the jdwp agent.
07-22 14:58:21.774 12417 12417 E Zygote  : isWhitelistProcess - Process is Whitelisted
07-22 14:58:21.776 12417 12417 E Zygote  : accessInfo : 1
07-22 14:58:21.800 12417 12417 E app.telephonyu: Not starting debugger since process cannot load the jdwp agent.
07-22 14:58:21.986 12417 12444 E ServiceBindHelper: time out 61, com.samsung.telephony.phone.service.internalservice.ISamsungInternalService$Stub$Proxy@7364567
07-22 14:58:23.042 12449 12449 E Zygote  : isWhitelistProcess - Process is Whitelisted
07-22 14:58:23.044 12449 12449 E Zygote  : accessInfo : 1
07-22 14:58:23.064 12449 12449 E ng.storyservic: Not starting debugger since process cannot load the jdwp agent.
07-22 15:01:25.083  4542  4658 E EPDG -- SIM0 [RILRECEIVER]: RX [NET_REGIST] -- RESPONSE -- not initialized
07-22 15:01:25.180 12622 12622 E Zygote  : isWhitelistProcess - Process is Whitelisted
07-22 15:01:25.182 12622 12622 E Zygote  : accessInfo : 1
07-22 15:01:25.199 12622 12622 E ettingsReceive: Not starting debugger since process cannot load the jdwp agent.
07-22 15:01:25.316 12635 12635 E Zygote  : isWhitelistProcess - Process is Whitelisted
07-22 15:01:25.318 12635 12635 E Zygote  : accessInfo : 1
07-22 15:01:25.337 12635 12635 E oid.ipsgeofenc: Not starting debugger since process cannot load the jdwp agent.
07-22 15:01:25.656 12664 12664 E Zygote  : isWhitelistProcess - Process is Whitelisted
07-22 15:01:25.657 12664 12664 E Zygote  : accessInfo : 1
07-22 15:01:25.673 12664 12664 E droid.messagin: Not starting debugger since process cannot load the jdwp agent.
07-22 15:01:26.106 12664 12664 E ORC/PreferenceProxy: PreferenceProxy Lock is setted to false
07-22 15:01:26.127 12664 12664 E Common/SimBasedFeatureLoader: Loading csc config failed : no active SIM
07-22 15:01:26.209 12664 12664 E ORC/PreferenceProxy: PreferenceProxy Lock is setted to false
07-22 15:01:26.236 12664 12664 E CapabilityManager[0] this: com.sec.ims.options.CapabilityManager@be51880: Not recommended in main thread.
07-22 15:01:26.326  4477  7179 E CapabilityDiscModule<0>: checkModuleReady: mConfig.isAvailable == false
07-22 15:01:26.330 12664 12696 E ORC/RcsCapabilityManager: queryOwnCapability, cursor null
07-22 15:01:26.436 12664 12684 E CS/CommonDbUtils: transactionMakeFail : Not exist transaction msg
07-22 15:01:36.863  4477  4897 E CapabilityDiscModule<0>: checkModuleReady: mConfig.isAvailable == false
07-22 15:01:36.869 12664 12710 E ORC/RcsCapabilityManager: queryOwnCapability, cursor null
07-22 15:03:07.085  4542  4658 E EPDG -- SIM0 [RILRECEIVER]: RX [NET_REGIST] -- RESPONSE -- not initialized
07-22 15:06:51.145  3844  3844 E WifiRecommendNetworkDynamicScore: 1. [getConnectionAPScoreWeek] - mConnectionApCount : 1
07-22 15:06:51.146  3844  3844 E WifiRecommendNetworkDynamicScore: 2. [getConnectionAPScoreAutoWifi] - mFavoriteApCount : 4
07-22 15:06:51.146  3844  3844 E WifiRecommendNetworkDynamicScore: 3. [getSavedConfigurationScore] - mSavedConfSize : 52
07-22 15:06:51.157  3844  3844 E WifiRecommendNetworkDynamicScore: mWifiTotalBytes : 363957232
07-22 15:06:51.157  3844  3844 E WifiRecommendNetworkDynamicScore: 5. [getWifiUsageMoreThanDataUsage] - mWifiTotalBytes : 363957232
07-22 15:06:51.157  3844  3844 E WifiRecommendNetworkDynamicScore: 5. [getWifiUsageMoreThanDataUsage] - mDataTotalBytes : 0
07-22 15:06:51.248  7836 29071 E SPPClientService: [b] __PingReply__
07-22 15:06:51.256  3464  3564 E Netd    : getNetworkForDns: getNetId from enterpriseCtrl is netid 0
07-22 15:08:03.074  3464  3570 E IptablesRestoreController: [iptables debug]iptables-restore execute *filter
07-22 15:08:03.074  3464  3570 E IptablesRestoreController: -nvx -L tetherctrl_counters
07-22 15:08:03.074  3464  3570 E IptablesRestoreController: COMMIT
07-22 15:08:03.093  3464  3570 E IptablesRestoreController: [iptables debug]iptables-restore execute done *filter
07-22 15:08:03.093  3464  3570 E IptablesRestoreController: -nvx -L tetherctrl_counters
07-22 15:08:03.093  3464  3570 E IptablesRestoreController: COMMIT
07-22 15:08:03.093  3464  3570 E IptablesRestoreController: , res : 0
07-22 15:08:03.093  3464  3570 E IptablesRestoreController: [iptables debug]iptables-restore execute *filter
07-22 15:08:03.093  3464  3570 E IptablesRestoreController: -nvx -L tetherctrl_counters
07-22 15:08:03.093  3464  3570 E IptablesRestoreController: COMMIT
07-22 15:08:03.095  3464  3570 E IptablesRestoreController: [iptables debug]iptables-restore execute done *filter
07-22 15:08:03.095  3464  3570 E IptablesRestoreController: -nvx -L tetherctrl_counters
07-22 15:08:03.095  3464  3570 E IptablesRestoreController: COMMIT
07-22 15:08:03.095  3464  3570 E IptablesRestoreController: , res : 0
07-22 15:08:03.220  4126 21816 E Telephony: PhoneInterfaceManager: [PhoneIntfMgr] getIccId: No UICC
07-22 15:08:03.231  3464  3564 E Netd    : getNetworkForDns: getNetId from enterpriseCtrl is netid 0
07-22 15:10:13.342 13038 13038 E Zygote  : isWhitelistProcess - Process is Whitelisted
07-22 15:10:13.344 13038 13038 E Zygote  : accessInfo : 1
07-22 15:10:13.362 13038 13038 E .app.soundaliv: Not starting debugger since process cannot load the jdwp agent.
07-22 15:10:13.390  3464  3572 E IptablesRestoreController: [iptables debug]iptables-restore execute *filter
07-22 15:10:13.390  3464  3572 E IptablesRestoreController: -D fw_standby_uid -m owner --uid-owner 10095 -j DROP
07-22 15:10:13.390  3464  3572 E IptablesRestoreController: COMMIT
07-22 15:10:13.409  3464  3572 E IptablesRestoreController: [iptables debug]iptables-restore execute done *filter
07-22 15:10:13.409  3464  3572 E IptablesRestoreController: -D fw_standby_uid -m owner --uid-owner 10095 -j DROP
07-22 15:10:13.409  3464  3572 E IptablesRestoreController: COMMIT
07-22 15:10:13.409  3464  3572 E IptablesRestoreController: , res : 0
07-22 15:10:13.411  3464  3572 E IptablesRestoreController: [iptables debug]iptables-restore execute *filter
07-22 15:10:13.411  3464  3572 E IptablesRestoreController: -I fw_dozable -m owner --uid-owner 10095 -j RETURN
07-22 15:10:13.411  3464  3572 E IptablesRestoreController: COMMIT
07-22 15:10:13.427  3464  3572 E IptablesRestoreController: [iptables debug]iptables-restore execute done *filter
07-22 15:10:13.427  3464  3572 E IptablesRestoreController: -I fw_dozable -m owner --uid-owner 10095 -j RETURN
07-22 15:10:13.427  3464  3572 E IptablesRestoreController: COMMIT
07-22 15:10:13.427  3464  3572 E IptablesRestoreController: , res : 0
07-22 15:10:14.028 13054 13054 E Zygote  : isWhitelistProcess - Process is Whitelisted
07-22 15:10:14.030 13054 13054 E Zygote  : accessInfo : 1
07-22 15:10:14.052 13054 13054 E oid.sm.provide: Not starting debugger since process cannot load the jdwp agent.
07-22 15:10:14.112  3406  3406 E audit   : type=1400 audit(1595398214.109:2508): avc:  denied  { write } for  pid=13054 comm="oid.sm.provider" name="com.samsung.android.lool-moo5nFrAhA_6pniopCzHYA==" dev="dm-1" ino=1638568 scontext=u:r:system_app:s0 tcontext=u:object_r:apk_data_file:s0 tclass=dir permissive=0 SEPF_SM-G955N_9_0020 audit_filtered
07-22 15:10:14.113  3406  3406 E audit   : type=1300 audit(1595398214.109:2508): arch=c00000b7 syscall=48 success=no exit=-13 a0=ffffff9c a1=71ffd78880 a2=2 a3=0 items=0 ppid=3445 pid=13054 auid=4294967295 uid=1000 gid=1000 euid=1000 suid=1000 fsuid=1000 egid=1000 sgid=1000 fsgid=1000 tty=(none) ses=4294967295 comm="oid.sm.provider" exe="/system/bin/app_process64" subj=u:r:system_app:s0 key=(null)
07-22 15:10:14.113  3406  3406 E audit   : type=1327 audit(1595398214.109:2508): proctitle="com.samsung.android.sm.provider"
07-22 15:10:14.113  3406  3406 E audit   : type=1400 audit(1595398214.109:2509): avc:  denied  { write } for  pid=13054 comm="oid.sm.provider" name="com.samsung.android.lool-moo5nFrAhA_6pniopCzHYA==" dev="dm-1" ino=1638568 scontext=u:r:system_app:s0 tcontext=u:object_r:apk_data_file:s0 tclass=dir permissive=0 SEPF_SM-G955N_9_0020 audit_filtered
07-22 15:10:14.113  3406  3406 E audit   : type=1300 audit(1595398214.109:2509): arch=c00000b7 syscall=56 success=no exit=-13 a0=ffffff9c a1=71ffdfe7c0 a2=42 a3=1a4 items=0 ppid=3445 pid=13054 auid=4294967295 uid=1000 gid=1000 euid=1000 suid=1000 fsuid=1000 egid=1000 sgid=1000 fsgid=1000 tty=(none) ses=4294967295 comm="oid.sm.provider" exe="/system/bin/app_process64" subj=u:r:system_app:s0 key=(null)
07-22 15:10:14.113  3406  3406 E audit   : type=1327 audit(1595398214.109:2509): proctitle="com.samsung.android.sm.provider"
07-22 15:11:26.077  3464  3572 E IptablesRestoreController: [iptables debug]iptables-restore execute *filter
07-22 15:11:26.077  3464  3572 E IptablesRestoreController: -D fw_dozable -m owner --uid-owner 10095 -j RETURN
07-22 15:11:26.077  3464  3572 E IptablesRestoreController: COMMIT
07-22 15:11:26.099  3464  3572 E IptablesRestoreController: [iptables debug]iptables-restore execute done *filter
07-22 15:11:26.099  3464  3572 E IptablesRestoreController: -D fw_dozable -m owner --uid-owner 10095 -j RETURN
07-22 15:11:26.099  3464  3572 E IptablesRestoreController: COMMIT
07-22 15:11:26.099  3464  3572 E IptablesRestoreController: , res : 0
07-22 15:12:57.067  5083 28553 E SQLiteCastStore: Skip saving CastDeviceInfo: "주변 기기" (__cast_nearby___V_5d4df0e2-ad11-4340-9414-0340802d4f79)
07-22 15:14:19.124 13317 13317 E Zygote  : isWhitelistProcess - Process is Whitelisted
07-22 15:14:19.126 13317 13317 E Zygote  : accessInfo : 1
07-22 15:14:19.143 13317 13317 E roid.apps.turb: Not starting debugger since process cannot load the jdwp agent.
07-22 15:16:56.787  4542  4658 E EPDG -- SIM0 [RILRECEIVER]: RX [NET_REGIST] -- RESPONSE -- not initialized
07-22 15:20:02.112  7836  7836 E SPPClientService: [[PushClientService]] reqType : 0
07-22 15:20:02.123  7836  7836 E SPPClientService: [[PushClientService]] F:false, D:false, E:false, T:false, S:true, R:false
07-22 15:20:02.322  7836 29071 E SPPClientService: [b] __PingReply__
07-22 15:20:22.116 13572 13572 E Zygote  : isWhitelistProcess - Process is Whitelisted
07-22 15:20:22.118 13572 13572 E Zygote  : accessInfo : 1
07-22 15:20:22.138 13572 13572 E ng.android.loo: Not starting debugger since process cannot load the jdwp agent.
07-22 15:20:22.198  3406  3406 E audit   : type=1400 audit(1595398822.193:2512): avc:  denied  { write } for  pid=13572 comm="ng.android.lool" name="com.samsung.android.lool-moo5nFrAhA_6pniopCzHYA==" dev="dm-1" ino=1638568 scontext=u:r:system_app:s0 tcontext=u:object_r:apk_data_file:s0 tclass=dir permissive=0 SEPF_SM-G955N_9_0020 audit_filtered
07-22 15:20:22.198  3406  3406 E audit   : type=1300 audit(1595398822.193:2512): arch=c00000b7 syscall=48 success=no exit=-13 a0=ffffff9c a1=71ffd78880 a2=2 a3=0 items=0 ppid=3445 pid=13572 auid=4294967295 uid=1000 gid=1000 euid=1000 suid=1000 fsuid=1000 egid=1000 sgid=1000 fsgid=1000 tty=(none) ses=4294967295 comm="ng.android.lool" exe="/system/bin/app_process64" subj=u:r:system_app:s0 key=(null)
07-22 15:20:22.198  3406  3406 E audit   : type=1327 audit(1595398822.193:2512): proctitle="com.samsung.android.lool"
07-22 15:20:22.198  3406  3406 E audit   : type=1400 audit(1595398822.193:2513): avc:  denied  { write } for  pid=13572 comm="ng.android.lool" name="com.samsung.android.lool-moo5nFrAhA_6pniopCzHYA==" dev="dm-1" ino=1638568 scontext=u:r:system_app:s0 tcontext=u:object_r:apk_data_file:s0 tclass=dir permissive=0 SEPF_SM-G955N_9_0020 audit_filtered
07-22 15:20:22.198  3406  3406 E audit   : type=1300 audit(1595398822.193:2513): arch=c00000b7 syscall=56 success=no exit=-13 a0=ffffff9c a1=71ffdfe7c0 a2=42 a3=1a4 items=0 ppid=3445 pid=13572 auid=4294967295 uid=1000 gid=1000 euid=1000 suid=1000 fsuid=1000 egid=1000 sgid=1000 fsgid=1000 tty=(none) ses=4294967295 comm="ng.android.lool" exe="/system/bin/app_process64" subj=u:r:system_app:s0 key=(null)
07-22 15:20:22.198  3406  3406 E audit   : type=1327 audit(1595398822.193:2513): proctitle="com.samsung.android.lool"
07-22 15:26:51.069  4364 24757 E WakeLock: GCM_HB_ALARM release without a matched acquire!
07-22 15:33:43.092  4542  4658 E EPDG -- SIM0 [RILRECEIVER]: RX [NET_REGIST] -- RESPONSE -- not initialized
07-22 15:33:43.430 13904 13904 E Zygote  : isWhitelistProcess - Process is Whitelisted
07-22 15:33:43.434 13904 13904 E Zygote  : accessInfo : 1
07-22 15:33:43.454 13904 13904 E android.dqagen: Not starting debugger since process cannot load the jdwp agent.
07-22 15:34:58.416  3464  3570 E IptablesRestoreController: [iptables debug]iptables-restore execute *filter
07-22 15:34:58.416  3464  3570 E IptablesRestoreController: -nvx -L tetherctrl_counters
07-22 15:34:58.416  3464  3570 E IptablesRestoreController: COMMIT
