07-22 14:45:35.917  4364  4433 E Auth    : 	at qxw.a(:com.google.android.gms@19275037@19.2.75 (100400-269183835):247)
07-22 14:45:35.917  4364  4433 E Auth    : 	at com.google.android.gms.clearcut.uploader.QosUploaderChimeraService.a(:com.google.android.gms@19275037@19.2.75 (100400-269183835):79)
07-22 14:45:35.917  4364  4433 E Auth    : 	at com.google.android.gms.clearcut.uploader.QosUploaderChimeraService.a(:com.google.android.gms@19275037@19.2.75 (100400-269183835):8)
07-22 14:45:35.917  4364  4433 E Auth    : 	at aemg.run(:com.google.android.gms@19275037@19.2.75 (100400-269183835):5)
07-22 14:45:35.917  4364  4433 E Auth    : 	at sjm.b(:com.google.android.gms@19275037@19.2.75 (100400-269183835):33)
07-22 14:45:35.917  4364  4433 E Auth    : 	at sjm.run(:com.google.android.gms@19275037@19.2.75 (100400-269183835):21)
07-22 14:45:35.917  4364  4433 E Auth    : 	at java.util.concurrent.ThreadPoolExecutor.runWorker(ThreadPoolExecutor.java:1167)
07-22 14:45:35.917  4364  4433 E Auth    : 	at java.util.concurrent.ThreadPoolExecutor$Worker.run(ThreadPoolExecutor.java:641)
07-22 14:45:35.917  4364  4433 E Auth    : 	at spf.run(Unknown Source:7)
07-22 14:45:35.917  4364  4433 E Auth    : 	at java.lang.Thread.run(Thread.java:764)
07-22 14:45:35.961  4364  4433 E Uploader: Failed to get auth token: User intervention required. Notification has been pushed.
07-22 14:45:35.961  4364  4433 E Uploader: gym: User intervention required. Notification has been pushed.
07-22 14:45:35.961  4364  4433 E Uploader: 	at gxw.b(:com.google.android.gms@19275037@19.2.75 (100400-269183835):7)
07-22 14:45:35.961  4364  4433 E Uploader: 	at qxw.a(:com.google.android.gms@19275037@19.2.75 (100400-269183835):247)
07-22 14:45:35.961  4364  4433 E Uploader: 	at com.google.android.gms.clearcut.uploader.QosUploaderChimeraService.a(:com.google.android.gms@19275037@19.2.75 (100400-269183835):79)
07-22 14:45:35.961  4364  4433 E Uploader: 	at com.google.android.gms.clearcut.uploader.QosUploaderChimeraService.a(:com.google.android.gms@19275037@19.2.75 (100400-269183835):8)
07-22 14:45:35.961  4364  4433 E Uploader: 	at aemg.run(:com.google.android.gms@19275037@19.2.75 (100400-269183835):5)
07-22 14:45:35.961  4364  4433 E Uploader: 	at sjm.b(:com.google.android.gms@19275037@19.2.75 (100400-269183835):33)
07-22 14:45:35.961  4364  4433 E Uploader: 	at sjm.run(:com.google.android.gms@19275037@19.2.75 (100400-269183835):21)
07-22 14:45:35.961  4364  4433 E Uploader: 	at java.util.concurrent.ThreadPoolExecutor.runWorker(ThreadPoolExecutor.java:1167)
07-22 14:45:35.961  4364  4433 E Uploader: 	at java.util.concurrent.ThreadPoolExecutor$Worker.run(ThreadPoolExecutor.java:641)
07-22 14:45:35.961  4364  4433 E Uploader: 	at spf.run(Unknown Source:7)
07-22 14:45:35.961  4364  4433 E Uploader: 	at java.lang.Thread.run(Thread.java:764)
07-22 14:45:36.037  3464  3564 E Netd    : getNetworkForDns: getNetId from enterpriseCtrl is netid 0
07-22 14:45:36.089  3464  3564 E Netd    : getNetworkForDns: getNetId from enterpriseCtrl is netid 0
07-22 14:45:36.090  3464  3564 E Netd    : getNetworkForDns: getNetId from enterpriseCtrl is netid 0
07-22 14:45:36.115  4343  4410 E RequestManager_FLP: [LocationManagerService] Location request 8762cce(Listener) fused interval=1000 from system(com.android.server.location.GnssLocationProvider)(1000)
07-22 14:45:36.218  4364  4433 E Auth    : [GoogleAccountDataServiceImpl] getToken() -> BAD_AUTHENTICATION. Account: <ELLIDED:-682645340>, App: com.google.android.gms, Service: oauth2:https://www.googleapis.com/auth/cclog
07-22 14:45:36.218  4364  4433 E Auth    : rkt: Long live credential not available.
07-22 14:45:36.218  4364  4433 E Auth    : 	at hbg.a(:com.google.android.gms@19275037@19.2.75 (100400-269183835):123)
07-22 14:45:36.218  4364  4433 E Auth    : 	at iuq.a(:com.google.android.gms@19275037@19.2.75 (100400-269183835):137)
07-22 14:45:36.218  4364  4433 E Auth    : 	at itt.a(:com.google.android.gms@19275037@19.2.75 (100400-269183835):2)
07-22 14:45:36.218  4364  4433 E Auth    : 	at itr.a(:com.google.android.gms@19275037@19.2.75 (100400-269183835):17)
07-22 14:45:36.218  4364  4433 E Auth    : 	at itr.a(:com.google.android.gms@19275037@19.2.75 (100400-269183835):11)
07-22 14:45:36.218  4364  4433 E Auth    : 	at gxr.a(:com.google.android.gms@19275037@19.2.75 (100400-269183835):44)
07-22 14:45:36.218  4364  4433 E Auth    : 	at gxr.a(:com.google.android.gms@19275037@19.2.75 (100400-269183835):98)
07-22 14:45:36.218  4364  4433 E Auth    : 	at gyb.a(:com.google.android.gms@19275037@19.2.75 (100400-269183835):3)
07-22 14:45:36.218  4364  4433 E Auth    : 	at gxy.a(:com.google.android.gms@19275037@19.2.75 (100400-269183835):3)
07-22 14:45:36.218  4364  4433 E Auth    : 	at gxy.c(:com.google.android.gms@19275037@19.2.75 (100400-269183835):6)
07-22 14:45:36.218  4364  4433 E Auth    : 	at gxw.b(:com.google.android.gms@19275037@19.2.75 (100400-269183835):4)
07-22 14:45:36.218  4364  4433 E Auth    : 	at qxw.a(:com.google.android.gms@19275037@19.2.75 (100400-269183835):247)
07-22 14:45:36.218  4364  4433 E Auth    : 	at com.google.android.gms.clearcut.uploader.QosUploaderChimeraService.a(:com.google.android.gms@19275037@19.2.75 (100400-269183835):79)
07-22 14:45:36.218  4364  4433 E Auth    : 	at com.google.android.gms.clearcut.uploader.QosUploaderChimeraService.a(:com.google.android.gms@19275037@19.2.75 (100400-269183835):8)
07-22 14:45:36.218  4364  4433 E Auth    : 	at aemg.run(:com.google.android.gms@19275037@19.2.75 (100400-269183835):5)
07-22 14:45:36.218  4364  4433 E Auth    : 	at sjm.b(:com.google.android.gms@19275037@19.2.75 (100400-269183835):33)
07-22 14:45:36.218  4364  4433 E Auth    : 	at sjm.run(:com.google.android.gms@19275037@19.2.75 (100400-269183835):21)
07-22 14:45:36.218  4364  4433 E Auth    : 	at java.util.concurrent.ThreadPoolExecutor.runWorker(ThreadPoolExecutor.java:1167)
07-22 14:45:36.218  4364  4433 E Auth    : 	at java.util.concurrent.ThreadPoolExecutor$Worker.run(ThreadPoolExecutor.java:641)
07-22 14:45:36.218  4364  4433 E Auth    : 	at spf.run(Unknown Source:7)
07-22 14:45:36.218  4364  4433 E Auth    : 	at java.lang.Thread.run(Thread.java:764)
07-22 14:45:36.323  4364  4433 E Uploader: Failed to get auth token: User intervention required. Notification has been pushed.
07-22 14:45:36.323  4364  4433 E Uploader: gym: User intervention required. Notification has been pushed.
07-22 14:45:36.323  4364  4433 E Uploader: 	at gxw.b(:com.google.android.gms@19275037@19.2.75 (100400-269183835):7)
07-22 14:45:36.323  4364  4433 E Uploader: 	at qxw.a(:com.google.android.gms@19275037@19.2.75 (100400-269183835):247)
07-22 14:45:36.323  4364  4433 E Uploader: 	at com.google.android.gms.clearcut.uploader.QosUploaderChimeraService.a(:com.google.android.gms@19275037@19.2.75 (100400-269183835):79)
07-22 14:45:36.323  4364  4433 E Uploader: 	at com.google.android.gms.clearcut.uploader.QosUploaderChimeraService.a(:com.google.android.gms@19275037@19.2.75 (100400-269183835):8)
07-22 14:45:36.323  4364  4433 E Uploader: 	at aemg.run(:com.google.android.gms@19275037@19.2.75 (100400-269183835):5)
07-22 14:45:36.323  4364  4433 E Uploader: 	at sjm.b(:com.google.android.gms@19275037@19.2.75 (100400-269183835):33)
07-22 14:45:36.323  4364  4433 E Uploader: 	at sjm.run(:com.google.android.gms@19275037@19.2.75 (100400-269183835):21)
07-22 14:45:36.323  4364  4433 E Uploader: 	at java.util.concurrent.ThreadPoolExecutor.runWorker(ThreadPoolExecutor.java:1167)
07-22 14:45:36.323  4364  4433 E Uploader: 	at java.util.concurrent.ThreadPoolExecutor$Worker.run(ThreadPoolExecutor.java:641)
07-22 14:45:36.323  4364  4433 E Uploader: 	at spf.run(Unknown Source:7)
07-22 14:45:36.323  4364  4433 E Uploader: 	at java.lang.Thread.run(Thread.java:764)
07-22 14:45:36.420 11214 11214 E Zygote  : isWhitelistProcess - Process is Whitelisted
07-22 14:45:36.431 11214 11214 E Zygote  : accessInfo : 1
07-22 14:45:36.503 11214 11214 E app.samsungapp: Not starting debugger since process cannot load the jdwp agent.
07-22 14:45:36.552  4364  4433 E Auth    : [GoogleAccountDataServiceImpl] getToken() -> BAD_AUTHENTICATION. Account: <ELLIDED:-682645340>, App: com.google.android.gms, Service: oauth2:https://www.googleapis.com/auth/cclog
07-22 14:45:36.552  4364  4433 E Auth    : rkt: Long live credential not available.
07-22 14:45:36.552  4364  4433 E Auth    : 	at hbg.a(:com.google.android.gms@19275037@19.2.75 (100400-269183835):123)
07-22 14:45:36.552  4364  4433 E Auth    : 	at iuq.a(:com.google.android.gms@19275037@19.2.75 (100400-269183835):137)
07-22 14:45:36.552  4364  4433 E Auth    : 	at itt.a(:com.google.android.gms@19275037@19.2.75 (100400-269183835):2)
07-22 14:45:36.552  4364  4433 E Auth    : 	at itr.a(:com.google.android.gms@19275037@19.2.75 (100400-269183835):17)
07-22 14:45:36.552  4364  4433 E Auth    : 	at itr.a(:com.google.android.gms@19275037@19.2.75 (100400-269183835):11)
07-22 14:45:36.552  4364  4433 E Auth    : 	at gxr.a(:com.google.android.gms@19275037@19.2.75 (100400-269183835):44)
07-22 14:45:36.552  4364  4433 E Auth    : 	at gxr.a(:com.google.android.gms@19275037@19.2.75 (100400-269183835):98)
07-22 14:45:36.552  4364  4433 E Auth    : 	at gyb.a(:com.google.android.gms@19275037@19.2.75 (100400-269183835):3)
07-22 14:45:36.552  4364  4433 E Auth    : 	at gxy.a(:com.google.android.gms@19275037@19.2.75 (100400-269183835):3)
07-22 14:45:36.552  4364  4433 E Auth    : 	at gxy.c(:com.google.android.gms@19275037@19.2.75 (100400-269183835):6)
07-22 14:45:36.552  4364  4433 E Auth    : 	at gxw.b(:com.google.android.gms@19275037@19.2.75 (100400-269183835):4)
07-22 14:45:36.552  4364  4433 E Auth    : 	at qxw.a(:com.google.android.gms@19275037@19.2.75 (100400-269183835):247)
07-22 14:45:36.552  4364  4433 E Auth    : 	at com.google.android.gms.clearcut.uploader.QosUploaderChimeraService.a(:com.google.android.gms@19275037@19.2.75 (100400-269183835):79)
07-22 14:45:36.552  4364  4433 E Auth    : 	at com.google.android.gms.clearcut.uploader.QosUploaderChimeraService.a(:com.google.android.gms@19275037@19.2.75 (100400-269183835):8)
07-22 14:45:36.552  4364  4433 E Auth    : 	at aemg.run(:com.google.android.gms@19275037@19.2.75 (100400-269183835):5)
07-22 14:45:36.552  4364  4433 E Auth    : 	at sjm.b(:com.google.android.gms@19275037@19.2.75 (100400-269183835):33)
07-22 14:45:36.552  4364  4433 E Auth    : 	at sjm.run(:com.google.android.gms@19275037@19.2.75 (100400-269183835):21)
07-22 14:45:36.552  4364  4433 E Auth    : 	at java.util.concurrent.ThreadPoolExecutor.runWorker(ThreadPoolExecutor.java:1167)
07-22 14:45:36.552  4364  4433 E Auth    : 	at java.util.concurrent.ThreadPoolExecutor$Worker.run(ThreadPoolExecutor.java:641)
07-22 14:45:36.552  4364  4433 E Auth    : 	at spf.run(Unknown Source:7)
07-22 14:45:36.552  4364  4433 E Auth    : 	at java.lang.Thread.run(Thread.java:764)
07-22 14:45:36.659  4364  4433 E Uploader: Failed to get auth token: User intervention required. Notification has been pushed.
07-22 14:45:36.659  4364  4433 E Uploader: gym: User intervention required. Notification has been pushed.
07-22 14:45:36.659  4364  4433 E Uploader: 	at gxw.b(:com.google.android.gms@19275037@19.2.75 (100400-269183835):7)
07-22 14:45:36.659  4364  4433 E Uploader: 	at qxw.a(:com.google.android.gms@19275037@19.2.75 (100400-269183835):247)
07-22 14:45:36.659  4364  4433 E Uploader: 	at com.google.android.gms.clearcut.uploader.QosUploaderChimeraService.a(:com.google.android.gms@19275037@19.2.75 (100400-269183835):79)
07-22 14:45:36.659  4364  4433 E Uploader: 	at com.google.android.gms.clearcut.uploader.QosUploaderChimeraService.a(:com.google.android.gms@19275037@19.2.75 (100400-269183835):8)
07-22 14:45:36.659  4364  4433 E Uploader: 	at aemg.run(:com.google.android.gms@19275037@19.2.75 (100400-269183835):5)
07-22 14:45:36.659  4364  4433 E Uploader: 	at sjm.b(:com.google.android.gms@19275037@19.2.75 (100400-269183835):33)
07-22 14:45:36.659  4364  4433 E Uploader: 	at sjm.run(:com.google.android.gms@19275037@19.2.75 (100400-269183835):21)
07-22 14:45:36.659  4364  4433 E Uploader: 	at java.util.concurrent.ThreadPoolExecutor.runWorker(ThreadPoolExecutor.java:1167)
07-22 14:45:36.659  4364  4433 E Uploader: 	at java.util.concurrent.ThreadPoolExecutor$Worker.run(ThreadPoolExecutor.java:641)
07-22 14:45:36.659  4364  4433 E Uploader: 	at spf.run(Unknown Source:7)
07-22 14:45:36.659  4364  4433 E Uploader: 	at java.lang.Thread.run(Thread.java:764)
07-22 14:45:36.752 11254 11254 E Zygote  : isWhitelistProcess - Process is Whitelisted
07-22 14:45:36.754 11254 11254 E Zygote  : accessInfo : 1
07-22 14:45:36.792 11254 11254 E d.mobileservic: Not starting debugger since process cannot load the jdwp agent.
07-22 14:45:36.850  3464  3564 E Netd    : getNetworkForDns: getNetId from enterpriseCtrl is netid 0
07-22 14:45:36.955 11292 11292 E Zygote  : isWhitelistProcess - Process is Whitelisted
07-22 14:45:36.957 11292 11292 E Zygote  : accessInfo : 1
07-22 14:45:36.970  4364  4433 E Auth    : [GoogleAccountDataServiceImpl] getToken() -> BAD_AUTHENTICATION. Account: <ELLIDED:-682645340>, App: com.google.android.gms, Service: oauth2:https://www.googleapis.com/auth/cclog
07-22 14:45:36.970  4364  4433 E Auth    : rkt: Long live credential not available.
07-22 14:45:36.970  4364  4433 E Auth    : 	at hbg.a(:com.google.android.gms@19275037@19.2.75 (100400-269183835):123)
07-22 14:45:36.970  4364  4433 E Auth    : 	at iuq.a(:com.google.android.gms@19275037@19.2.75 (100400-269183835):137)
07-22 14:45:36.970  4364  4433 E Auth    : 	at itt.a(:com.google.android.gms@19275037@19.2.75 (100400-269183835):2)
07-22 14:45:36.970  4364  4433 E Auth    : 	at itr.a(:com.google.android.gms@19275037@19.2.75 (100400-269183835):17)
07-22 14:45:36.970  4364  4433 E Auth    : 	at itr.a(:com.google.android.gms@19275037@19.2.75 (100400-269183835):11)
07-22 14:45:36.970  4364  4433 E Auth    : 	at gxr.a(:com.google.android.gms@19275037@19.2.75 (100400-269183835):44)
07-22 14:45:36.970  4364  4433 E Auth    : 	at gxr.a(:com.google.android.gms@19275037@19.2.75 (100400-269183835):98)
07-22 14:45:36.970  4364  4433 E Auth    : 	at gyb.a(:com.google.android.gms@19275037@19.2.75 (100400-269183835):3)
07-22 14:45:36.970  4364  4433 E Auth    : 	at gxy.a(:com.google.android.gms@19275037@19.2.75 (100400-269183835):3)
07-22 14:45:36.970  4364  4433 E Auth    : 	at gxy.c(:com.google.android.gms@19275037@19.2.75 (100400-269183835):6)
07-22 14:45:36.970  4364  4433 E Auth    : 	at gxw.b(:com.google.android.gms@19275037@19.2.75 (100400-269183835):4)
07-22 14:45:36.970  4364  4433 E Auth    : 	at qxw.a(:com.google.android.gms@19275037@19.2.75 (100400-269183835):247)
07-22 14:45:36.970  4364  4433 E Auth    : 	at com.google.android.gms.clearcut.uploader.QosUploaderChimeraService.a(:com.google.android.gms@19275037@19.2.75 (100400-269183835):79)
07-22 14:45:36.970  4364  4433 E Auth    : 	at com.google.android.gms.clearcut.uploader.QosUploaderChimeraService.a(:com.google.android.gms@19275037@19.2.75 (100400-269183835):8)
07-22 14:45:36.970  4364  4433 E Auth    : 	at aemg.run(:com.google.android.gms@19275037@19.2.75 (100400-269183835):5)
07-22 14:45:36.970  4364  4433 E Auth    : 	at sjm.b(:com.google.android.gms@19275037@19.2.75 (100400-269183835):33)
07-22 14:45:36.970  4364  4433 E Auth    : 	at sjm.run(:com.google.android.gms@19275037@19.2.75 (100400-269183835):21)
07-22 14:45:36.970  4364  4433 E Auth    : 	at java.util.concurrent.ThreadPoolExecutor.runWorker(ThreadPoolExecutor.java:1167)
07-22 14:45:36.970  4364  4433 E Auth    : 	at java.util.concurrent.ThreadPoolExecutor$Worker.run(ThreadPoolExecutor.java:641)
07-22 14:45:36.970  4364  4433 E Auth    : 	at spf.run(Unknown Source:7)
07-22 14:45:36.970  4364  4433 E Auth    : 	at java.lang.Thread.run(Thread.java:764)
07-22 14:45:37.020 11292 11292 E d.stickercente: Not starting debugger since process cannot load the jdwp agent.
07-22 14:45:37.093  4364  4433 E Uploader: Failed to get auth token: User intervention required. Notification has been pushed.
07-22 14:45:37.093  4364  4433 E Uploader: gym: User intervention required. Notification has been pushed.
07-22 14:45:37.093  4364  4433 E Uploader: 	at gxw.b(:com.google.android.gms@19275037@19.2.75 (100400-269183835):7)
07-22 14:45:37.093  4364  4433 E Uploader: 	at qxw.a(:com.google.android.gms@19275037@19.2.75 (100400-269183835):247)
07-22 14:45:37.093  4364  4433 E Uploader: 	at com.google.android.gms.clearcut.uploader.QosUploaderChimeraService.a(:com.google.android.gms@19275037@19.2.75 (100400-269183835):79)
07-22 14:45:37.093  4364  4433 E Uploader: 	at com.google.android.gms.clearcut.uploader.QosUploaderChimeraService.a(:com.google.android.gms@19275037@19.2.75 (100400-269183835):8)
07-22 14:45:37.093  4364  4433 E Uploader: 	at aemg.run(:com.google.android.gms@19275037@19.2.75 (100400-269183835):5)
07-22 14:45:37.093  4364  4433 E Uploader: 	at sjm.b(:com.google.android.gms@19275037@19.2.75 (100400-269183835):33)
07-22 14:45:37.093  4364  4433 E Uploader: 	at sjm.run(:com.google.android.gms@19275037@19.2.75 (100400-269183835):21)
07-22 14:45:37.093  4364  4433 E Uploader: 	at java.util.concurrent.ThreadPoolExecutor.runWorker(ThreadPoolExecutor.java:1167)
07-22 14:45:37.093  4364  4433 E Uploader: 	at java.util.concurrent.ThreadPoolExecutor$Worker.run(ThreadPoolExecutor.java:641)
07-22 14:45:37.093  4364  4433 E Uploader: 	at spf.run(Unknown Source:7)
07-22 14:45:37.093  4364  4433 E Uploader: 	at java.lang.Thread.run(Thread.java:764)
07-22 14:45:37.106 11254 11254 E SEMS:MobileService_10.5.0.000: [GLog][2][GroupDBHelper] Instance null
07-22 14:45:37.143  3464  3564 E Netd    : getNetworkForDns: getNetId from enterpriseCtrl is netid 0
07-22 14:45:37.205  4364  4433 E Auth    : [GoogleAccountDataServiceImpl] getToken() -> BAD_AUTHENTICATION. Account: <ELLIDED:-682645340>, App: com.google.android.gms, Service: oauth2:https://www.googleapis.com/auth/cclog
07-22 14:45:37.205  4364  4433 E Auth    : rkt: Long live credential not available.
07-22 14:45:37.205  4364  4433 E Auth    : 	at hbg.a(:com.google.android.gms@19275037@19.2.75 (100400-269183835):123)
07-22 14:45:37.205  4364  4433 E Auth    : 	at iuq.a(:com.google.android.gms@19275037@19.2.75 (100400-269183835):137)
07-22 14:45:37.205  4364  4433 E Auth    : 	at itt.a(:com.google.android.gms@19275037@19.2.75 (100400-269183835):2)
07-22 14:45:37.205  4364  4433 E Auth    : 	at itr.a(:com.google.android.gms@19275037@19.2.75 (100400-269183835):17)
07-22 14:45:37.205  4364  4433 E Auth    : 	at itr.a(:com.google.android.gms@19275037@19.2.75 (100400-269183835):11)
07-22 14:45:37.205  4364  4433 E Auth    : 	at gxr.a(:com.google.android.gms@19275037@19.2.75 (100400-269183835):44)
07-22 14:45:37.205  4364  4433 E Auth    : 	at gxr.a(:com.google.android.gms@19275037@19.2.75 (100400-269183835):98)
07-22 14:45:37.205  4364  4433 E Auth    : 	at gyb.a(:com.google.android.gms@19275037@19.2.75 (100400-269183835):3)
07-22 14:45:37.205  4364  4433 E Auth    : 	at gxy.a(:com.google.android.gms@19275037@19.2.75 (100400-269183835):3)
07-22 14:45:37.205  4364  4433 E Auth    : 	at gxy.c(:com.google.android.gms@19275037@19.2.75 (100400-269183835):6)
07-22 14:45:37.205  4364  4433 E Auth    : 	at gxw.b(:com.google.android.gms@19275037@19.2.75 (100400-269183835):4)
07-22 14:45:37.205  4364  4433 E Auth    : 	at qxw.a(:com.google.android.gms@19275037@19.2.75 (100400-269183835):247)
07-22 14:45:37.205  4364  4433 E Auth    : 	at com.google.android.gms.clearcut.uploader.QosUploaderChimeraService.a(:com.google.android.gms@19275037@19.2.75 (100400-269183835):79)
07-22 14:45:37.205  4364  4433 E Auth    : 	at com.google.android.gms.clearcut.uploader.QosUploaderChimeraService.a(:com.google.android.gms@19275037@19.2.75 (100400-269183835):8)
07-22 14:45:37.205  4364  4433 E Auth    : 	at aemg.run(:com.google.android.gms@19275037@19.2.75 (100400-269183835):5)
07-22 14:45:37.205  4364  4433 E Auth    : 	at sjm.b(:com.google.android.gms@19275037@19.2.75 (100400-269183835):33)
07-22 14:45:37.205  4364  4433 E Auth    : 	at sjm.run(:com.google.android.gms@19275037@19.2.75 (100400-269183835):21)
07-22 14:45:37.205  4364  4433 E Auth    : 	at java.util.concurrent.ThreadPoolExecutor.runWorker(ThreadPoolExecutor.java:1167)
07-22 14:45:37.205  4364  4433 E Auth    : 	at java.util.concurrent.ThreadPoolExecutor$Worker.run(ThreadPoolExecutor.java:641)
07-22 14:45:37.205  4364  4433 E Auth    : 	at spf.run(Unknown Source:7)
07-22 14:45:37.205  4364  4433 E Auth    : 	at java.lang.Thread.run(Thread.java:764)
07-22 14:45:37.230 11328 11328 E Zygote  : isWhitelistProcess - Process is Whitelisted
07-22 14:45:37.237 11328 11328 E Zygote  : accessInfo : 1
07-22 14:45:37.250  4364  4433 E Uploader: Failed to get auth token: User intervention required. Notification has been pushed.
07-22 14:45:37.250  4364  4433 E Uploader: gym: User intervention required. Notification has been pushed.
07-22 14:45:37.250  4364  4433 E Uploader: 	at gxw.b(:com.google.android.gms@19275037@19.2.75 (100400-269183835):7)
07-22 14:45:37.250  4364  4433 E Uploader: 	at qxw.a(:com.google.android.gms@19275037@19.2.75 (100400-269183835):247)
07-22 14:45:37.250  4364  4433 E Uploader: 	at com.google.android.gms.clearcut.uploader.QosUploaderChimeraService.a(:com.google.android.gms@19275037@19.2.75 (100400-269183835):79)
07-22 14:45:37.250  4364  4433 E Uploader: 	at com.google.android.gms.clearcut.uploader.QosUploaderChimeraService.a(:com.google.android.gms@19275037@19.2.75 (100400-269183835):8)
07-22 14:45:37.250  4364  4433 E Uploader: 	at aemg.run(:com.google.android.gms@19275037@19.2.75 (100400-269183835):5)
07-22 14:45:37.250  4364  4433 E Uploader: 	at sjm.b(:com.google.android.gms@19275037@19.2.75 (100400-269183835):33)
07-22 14:45:37.250  4364  4433 E Uploader: 	at sjm.run(:com.google.android.gms@19275037@19.2.75 (100400-269183835):21)
07-22 14:45:37.250  4364  4433 E Uploader: 	at java.util.concurrent.ThreadPoolExecutor.runWorker(ThreadPoolExecutor.java:1167)
07-22 14:45:37.250  4364  4433 E Uploader: 	at java.util.concurrent.ThreadPoolExecutor$Worker.run(ThreadPoolExecutor.java:641)
07-22 14:45:37.250  4364  4433 E Uploader: 	at spf.run(Unknown Source:7)
07-22 14:45:37.250  4364  4433 E Uploader: 	at java.lang.Thread.run(Thread.java:764)
07-22 14:45:37.292 11340 11340 E Zygote  : isWhitelistProcess - Process is Whitelisted
07-22 14:45:37.293 11340 11340 E Zygote  : accessInfo : 1
07-22 14:45:37.321 11340 11340 E pp.clockpackag: Not starting debugger since process cannot load the jdwp agent.
07-22 14:45:37.344 11328 11328 E android.dqagen: Not starting debugger since process cannot load the jdwp agent.
07-22 14:45:37.359 11214 11214 E [SAUI]  : Firebase initialize is success
07-22 14:45:37.365 11214 11315 E [SAUI]  : Firebase initialize is success
07-22 14:45:37.387 11368 11368 E Zygote  : isWhitelistProcess - Process is Whitelisted
07-22 14:45:37.391 11368 11368 E Zygote  : accessInfo : 1
07-22 14:45:37.392  4364 13666 E Auth    : [GoogleAccountDataServiceImpl] getToken() -> BAD_AUTHENTICATION. Account: <ELLIDED:-682645340>, App: com.google.android.gms, Service: oauth2:https://www.googleapis.com/auth/playatoms
07-22 14:45:37.392  4364 13666 E Auth    : rkt: Long live credential not available.
07-22 14:45:37.392  4364 13666 E Auth    : 	at hbg.a(:com.google.android.gms@19275037@19.2.75 (100400-269183835):123)
07-22 14:45:37.392  4364 13666 E Auth    : 	at iuq.a(:com.google.android.gms@19275037@19.2.75 (100400-269183835):137)
07-22 14:45:37.392  4364 13666 E Auth    : 	at itt.a(:com.google.android.gms@19275037@19.2.75 (100400-269183835):2)
07-22 14:45:37.392  4364 13666 E Auth    : 	at itr.a(:com.google.android.gms@19275037@19.2.75 (100400-269183835):17)
07-22 14:45:37.392  4364 13666 E Auth    : 	at itr.a(:com.google.android.gms@19275037@19.2.75 (100400-269183835):11)
07-22 14:45:37.392  4364 13666 E Auth    : 	at gxr.a(:com.google.android.gms@19275037@19.2.75 (100400-269183835):44)
07-22 14:45:37.392  4364 13666 E Auth    : 	at gxr.a(:com.google.android.gms@19275037@19.2.75 (100400-269183835):98)
07-22 14:45:37.392  4364 13666 E Auth    : 	at gzx.getAuthToken(:com.google.android.gms@19275037@19.2.75 (100400-269183835):29)
07-22 14:45:37.392  4364 13666 E Auth    : 	at android.accounts.AbstractAccountAuthenticator$Transport.getAuthToken(AbstractAccountAuthenticator.java:247)
07-22 14:45:37.392  4364 13666 E Auth    : 	at android.accounts.IAccountAuthenticator$Stub.onTransact(IAccountAuthenticator.java:114)
07-22 14:45:37.392  4364 13666 E Auth    : 	at android.os.Binder.transact(Binder.java:675)
07-22 14:45:37.392  4364 13666 E Auth    : 	at dyk.onTransact(:com.google.android.gms@19275037@19.2.75 (100400-269183835):3)
07-22 14:45:37.392  4364 13666 E Auth    : 	at android.os.Binder.transact(Binder.java:675)
07-22 14:45:37.392  4364 13666 E Auth    : 	at zxr.onTransact(:com.google.android.gms@19275037@19.2.75 (100400-269183835):19)
07-22 14:45:37.392  4364 13666 E Auth    : 	at android.os.Binder.execTransact(Binder.java:739)
07-22 14:45:37.446  4364  4433 E Auth    : [GoogleAccountDataServiceImpl] getToken() -> BAD_AUTHENTICATION. Account: <ELLIDED:-682645340>, App: com.google.android.gms, Service: oauth2:https://www.googleapis.com/auth/cclog
07-22 14:45:37.446  4364  4433 E Auth    : rkt: Long live credential not available.
07-22 14:45:37.446  4364  4433 E Auth    : 	at hbg.a(:com.google.android.gms@19275037@19.2.75 (100400-269183835):123)
07-22 14:45:37.446  4364  4433 E Auth    : 	at iuq.a(:com.google.android.gms@19275037@19.2.75 (100400-269183835):137)
07-22 14:45:37.446  4364  4433 E Auth    : 	at itt.a(:com.google.android.gms@19275037@19.2.75 (100400-269183835):2)
07-22 14:45:37.446  4364  4433 E Auth    : 	at itr.a(:com.google.android.gms@19275037@19.2.75 (100400-269183835):17)
07-22 14:45:37.446  4364  4433 E Auth    : 	at itr.a(:com.google.android.gms@19275037@19.2.75 (100400-269183835):11)
07-22 14:45:37.446  4364  4433 E Auth    : 	at gxr.a(:com.google.android.gms@19275037@19.2.75 (100400-269183835):44)
07-22 14:45:37.446  4364  4433 E Auth    : 	at gxr.a(:com.google.android.gms@19275037@19.2.75 (100400-269183835):98)
07-22 14:45:37.446  4364  4433 E Auth    : 	at gyb.a(:com.google.android.gms@19275037@19.2.75 (100400-269183835):3)
07-22 14:45:37.446  4364  4433 E Auth    : 	at gxy.a(:com.google.android.gms@19275037@19.2.75 (100400-269183835):3)
07-22 14:45:37.446  4364  4433 E Auth    : 	at gxy.c(:com.google.android.gms@19275037@19.2.75 (100400-269183835):6)
07-22 14:45:37.446  4364  4433 E Auth    : 	at gxw.b(:com.google.android.gms@19275037@19.2.75 (100400-269183835):4)
07-22 14:45:37.446  4364  4433 E Auth    : 	at qxw.a(:com.google.android.gms@19275037@19.2.75 (100400-269183835):247)
07-22 14:45:37.446  4364  4433 E Auth    : 	at com.google.android.gms.clearcut.uploader.QosUploaderChimeraService.a(:com.google.android.gms@19275037@19.2.75 (100400-269183835):79)
07-22 14:45:37.446  4364  4433 E Auth    : 	at com.google.android.gms.clearcut.uploader.QosUploaderChimeraService.a(:com.google.android.gms@19275037@19.2.75 (100400-269183835):8)
07-22 14:45:37.446  4364  4433 E Auth    : 	at aemg.run(:com.google.android.gms@19275037@19.2.75 (100400-269183835):5)
07-22 14:45:37.446  4364  4433 E Auth    : 	at sjm.b(:com.google.android.gms@19275037@19.2.75 (100400-269183835):33)
07-22 14:45:37.446  4364  4433 E Auth    : 	at sjm.run(:com.google.android.gms@19275037@19.2.75 (100400-269183835):21)
07-22 14:45:37.446  4364  4433 E Auth    : 	at java.util.concurrent.ThreadPoolExecutor.runWorker(ThreadPoolExecutor.java:1167)
07-22 14:45:37.446  4364  4433 E Auth    : 	at java.util.concurrent.ThreadPoolExecutor$Worker.run(ThreadPoolExecutor.java:641)
07-22 14:45:37.446  4364  4433 E Auth    : 	at spf.run(Unknown Source:7)
07-22 14:45:37.446  4364  4433 E Auth    : 	at java.lang.Thread.run(Thread.java:764)
07-22 14:45:37.447  3844  4409 E GnssLocationProvider: Error getting cell location info.
07-22 14:45:37.464 11368 11368 E ownload_servic: Not starting debugger since process cannot load the jdwp agent.
07-22 14:45:37.497  4364 10906 E InstantApps: getTokenWithNotification failed
07-22 14:45:37.497  4364 10906 E InstantApps: android.accounts.AuthenticatorException: Null/empty token
07-22 14:45:37.497  4364 10906 E InstantApps: 	at adhy.b(:com.google.android.gms@19275037@19.2.75 (100400-269183835):3)
07-22 14:45:37.497  4364 10906 E InstantApps: 	at adhy.a(:com.google.android.gms@19275037@19.2.75 (100400-269183835):4)
07-22 14:45:37.497  4364 10906 E InstantApps: 	at adie.a(:com.google.android.gms@19275037@19.2.75 (100400-269183835):43)
07-22 14:45:37.497  4364 10906 E InstantApps: 	at adim.call(:com.google.android.gms@19275037@19.2.75 (100400-269183835):2)
07-22 14:45:37.497  4364 10906 E InstantApps: 	at java.util.concurrent.FutureTask.run(FutureTask.java:266)
07-22 14:45:37.497  4364 10906 E InstantApps: 	at sjm.b(:com.google.android.gms@19275037@19.2.75 (100400-269183835):33)
07-22 14:45:37.497  4364 10906 E InstantApps: 	at sjm.run(:com.google.android.gms@19275037@19.2.75 (100400-269183835):21)
07-22 14:45:37.497  4364 10906 E InstantApps: 	at java.util.concurrent.ThreadPoolExecutor.runWorker(ThreadPoolExecutor.java:1167)
07-22 14:45:37.497  4364 10906 E InstantApps: 	at java.util.concurrent.ThreadPoolExecutor$Worker.run(ThreadPoolExecutor.java:641)
07-22 14:45:37.497  4364 10906 E InstantApps: 	at spf.run(Unknown Source:7)
07-22 14:45:37.497  4364 10906 E InstantApps: 	at java.lang.Thread.run(Thread.java:764)
07-22 14:45:37.499  4364 10908 E InstantApps: DomainFilterImpl: Error while reading domain filter from WHAPI
07-22 14:45:37.499  4364 10908 E InstantApps: java.util.concurrent.ExecutionException: cewt: UNAUTHENTICATED
07-22 14:45:37.499  4364 10908 E InstantApps: 	at java.util.concurrent.FutureTask.report(FutureTask.java:123)
07-22 14:45:37.499  4364 10908 E InstantApps: 	at java.util.concurrent.FutureTask.get(FutureTask.java:193)
07-22 14:45:37.499  4364 10908 E InstantApps: 	at adij.get(:com.google.android.gms@19275037@19.2.75 (100400-269183835):2)
07-22 14:45:37.499  4364 10908 E InstantApps: 	at adpb.a(:com.google.android.gms@19275037@19.2.75 (100400-269183835):1)
07-22 14:45:37.499  4364 10908 E InstantApps: 	at adpb.a(:com.google.android.gms@19275037@19.2.75 (100400-269183835):330)
07-22 14:45:37.499  4364 10908 E InstantApps: 	at adot.a(:com.google.android.gms@19275037@19.2.75 (100400-269183835):2)
07-22 14:45:37.499  4364 10908 E InstantApps: 	at com.google.android.gms.instantapps.routing.DomainFilterUpdateChimeraService.a(:com.google.android.gms@19275037@19.2.75 (100400-269183835):1)
07-22 14:45:37.499  4364 10908 E InstantApps: 	at com.google.android.gms.instantapps.routing.DomainFilterUpdateChimeraService.a(:com.google.android.gms@19275037@19.2.75 (100400-269183835):26)
07-22 14:45:37.499  4364 10908 E InstantApps: 	at aemg.run(:com.google.android.gms@19275037@19.2.75 (100400-269183835):5)
07-22 14:45:37.499  4364 10908 E InstantApps: 	at sjm.b(:com.google.android.gms@19275037@19.2.75 (100400-269183835):33)
07-22 14:45:37.499  4364 10908 E InstantApps: 	at sjm.run(:com.google.android.gms@19275037@19.2.75 (100400-269183835):21)
07-22 14:45:37.499  4364 10908 E InstantApps: 	at java.util.concurrent.ThreadPoolExecutor.runWorker(ThreadPoolExecutor.java:1167)
07-22 14:45:37.499  4364 10908 E InstantApps: 	at java.util.concurrent.ThreadPoolExecutor$Worker.run(ThreadPoolExecutor.java:641)
07-22 14:45:37.499  4364 10908 E InstantApps: 	at spf.run(Unknown Source:7)
07-22 14:45:37.499  4364 10908 E InstantApps: 	at java.lang.Thread.run(Thread.java:764)
07-22 14:45:37.499  4364 10908 E InstantApps: Caused by: cewt: UNAUTHENTICATED
07-22 14:45:37.499  4364 10908 E InstantApps: 	at adie.a(:com.google.android.gms@19275037@19.2.75 (100400-269183835):66)
07-22 14:45:37.499  4364 10908 E InstantApps: 	at adim.call(:com.google.android.gms@19275037@19.2.75 (100400-269183835):2)
07-22 14:45:37.499  4364 10908 E InstantApps: 	at java.util.concurrent.FutureTask.run(FutureTask.java:266)
07-22 14:45:37.499  4364 10908 E InstantApps: 	... 6 more
07-22 14:45:37.634  4364  4433 E Uploader: Failed to get auth token: User intervention required. Notification has been pushed.
07-22 14:45:37.634  4364  4433 E Uploader: gym: User intervention required. Notification has been pushed.
07-22 14:45:37.634  4364  4433 E Uploader: 	at gxw.b(:com.google.android.gms@19275037@19.2.75 (100400-269183835):7)
07-22 14:45:37.634  4364  4433 E Uploader: 	at qxw.a(:com.google.android.gms@19275037@19.2.75 (100400-269183835):247)
07-22 14:45:37.634  4364  4433 E Uploader: 	at com.google.android.gms.clearcut.uploader.QosUploaderChimeraService.a(:com.google.android.gms@19275037@19.2.75 (100400-269183835):79)
07-22 14:45:37.634  4364  4433 E Uploader: 	at com.google.android.gms.clearcut.uploader.QosUploaderChimeraService.a(:com.google.android.gms@19275037@19.2.75 (100400-269183835):8)
07-22 14:45:37.634  4364  4433 E Uploader: 	at aemg.run(:com.google.android.gms@19275037@19.2.75 (100400-269183835):5)
07-22 14:45:37.634  4364  4433 E Uploader: 	at sjm.b(:com.google.android.gms@19275037@19.2.75 (100400-269183835):33)
07-22 14:45:37.634  4364  4433 E Uploader: 	at sjm.run(:com.google.android.gms@19275037@19.2.75 (100400-269183835):21)
07-22 14:45:37.634  4364  4433 E Uploader: 	at java.util.concurrent.ThreadPoolExecutor.runWorker(ThreadPoolExecutor.java:1167)
07-22 14:45:37.634  4364  4433 E Uploader: 	at java.util.concurrent.ThreadPoolExecutor$Worker.run(ThreadPoolExecutor.java:641)
07-22 14:45:37.634  4364  4433 E Uploader: 	at spf.run(Unknown Source:7)
07-22 14:45:37.634  4364  4433 E Uploader: 	at java.lang.Thread.run(Thread.java:764)
07-22 14:45:37.840  4364  4433 E Auth    : [GoogleAccountDataServiceImpl] getToken() -> BAD_AUTHENTICATION. Account: <ELLIDED:-682645340>, App: com.google.android.gms, Service: oauth2:https://www.googleapis.com/auth/cclog
07-22 14:45:37.840  4364  4433 E Auth    : rkt: Long live credential not available.
07-22 14:45:37.840  4364  4433 E Auth    : 	at hbg.a(:com.google.android.gms@19275037@19.2.75 (100400-269183835):123)
07-22 14:45:37.840  4364  4433 E Auth    : 	at iuq.a(:com.google.android.gms@19275037@19.2.75 (100400-269183835):137)
07-22 14:45:37.840  4364  4433 E Auth    : 	at itt.a(:com.google.android.gms@19275037@19.2.75 (100400-269183835):2)
07-22 14:45:37.840  4364  4433 E Auth    : 	at itr.a(:com.google.android.gms@19275037@19.2.75 (100400-269183835):17)
07-22 14:45:37.840  4364  4433 E Auth    : 	at itr.a(:com.google.android.gms@19275037@19.2.75 (100400-269183835):11)
07-22 14:45:37.840  4364  4433 E Auth    : 	at gxr.a(:com.google.android.gms@19275037@19.2.75 (100400-269183835):44)
07-22 14:45:37.840  4364  4433 E Auth    : 	at gxr.a(:com.google.android.gms@19275037@19.2.75 (100400-269183835):98)
07-22 14:45:37.840  4364  4433 E Auth    : 	at gyb.a(:com.google.android.gms@19275037@19.2.75 (100400-269183835):3)
07-22 14:45:37.840  4364  4433 E Auth    : 	at gxy.a(:com.google.android.gms@19275037@19.2.75 (100400-269183835):3)
07-22 14:45:37.840  4364  4433 E Auth    : 	at gxy.c(:com.google.android.gms@19275037@19.2.75 (100400-269183835):6)
07-22 14:45:37.840  4364  4433 E Auth    : 	at gxw.b(:com.google.android.gms@19275037@19.2.75 (100400-269183835):4)
07-22 14:45:37.840  4364  4433 E Auth    : 	at qxw.a(:com.google.android.gms@19275037@19.2.75 (100400-269183835):247)
07-22 14:45:37.840  4364  4433 E Auth    : 	at com.google.android.gms.clearcut.uploader.QosUploaderChimeraService.a(:com.google.android.gms@19275037@19.2.75 (100400-269183835):79)
07-22 14:45:37.840  4364  4433 E Auth    : 	at com.google.android.gms.clearcut.uploader.QosUploaderChimeraService.a(:com.google.android.gms@19275037@19.2.75 (100400-269183835):8)
07-22 14:45:37.840  4364  4433 E Auth    : 	at aemg.run(:com.google.android.gms@19275037@19.2.75 (100400-269183835):5)
07-22 14:45:37.840  4364  4433 E Auth    : 	at sjm.b(:com.google.android.gms@19275037@19.2.75 (100400-269183835):33)
07-22 14:45:37.840  4364  4433 E Auth    : 	at sjm.run(:com.google.android.gms@19275037@19.2.75 (100400-269183835):21)
07-22 14:45:37.840  4364  4433 E Auth    : 	at java.util.concurrent.ThreadPoolExecutor.runWorker(ThreadPoolExecutor.java:1167)
07-22 14:45:37.840  4364  4433 E Auth    : 	at java.util.concurrent.ThreadPoolExecutor$Worker.run(ThreadPoolExecutor.java:641)
07-22 14:45:37.840  4364  4433 E Auth    : 	at spf.run(Unknown Source:7)
07-22 14:45:37.840  4364  4433 E Auth    : 	at java.lang.Thread.run(Thread.java:764)
07-22 14:45:38.062  4364  4433 E Uploader: Failed to get auth token: User intervention required. Notification has been pushed.
07-22 14:45:38.062  4364  4433 E Uploader: gym: User intervention required. Notification has been pushed.
07-22 14:45:38.062  4364  4433 E Uploader: 	at gxw.b(:com.google.android.gms@19275037@19.2.75 (100400-269183835):7)
07-22 14:45:38.062  4364  4433 E Uploader: 	at qxw.a(:com.google.android.gms@19275037@19.2.75 (100400-269183835):247)
07-22 14:45:38.062  4364  4433 E Uploader: 	at com.google.android.gms.clearcut.uploader.QosUploaderChimeraService.a(:com.google.android.gms@19275037@19.2.75 (100400-269183835):79)
07-22 14:45:38.062  4364  4433 E Uploader: 	at com.google.android.gms.clearcut.uploader.QosUploaderChimeraService.a(:com.google.android.gms@19275037@19.2.75 (100400-269183835):8)
07-22 14:45:38.062  4364  4433 E Uploader: 	at aemg.run(:com.google.android.gms@19275037@19.2.75 (100400-269183835):5)
07-22 14:45:38.062  4364  4433 E Uploader: 	at sjm.b(:com.google.android.gms@19275037@19.2.75 (100400-269183835):33)
07-22 14:45:38.062  4364  4433 E Uploader: 	at sjm.run(:com.google.android.gms@19275037@19.2.75 (100400-269183835):21)
07-22 14:45:38.062  4364  4433 E Uploader: 	at java.util.concurrent.ThreadPoolExecutor.runWorker(ThreadPoolExecutor.java:1167)
07-22 14:45:38.062  4364  4433 E Uploader: 	at java.util.concurrent.ThreadPoolExecutor$Worker.run(ThreadPoolExecutor.java:641)
07-22 14:45:38.062  4364  4433 E Uploader: 	at spf.run(Unknown Source:7)
07-22 14:45:38.062  4364  4433 E Uploader: 	at java.lang.Thread.run(Thread.java:764)
07-22 14:45:38.085  4343  4410 E RequestManager_FLP: [LocationManagerService] Location remove 1b1160c from system
07-22 14:45:38.153 11254 11254 E SEMS:MobileService_10.5.0.000: [BLog][2][BuddyPrecondition] fail Sim is absent
07-22 14:45:38.292  4364  4433 E Auth    : [GoogleAccountDataServiceImpl] getToken() -> BAD_AUTHENTICATION. Account: <ELLIDED:-682645340>, App: com.google.android.gms, Service: oauth2:https://www.googleapis.com/auth/cclog
07-22 14:45:38.292  4364  4433 E Auth    : rkt: Long live credential not available.
07-22 14:45:38.292  4364  4433 E Auth    : 	at hbg.a(:com.google.android.gms@19275037@19.2.75 (100400-269183835):123)
07-22 14:45:38.292  4364  4433 E Auth    : 	at iuq.a(:com.google.android.gms@19275037@19.2.75 (100400-269183835):137)
07-22 14:45:38.292  4364  4433 E Auth    : 	at itt.a(:com.google.android.gms@19275037@19.2.75 (100400-269183835):2)
07-22 14:45:38.292  4364  4433 E Auth    : 	at itr.a(:com.google.android.gms@19275037@19.2.75 (100400-269183835):17)
07-22 14:45:38.292  4364  4433 E Auth    : 	at itr.a(:com.google.android.gms@19275037@19.2.75 (100400-269183835):11)
07-22 14:45:38.292  4364  4433 E Auth    : 	at gxr.a(:com.google.android.gms@19275037@19.2.75 (100400-269183835):44)
07-22 14:45:38.292  4364  4433 E Auth    : 	at gxr.a(:com.google.android.gms@19275037@19.2.75 (100400-269183835):98)
07-22 14:45:38.292  4364  4433 E Auth    : 	at gyb.a(:com.google.android.gms@19275037@19.2.75 (100400-269183835):3)
07-22 14:45:38.292  4364  4433 E Auth    : 	at gxy.a(:com.google.android.gms@19275037@19.2.75 (100400-269183835):3)
07-22 14:45:38.292  4364  4433 E Auth    : 	at gxy.c(:com.google.android.gms@19275037@19.2.75 (100400-269183835):6)
07-22 14:45:38.292  4364  4433 E Auth    : 	at gxw.b(:com.google.android.gms@19275037@19.2.75 (100400-269183835):4)
07-22 14:45:38.292  4364  4433 E Auth    : 	at qxw.a(:com.google.android.gms@19275037@19.2.75 (100400-269183835):247)
07-22 14:45:38.292  4364  4433 E Auth    : 	at com.google.android.gms.clearcut.uploader.QosUploaderChimeraService.a(:com.google.android.gms@19275037@19.2.75 (100400-269183835):79)
07-22 14:45:38.292  4364  4433 E Auth    : 	at com.google.android.gms.clearcut.uploader.QosUploaderChimeraService.a(:com.google.android.gms@19275037@19.2.75 (100400-269183835):8)
07-22 14:45:38.292  4364  4433 E Auth    : 	at aemg.run(:com.google.android.gms@19275037@19.2.75 (100400-269183835):5)
07-22 14:45:38.292  4364  4433 E Auth    : 	at sjm.b(:com.google.android.gms@19275037@19.2.75 (100400-269183835):33)
07-22 14:45:38.292  4364  4433 E Auth    : 	at sjm.run(:com.google.android.gms@19275037@19.2.75 (100400-269183835):21)
07-22 14:45:38.292  4364  4433 E Auth    : 	at java.util.concurrent.ThreadPoolExecutor.runWorker(ThreadPoolExecutor.java:1167)
07-22 14:45:38.292  4364  4433 E Auth    : 	at java.util.concurrent.ThreadPoolExecutor$Worker.run(ThreadPoolExecutor.java:641)
07-22 14:45:38.292  4364  4433 E Auth    : 	at spf.run(Unknown Source:7)
07-22 14:45:38.292  4364  4433 E Auth    : 	at java.lang.Thread.run(Thread.java:764)
07-22 14:45:38.356  4364  4395 E Auth    : [GoogleAccountDataServiceImpl] getToken() -> BAD_AUTHENTICATION. Account: <ELLIDED:-682645340>, App: com.google.android.gms, Service: oauth2: email
07-22 14:45:38.356  4364  4395 E Auth    : rkt: Long live credential not available.
07-22 14:45:38.356  4364  4395 E Auth    : 	at hbg.a(:com.google.android.gms@19275037@19.2.75 (100400-269183835):123)
07-22 14:45:38.356  4364  4395 E Auth    : 	at iuq.a(:com.google.android.gms@19275037@19.2.75 (100400-269183835):137)
07-22 14:45:38.356  4364  4395 E Auth    : 	at itt.a(:com.google.android.gms@19275037@19.2.75 (100400-269183835):2)
07-22 14:45:38.356  4364  4395 E Auth    : 	at itr.a(:com.google.android.gms@19275037@19.2.75 (100400-269183835):17)
07-22 14:45:38.356  4364  4395 E Auth    : 	at itr.a(:com.google.android.gms@19275037@19.2.75 (100400-269183835):11)
07-22 14:45:38.356  4364  4395 E Auth    : 	at gxr.a(:com.google.android.gms@19275037@19.2.75 (100400-269183835):44)
07-22 14:45:38.356  4364  4395 E Auth    : 	at gxr.a(:com.google.android.gms@19275037@19.2.75 (100400-269183835):98)
07-22 14:45:38.356  4364  4395 E Auth    : 	at dwo.a(:com.google.android.gms@19275037@19.2.75 (100400-269183835):1)
07-22 14:45:38.356  4364  4395 E Auth    : 	at zwx.a(:com.google.android.gms@19275037@19.2.75 (100400-269183835):7)
07-22 14:45:38.356  4364  4395 E Auth    : 	at cqy.onTransact(:com.google.android.gms@19275037@19.2.75 (100400-269183835):4)
07-22 14:45:38.356  4364  4395 E Auth    : 	at android.os.Binder.transact(Binder.java:675)
07-22 14:45:38.356  4364  4395 E Auth    : 	at dyk.onTransact(:com.google.android.gms@19275037@19.2.75 (100400-269183835):3)
07-22 14:45:38.356  4364  4395 E Auth    : 	at android.os.Binder.transact(Binder.java:675)
07-22 14:45:38.356  4364  4395 E Auth    : 	at zxr.onTransact(:com.google.android.gms@19275037@19.2.75 (100400-269183835):19)
07-22 14:45:38.356  4364  4395 E Auth    : 	at android.os.Binder.execTransact(Binder.java:739)
07-22 14:45:38.401  4364  4433 E Uploader: Failed to get auth token: User intervention required. Notification has been pushed.
07-22 14:45:38.401  4364  4433 E Uploader: gym: User intervention required. Notification has been pushed.
07-22 14:45:38.401  4364  4433 E Uploader: 	at gxw.b(:com.google.android.gms@19275037@19.2.75 (100400-269183835):7)
07-22 14:45:38.401  4364  4433 E Uploader: 	at qxw.a(:com.google.android.gms@19275037@19.2.75 (100400-269183835):247)
07-22 14:45:38.401  4364  4433 E Uploader: 	at com.google.android.gms.clearcut.uploader.QosUploaderChimeraService.a(:com.google.android.gms@19275037@19.2.75 (100400-269183835):79)
07-22 14:45:38.401  4364  4433 E Uploader: 	at com.google.android.gms.clearcut.uploader.QosUploaderChimeraService.a(:com.google.android.gms@19275037@19.2.75 (100400-269183835):8)
07-22 14:45:38.401  4364  4433 E Uploader: 	at aemg.run(:com.google.android.gms@19275037@19.2.75 (100400-269183835):5)
07-22 14:45:38.401  4364  4433 E Uploader: 	at sjm.b(:com.google.android.gms@19275037@19.2.75 (100400-269183835):33)
07-22 14:45:38.401  4364  4433 E Uploader: 	at sjm.run(:com.google.android.gms@19275037@19.2.75 (100400-269183835):21)
07-22 14:45:38.401  4364  4433 E Uploader: 	at java.util.concurrent.ThreadPoolExecutor.runWorker(ThreadPoolExecutor.java:1167)
07-22 14:45:38.401  4364  4433 E Uploader: 	at java.util.concurrent.ThreadPoolExecutor$Worker.run(ThreadPoolExecutor.java:641)
07-22 14:45:38.401  4364  4433 E Uploader: 	at spf.run(Unknown Source:7)
07-22 14:45:38.401  4364  4433 E Uploader: 	at java.lang.Thread.run(Thread.java:764)
07-22 14:45:38.446 11424 11424 E Zygote  : isWhitelistProcess - Process is Whitelisted
07-22 14:45:38.447 11424 11424 E Zygote  : accessInfo : 1
07-22 14:45:38.464 11424 11424 E .apps.turbo:aa: Not starting debugger since process cannot load the jdwp agent.
07-22 14:45:38.499 11440 11440 E Zygote  : isWhitelistProcess - Process is Whitelisted
07-22 14:45:38.499 11440 11440 E Zygote  : accessInfo : 1
07-22 14:45:38.542 11440 11440 E android.soagen: Not starting debugger since process cannot load the jdwp agent.
07-22 14:45:38.553  4364  4433 E Auth    : [GoogleAccountDataServiceImpl] getToken() -> BAD_AUTHENTICATION. Account: <ELLIDED:-682645340>, App: com.google.android.gms, Service: oauth2:https://www.googleapis.com/auth/cclog
07-22 14:45:38.553  4364  4433 E Auth    : rkt: Long live credential not available.
07-22 14:45:38.553  4364  4433 E Auth    : 	at hbg.a(:com.google.android.gms@19275037@19.2.75 (100400-269183835):123)
07-22 14:45:38.553  4364  4433 E Auth    : 	at iuq.a(:com.google.android.gms@19275037@19.2.75 (100400-269183835):137)
07-22 14:45:38.553  4364  4433 E Auth    : 	at itt.a(:com.google.android.gms@19275037@19.2.75 (100400-269183835):2)
07-22 14:45:38.553  4364  4433 E Auth    : 	at itr.a(:com.google.android.gms@19275037@19.2.75 (100400-269183835):17)
07-22 14:45:38.553  4364  4433 E Auth    : 	at itr.a(:com.google.android.gms@19275037@19.2.75 (100400-269183835):11)
07-22 14:45:38.553  4364  4433 E Auth    : 	at gxr.a(:com.google.android.gms@19275037@19.2.75 (100400-269183835):44)
07-22 14:45:38.553  4364  4433 E Auth    : 	at gxr.a(:com.google.android.gms@19275037@19.2.75 (100400-269183835):98)
07-22 14:45:38.553  4364  4433 E Auth    : 	at gyb.a(:com.google.android.gms@19275037@19.2.75 (100400-269183835):3)
07-22 14:45:38.553  4364  4433 E Auth    : 	at gxy.a(:com.google.android.gms@19275037@19.2.75 (100400-269183835):3)
07-22 14:45:38.553  4364  4433 E Auth    : 	at gxy.c(:com.google.android.gms@19275037@19.2.75 (100400-269183835):6)
07-22 14:45:38.553  4364  4433 E Auth    : 	at gxw.b(:com.google.android.gms@19275037@19.2.75 (100400-269183835):4)
07-22 14:45:38.553  4364  4433 E Auth    : 	at qxw.a(:com.google.android.gms@19275037@19.2.75 (100400-269183835):247)
07-22 14:45:38.553  4364  4433 E Auth    : 	at com.google.android.gms.clearcut.uploader.QosUploaderChimeraService.a(:com.google.android.gms@19275037@19.2.75 (100400-269183835):79)
07-22 14:45:38.553  4364  4433 E Auth    : 	at com.google.android.gms.clearcut.uploader.QosUploaderChimeraService.a(:com.google.android.gms@19275037@19.2.75 (100400-269183835):8)
07-22 14:45:38.553  4364  4433 E Auth    : 	at aemg.run(:com.google.android.gms@19275037@19.2.75 (100400-269183835):5)
07-22 14:45:38.553  4364  4433 E Auth    : 	at sjm.b(:com.google.android.gms@19275037@19.2.75 (100400-269183835):33)
07-22 14:45:38.553  4364  4433 E Auth    : 	at sjm.run(:com.google.android.gms@19275037@19.2.75 (100400-269183835):21)
07-22 14:45:38.553  4364  4433 E Auth    : 	at java.util.concurrent.ThreadPoolExecutor.runWorker(ThreadPoolExecutor.java:1167)
07-22 14:45:38.553  4364  4433 E Auth    : 	at java.util.concurrent.ThreadPoolExecutor$Worker.run(ThreadPoolExecutor.java:641)
07-22 14:45:38.553  4364  4433 E Auth    : 	at spf.run(Unknown Source:7)
07-22 14:45:38.553  4364  4433 E Auth    : 	at java.lang.Thread.run(Thread.java:764)
07-22 14:45:38.692  4364  4433 E Uploader: Failed to get auth token: User intervention required. Notification has been pushed.
07-22 14:45:38.692  4364  4433 E Uploader: gym: User intervention required. Notification has been pushed.
07-22 14:45:38.692  4364  4433 E Uploader: 	at gxw.b(:com.google.android.gms@19275037@19.2.75 (100400-269183835):7)
07-22 14:45:38.692  4364  4433 E Uploader: 	at qxw.a(:com.google.android.gms@19275037@19.2.75 (100400-269183835):247)
07-22 14:45:38.692  4364  4433 E Uploader: 	at com.google.android.gms.clearcut.uploader.QosUploaderChimeraService.a(:com.google.android.gms@19275037@19.2.75 (100400-269183835):79)
07-22 14:45:38.692  4364  4433 E Uploader: 	at com.google.android.gms.clearcut.uploader.QosUploaderChimeraService.a(:com.google.android.gms@19275037@19.2.75 (100400-269183835):8)
07-22 14:45:38.692  4364  4433 E Uploader: 	at aemg.run(:com.google.android.gms@19275037@19.2.75 (100400-269183835):5)
07-22 14:45:38.692  4364  4433 E Uploader: 	at sjm.b(:com.google.android.gms@19275037@19.2.75 (100400-269183835):33)
07-22 14:45:38.692  4364  4433 E Uploader: 	at sjm.run(:com.google.android.gms@19275037@19.2.75 (100400-269183835):21)
07-22 14:45:38.692  4364  4433 E Uploader: 	at java.util.concurrent.ThreadPoolExecutor.runWorker(ThreadPoolExecutor.java:1167)
07-22 14:45:38.692  4364  4433 E Uploader: 	at java.util.concurrent.ThreadPoolExecutor$Worker.run(ThreadPoolExecutor.java:641)
07-22 14:45:38.692  4364  4433 E Uploader: 	at spf.run(Unknown Source:7)
07-22 14:45:38.692  4364  4433 E Uploader: 	at java.lang.Thread.run(Thread.java:764)
07-22 14:45:38.861  3464  3564 E Netd    : getNetworkForDns: getNetId from enterpriseCtrl is netid 0
07-22 14:45:38.945  4364  4379 E Auth    : [GoogleAccountDataServiceImpl] getToken() -> BAD_AUTHENTICATION. Account: <ELLIDED:-682645340>, App: com.google.android.gms, Service: oauth2:https://www.googleapis.com/auth/playatoms
