07-22 15:34:58.418  3464  3570 E IptablesRestoreController: [iptables debug]iptables-restore execute done *filter
07-22 15:34:58.418  3464  3570 E IptablesRestoreController: -nvx -L tetherctrl_counters
07-22 15:34:58.418  3464  3570 E IptablesRestoreController: COMMIT
07-22 15:34:58.418  3464  3570 E IptablesRestoreController: , res : 0
07-22 15:34:58.418  3464  3570 E IptablesRestoreController: [iptables debug]iptables-restore execute *filter
07-22 15:34:58.418  3464  3570 E IptablesRestoreController: -nvx -L tetherctrl_counters
07-22 15:34:58.418  3464  3570 E IptablesRestoreController: COMMIT
07-22 15:34:58.420  3464  3570 E IptablesRestoreController: [iptables debug]iptables-restore execute done *filter
07-22 15:34:58.420  3464  3570 E IptablesRestoreController: -nvx -L tetherctrl_counters
07-22 15:34:58.420  3464  3570 E IptablesRestoreController: COMMIT
07-22 15:34:58.420  3464  3570 E IptablesRestoreController: , res : 0
07-22 15:34:58.605 11043 11043 E [[WEATHER](16161@0)] : {[6107F15E73BDEBE9385791326A0C66E2FA6CCEFE03B8425EBCA681FB64B46704FDF1158093D9C389ADDA1671FC5E2FCB]}
07-22 15:34:58.606 11043 11043 E [[WEATHER](16161@0)] : {[D8C9BDEEC252818F13C16BA1F8D5BDBBC721AA23DD20051A6AA4A69B62F284FE6BDFDE36F2E992F69BF5B574457A06B2]}
07-22 15:34:58.659 11043 11043 E [[WEATHER](16161@0)] : {[6107F15E73BDEBE9385791326A0C66E2FA6CCEFE03B8425EBCA681FB64B46704FDF1158093D9C389ADDA1671FC5E2FCB]}
07-22 15:34:58.660 11043 11043 E [[WEATHER](16161@0)] : {[D8C9BDEEC252818F13C16BA1F8D5BDBBC721AA23DD20051A6AA4A69B62F284FE6BDFDE36F2E992F69BF5B574457A06B2]}
07-22 15:34:58.667 11043 11043 E [[WEATHER](16161@0)] : {[6107F15E73BDEBE9385791326A0C66E2FA6CCEFE03B8425EBCA681FB64B46704FDF1158093D9C389ADDA1671FC5E2FCB]}
07-22 15:34:58.676 11043 11043 E [[WEATHER](16161@0)] : {[D8C9BDEEC252818F13C16BA1F8D5BDBBC721AA23DD20051A6AA4A69B62F284FE6BDFDE36F2E992F69BF5B574457A06B2]}
07-22 15:34:58.720 11043 11043 E [[WEATHER](16161@0)] : {[6107F15E73BDEBE9385791326A0C66E2FA6CCEFE03B8425EBCA681FB64B46704FDF1158093D9C389ADDA1671FC5E2FCB]}
07-22 15:34:58.721 11043 11043 E [[WEATHER](16161@0)] : {[D8C9BDEEC252818F13C16BA1F8D5BDBBC721AA23DD20051A6AA4A69B62F284FE6BDFDE36F2E992F69BF5B574457A06B2]}
07-22 15:35:48.447  5083 28553 E SQLiteCastStore: Skip saving CastDeviceInfo: "주변 기기" (__cast_nearby___V_5d4df0e2-ad11-4340-9414-0340802d4f79)
07-22 15:40:00.698  7836  7836 E SPPClientService: [[PushClientService]] reqType : 0
07-22 15:40:00.708  7836  7836 E SPPClientService: [[PushClientService]] F:false, D:false, E:false, T:false, S:true, R:false
07-22 15:40:00.975  7836 29071 E SPPClientService: [b] __PingReply__
07-22 15:40:36.084  4542  4658 E EPDG -- SIM0 [RILRECEIVER]: RX [NET_REGIST] -- RESPONSE -- not initialized
07-22 15:42:55.075  4542  4658 E EPDG -- SIM0 [RILRECEIVER]: RX [NET_REGIST] -- RESPONSE -- not initialized
07-22 15:43:15.345  3295  3947 E Sensors : inject_scontext_data: New ssp_data_injection_fd(31)
07-22 15:43:15.474  3449  3542 E SEC_DRM_PLUGIN_Omafl: OmaPlugin::onOpenDecryptSession(fd)::Drm2IsDrmFileByExtFd::file is NOT DRM by extension
07-22 15:43:15.545  5114  5114 E BrdcstRcvrServiceConn: binder null, could not send broadcast of action
07-22 15:43:15.640 14443 14443 E Zygote  : isWhitelistProcess - Process is Whitelisted
07-22 15:43:15.642 14443 14443 E Zygote  : accessInfo : 1
07-22 15:43:15.661 14443 14443 E droid.mateagen: Not starting debugger since process cannot load the jdwp agent.
07-22 15:43:15.667  3464  3572 E IptablesRestoreController: [iptables debug]iptables-restore execute *filter
07-22 15:43:15.667  3464  3572 E IptablesRestoreController: -D fw_INPUT -j fw_dozable
07-22 15:43:15.667  3464  3572 E IptablesRestoreController: -D fw_OUTPUT -j fw_dozable
07-22 15:43:15.667  3464  3572 E IptablesRestoreController: COMMIT
07-22 15:43:15.674  3311  3390 E AudioFlinger: stageIndex is 0, get default sink buf
07-22 15:43:15.701  3464  3572 E IptablesRestoreController: [iptables debug]iptables-restore execute done *filter
07-22 15:43:15.701  3464  3572 E IptablesRestoreController: -D fw_INPUT -j fw_dozable
07-22 15:43:15.701  3464  3572 E IptablesRestoreController: -D fw_OUTPUT -j fw_dozable
07-22 15:43:15.701  3464  3572 E IptablesRestoreController: COMMIT
07-22 15:43:15.701  3464  3572 E IptablesRestoreController: , res : 0
07-22 15:43:15.744  4364  4364 E rs$DefaultThreadFactory: ===== Detect pool-thread leak =====
07-22 15:43:15.744  4364  4364 E rs$DefaultThreadFactory: dalvik.system.VMStack.getThreadStackTrace(Native Method)
07-22 15:43:15.744  4364  4364 E rs$DefaultThreadFactory: java.lang.Thread.getStackTrace(Thread.java:1538)
07-22 15:43:15.744  4364  4364 E rs$DefaultThreadFactory: java.util.concurrent.Executors$DefaultThreadFactory.newThread(Executors.java:569)
07-22 15:43:15.744  4364  4364 E rs$DefaultThreadFactory: spg.newThread(Unknown Source:9)
07-22 15:43:15.744  4364  4364 E rs$DefaultThreadFactory: java.util.concurrent.ThreadPoolExecutor$Worker.<init>(ThreadPoolExecutor.java:636)
07-22 15:43:15.744  4364  4364 E rs$DefaultThreadFactory: java.util.concurrent.ThreadPoolExecutor.addWorker(ThreadPoolExecutor.java:950)
07-22 15:43:15.744  4364  4364 E rs$DefaultThreadFactory: java.util.concurrent.ThreadPoolExecutor.execute(ThreadPoolExecutor.java:1393)
07-22 15:43:15.745  4364  4364 E rs$DefaultThreadFactory: sjn.a(:com.google.android.gms@19275037@19.2.75 (100400-269183835):14)
07-22 15:43:15.745  4364  4364 E rs$DefaultThreadFactory: sjn.execute(:com.google.android.gms@19275037@19.2.75 (100400-269183835):2)
07-22 15:43:15.745  4364  4364 E rs$DefaultThreadFactory: aagw.b(:com.google.android.gms@19275037@19.2.75 (100400-269183835):3)
07-22 15:43:15.745  4364  4364 E rs$DefaultThreadFactory: com.google.android.gms.scheduler.SchedulerDozeChangeReceiver.a(:com.google.android.gms@19275037@19.2.75 (100400-269183835):3)
07-22 15:43:15.745  4364  4364 E rs$DefaultThreadFactory: zxw.onReceive(:com.google.android.gms@19275037@19.2.75 (100400-269183835):1)
07-22 15:43:15.745  4364  4364 E rs$DefaultThreadFactory: android.app.LoadedApk$ReceiverDispatcher$Args.lambda$getRunnable$0(LoadedApk.java:1483)
07-22 15:43:15.745  4364  4364 E rs$DefaultThreadFactory: android.app.-$$Lambda$LoadedApk$ReceiverDispatcher$Args$_BumDX2UKsnxLVrE6UJsJZkotuA.run(Unknown Source:2)
07-22 15:43:15.745  4364  4364 E rs$DefaultThreadFactory: android.os.Handler.handleCallback(Handler.java:873)
07-22 15:43:15.745  4364  4364 E rs$DefaultThreadFactory: android.os.Handler.dispatchMessage(Handler.java:99)
07-22 15:43:15.745  4364  4364 E rs$DefaultThreadFactory: android.os.Looper.loop(Looper.java:214)
07-22 15:43:15.745  4364  4364 E rs$DefaultThreadFactory: android.app.ActivityThread.main(ActivityThread.java:7050)
07-22 15:43:15.745  4364  4364 E rs$DefaultThreadFactory: java.lang.reflect.Method.invoke(Native Method)
07-22 15:43:15.745  4364  4364 E rs$DefaultThreadFactory: com.android.internal.os.RuntimeInit$MethodAndArgsCaller.run(RuntimeInit.java:494)
07-22 15:43:15.745  4364  4364 E rs$DefaultThreadFactory: com.android.internal.os.ZygoteInit.main(ZygoteInit.java:965)
07-22 15:43:15.760  4364 24757 E WakeLock: GCMSEND release without a matched acquire!
07-22 15:43:15.785 14459 14459 E Zygote  : isWhitelistProcess - Process is Whitelisted
07-22 15:43:15.818 14459 14459 E Zygote  : accessInfo : 1
07-22 15:43:15.875 14459 14459 E .devicesecurit: Not starting debugger since process cannot load the jdwp agent.
07-22 15:43:15.889  3464  3572 E IptablesRestoreController: [iptables debug]iptables-restore execute *filter
07-22 15:43:15.889  3464  3572 E IptablesRestoreController: -D fw_INPUT -j fw_standby
07-22 15:43:15.889  3464  3572 E IptablesRestoreController: -D fw_OUTPUT -j fw_standby
07-22 15:43:15.889  3464  3572 E IptablesRestoreController: COMMIT
07-22 15:43:15.910  3464  3572 E IptablesRestoreController: [iptables debug]iptables-restore execute done *filter
07-22 15:43:15.910  3464  3572 E IptablesRestoreController: -D fw_INPUT -j fw_standby
07-22 15:43:15.910  3464  3572 E IptablesRestoreController: -D fw_OUTPUT -j fw_standby
07-22 15:43:15.910  3464  3572 E IptablesRestoreController: COMMIT
07-22 15:43:15.910  3464  3572 E IptablesRestoreController: , res : 0
07-22 15:43:16.024 14481 14481 E Zygote  : isWhitelistProcess - Process is Whitelisted
07-22 15:43:16.029 14481 14481 E Zygote  : accessInfo : 1
07-22 15:43:16.135 14481 14481 E tworkdiagnosti: Not starting debugger since process cannot load the jdwp agent.
07-22 15:43:16.220  4542  4658 E EPDG -- SIM0 [RILRECEIVER]: RX [NET_REGIST] -- RESPONSE -- not initialized
07-22 15:43:16.312  3291  3391 E display : DOZE or Power off called twice, mPowerModeState : 0
07-22 15:43:16.331  3295  3295 E Sensors : inject_scontext_data: New ssp_data_injection_fd(31)
07-22 15:43:16.337 14515 14515 E Zygote  : isWhitelistProcess - Process is Whitelisted
07-22 15:43:16.342  3295  3412 E Sensors : Sensor : Meta event
07-22 15:43:16.389 14520 14520 E Zygote  : isWhitelistProcess - Process is Whitelisted
07-22 15:43:16.399 14515 14515 E Zygote  : accessInfo : 1
07-22 15:43:16.408 14520 14520 E Zygote  : accessInfo : 1
07-22 15:43:16.449  4364 14425 E WorkSourceUtil: Could not find package: com.google.android.gms.stats.eastworld
07-22 15:43:16.472 14520 14520 E e.process.gapp: Not starting debugger since process cannot load the jdwp agent.
07-22 15:43:16.495  3464  3564 E Netd    : getNetworkForDns: getNetId from enterpriseCtrl is netid 0
07-22 15:43:16.531 14543 14543 E Zygote  : isWhitelistProcess - Process is Whitelisted
07-22 15:43:16.532 14543 14543 E Zygote  : accessInfo : 1
07-22 15:43:16.534 14515 14515 E .MtpApplicatio: Not starting debugger since process cannot load the jdwp agent.
07-22 15:43:16.546 14543 14543 E droid.apps.map: Not starting debugger since process cannot load the jdwp agent.
07-22 15:43:16.573 14559 14559 E Zygote  : isWhitelistProcess - Process is Whitelisted
07-22 15:43:16.574 14559 14559 E Zygote  : accessInfo : 1
07-22 15:43:16.648 14559 14559 E android.youtub: Not starting debugger since process cannot load the jdwp agent.
07-22 15:43:16.673  4364 11760 E rs$DefaultThreadFactory: ===== Detect pool-thread leak =====
07-22 15:43:16.673  4364 11760 E rs$DefaultThreadFactory: dalvik.system.VMStack.getThreadStackTrace(Native Method)
07-22 15:43:16.673  4364 11760 E rs$DefaultThreadFactory: java.lang.Thread.getStackTrace(Thread.java:1538)
07-22 15:43:16.673  4364 11760 E rs$DefaultThreadFactory: java.util.concurrent.Executors$DefaultThreadFactory.newThread(Executors.java:569)
07-22 15:43:16.673  4364 11760 E rs$DefaultThreadFactory: spg.newThread(Unknown Source:9)
07-22 15:43:16.673  4364 11760 E rs$DefaultThreadFactory: java.util.concurrent.ThreadPoolExecutor$Worker.<init>(ThreadPoolExecutor.java:636)
07-22 15:43:16.673  4364 11760 E rs$DefaultThreadFactory: java.util.concurrent.ThreadPoolExecutor.addWorker(ThreadPoolExecutor.java:950)
07-22 15:43:16.673  4364 11760 E rs$DefaultThreadFactory: java.util.concurrent.ThreadPoolExecutor.execute(ThreadPoolExecutor.java:1393)
07-22 15:43:16.673  4364 11760 E rs$DefaultThreadFactory: sjn.a(:com.google.android.gms@19275037@19.2.75 (100400-269183835):14)
07-22 15:43:16.673  4364 11760 E rs$DefaultThreadFactory: sjn.execute(:com.google.android.gms@19275037@19.2.75 (100400-269183835):2)
07-22 15:43:16.673  4364 11760 E rs$DefaultThreadFactory: zvv.run(:com.google.android.gms@19275037@19.2.75 (100400-269183835):20)
07-22 15:43:16.673  4364 11760 E rs$DefaultThreadFactory: bkgy.run(:com.google.android.gms@19275037@19.2.75 (100400-269183835):2)
07-22 15:43:16.673  4364 11760 E rs$DefaultThreadFactory: sjm.b(:com.google.android.gms@19275037@19.2.75 (100400-269183835):33)
07-22 15:43:16.673  4364 11760 E rs$DefaultThreadFactory: sjm.run(:com.google.android.gms@19275037@19.2.75 (100400-269183835):18)
07-22 15:43:16.673  4364 11760 E rs$DefaultThreadFactory: java.util.concurrent.ThreadPoolExecutor.runWorker(ThreadPoolExecutor.java:1167)
07-22 15:43:16.673  4364 11760 E rs$DefaultThreadFactory: java.util.concurrent.ThreadPoolExecutor$Worker.run(ThreadPoolExecutor.java:641)
07-22 15:43:16.673  4364 11760 E rs$DefaultThreadFactory: spf.run(Unknown Source:7)
07-22 15:43:16.673  4364 11760 E rs$DefaultThreadFactory: java.lang.Thread.run(Thread.java:764)
07-22 15:43:16.726 14583 14583 E Zygote  : isWhitelistProcess - Process is Whitelisted
07-22 15:43:16.727 14583 14583 E Zygote  : accessInfo : 1
07-22 15:43:16.730  4364  5725 E rs$DefaultThreadFactory: ===== Detect pool-thread leak =====
07-22 15:43:16.731  4364  5725 E rs$DefaultThreadFactory: dalvik.system.VMStack.getThreadStackTrace(Native Method)
07-22 15:43:16.731  4364  5725 E rs$DefaultThreadFactory: java.lang.Thread.getStackTrace(Thread.java:1538)
07-22 15:43:16.731  4364  5725 E rs$DefaultThreadFactory: java.util.concurrent.Executors$DefaultThreadFactory.newThread(Executors.java:569)
07-22 15:43:16.731  4364  5725 E rs$DefaultThreadFactory: spg.newThread(Unknown Source:9)
07-22 15:43:16.731  4364  5725 E rs$DefaultThreadFactory: java.util.concurrent.ThreadPoolExecutor$Worker.<init>(ThreadPoolExecutor.java:636)
07-22 15:43:16.731  4364  5725 E rs$DefaultThreadFactory: java.util.concurrent.ThreadPoolExecutor.addWorker(ThreadPoolExecutor.java:950)
07-22 15:43:16.731  4364  5725 E rs$DefaultThreadFactory: java.util.concurrent.ThreadPoolExecutor.execute(ThreadPoolExecutor.java:1393)
07-22 15:43:16.731  4364  5725 E rs$DefaultThreadFactory: sjn.a(:com.google.android.gms@19275037@19.2.75 (100400-269183835):14)
07-22 15:43:16.732  4364  5725 E rs$DefaultThreadFactory: sjn.execute(:com.google.android.gms@19275037@19.2.75 (100400-269183835):2)
07-22 15:43:16.732  4364  5725 E rs$DefaultThreadFactory: bptc.a(:com.google.android.gms@19275037@19.2.75 (100400-269183835):4)
07-22 15:43:16.732  4364  5725 E rs$DefaultThreadFactory: bebg.b(:com.google.android.gms@19275037@19.2.75 (100400-269183835):3)
07-22 15:43:16.732  4364  5725 E rs$DefaultThreadFactory: becc.a(Unknown Source:4)
07-22 15:43:16.732  4364  5725 E rs$DefaultThreadFactory: bkhd.a(:com.google.android.gms@19275037@19.2.75 (100400-269183835):2)
07-22 15:43:16.732  4364  5725 E rs$DefaultThreadFactory: bprf.a(:com.google.android.gms@19275037@19.2.75 (100400-269183835):2)
07-22 15:43:16.732  4364  5725 E rs$DefaultThreadFactory: bprg.run(:com.google.android.gms@19275037@19.2.75 (100400-269183835):6)
07-22 15:43:16.732  4364  5725 E rs$DefaultThreadFactory: bprz.execute(Unknown Source:0)
07-22 15:43:16.732  4364  5725 E rs$DefaultThreadFactory: bpqp.b(:com.google.android.gms@19275037@19.2.75 (100400-269183835):3)
07-22 15:43:16.732  4364  5725 E rs$DefaultThreadFactory: bpqp.a(:com.google.android.gms@19275037@19.2.75 (100400-269183835):51)
07-22 15:43:16.732  4364  5725 E rs$DefaultThreadFactory: bprg.a(:com.google.android.gms@19275037@19.2.75 (100400-269183835):2)
07-22 15:43:16.732  4364  5725 E rs$DefaultThreadFactory: beca.a(:com.google.android.gms@19275037@19.2.75 (100400-269183835):5)
07-22 15:43:16.732  4364  5725 E rs$DefaultThreadFactory: avpv.a(:com.google.android.gms@19275037@19.2.75 (100400-269183835):1)
07-22 15:43:16.732  4364  5725 E rs$DefaultThreadFactory: avps.a(:com.google.android.gms@19275037@19.2.75 (100400-269183835):9)
07-22 15:43:16.732  4364  5725 E rs$DefaultThreadFactory: avmp.a(:com.google.android.gms@19275037@19.2.75 (100400-269183835):15)
07-22 15:43:16.732  4364  5725 E rs$DefaultThreadFactory: avmp.a(:com.google.android.gms@19275037@19.2.75 (100400-269183835):60)
07-22 15:43:16.732  4364  5725 E rs$DefaultThreadFactory: zvv.run(:com.google.android.gms@19275037@19.2.75 (100400-269183835):17)
07-22 15:43:16.732  4364  5725 E rs$DefaultThreadFactory: bkgy.run(:com.google.android.gms@19275037@19.2.75 (100400-269183835):2)
07-22 15:43:16.732  4364  5725 E rs$DefaultThreadFactory: sjm.b(:com.google.android.gms@19275037@19.2.75 (100400-269183835):33)
07-22 15:43:16.732  4364  5725 E rs$DefaultThreadFactory: sjm.run(:com.google.android.gms@19275037@19.2.75 (100400-269183835):21)
07-22 15:43:16.732  4364  5725 E rs$DefaultThreadFactory: java.util.concurrent.ThreadPoolExecutor.runWorker(ThreadPoolExecutor.java:1167)
07-22 15:43:16.732  4364  5725 E rs$DefaultThreadFactory: java.util.concurrent.ThreadPoolExecutor$Worker.run(ThreadPoolExecutor.java:641)
07-22 15:43:16.732  4364  5725 E rs$DefaultThreadFactory: spf.run(Unknown Source:7)
07-22 15:43:16.732  4364  5725 E rs$DefaultThreadFactory: java.lang.Thread.run(Thread.java:764)
07-22 15:43:16.771 14583 14583 E d.mobileservic: Not starting debugger since process cannot load the jdwp agent.
07-22 15:43:16.780  3291  3391 E display : DOZE or Power off called twice, mPowerModeState : 1
07-22 15:43:16.806  3291  3391 E display : DOZE or Power off called twice, mPowerModeState : 3
07-22 15:43:16.960  3291  3291 E display : DOZE or Power off called twice, mPowerModeState : 1
07-22 15:43:17.006 14515 14515 E MTPJNIInterface: Getting CryptionKey from JAVA
07-22 15:43:17.026  4364  5130 E Auth    : [GoogleAccountDataServiceImpl] getToken() -> BAD_AUTHENTICATION. Account: <ELLIDED:-682645340>, App: com.android.vending, Service: oauth2:https://www.googleapis.com/auth/googleplay
07-22 15:43:17.026  4364  5130 E Auth    : rkt: Long live credential not available.
07-22 15:43:17.026  4364  5130 E Auth    : 	at hbg.a(:com.google.android.gms@19275037@19.2.75 (100400-269183835):123)
07-22 15:43:17.026  4364  5130 E Auth    : 	at iuq.a(:com.google.android.gms@19275037@19.2.75 (100400-269183835):137)
07-22 15:43:17.026  4364  5130 E Auth    : 	at itt.a(:com.google.android.gms@19275037@19.2.75 (100400-269183835):2)
07-22 15:43:17.026  4364  5130 E Auth    : 	at itr.a(:com.google.android.gms@19275037@19.2.75 (100400-269183835):17)
07-22 15:43:17.026  4364  5130 E Auth    : 	at itr.a(:com.google.android.gms@19275037@19.2.75 (100400-269183835):11)
07-22 15:43:17.026  4364  5130 E Auth    : 	at gxr.a(:com.google.android.gms@19275037@19.2.75 (100400-269183835):44)
07-22 15:43:17.026  4364  5130 E Auth    : 	at gxr.a(:com.google.android.gms@19275037@19.2.75 (100400-269183835):98)
07-22 15:43:17.026  4364  5130 E Auth    : 	at gzx.getAuthToken(:com.google.android.gms@19275037@19.2.75 (100400-269183835):29)
07-22 15:43:17.026  4364  5130 E Auth    : 	at android.accounts.AbstractAccountAuthenticator$Transport.getAuthToken(AbstractAccountAuthenticator.java:247)
07-22 15:43:17.026  4364  5130 E Auth    : 	at android.accounts.IAccountAuthenticator$Stub.onTransact(IAccountAuthenticator.java:114)
07-22 15:43:17.026  4364  5130 E Auth    : 	at android.os.Binder.transact(Binder.java:675)
07-22 15:43:17.026  4364  5130 E Auth    : 	at dyk.onTransact(:com.google.android.gms@19275037@19.2.75 (100400-269183835):3)
07-22 15:43:17.026  4364  5130 E Auth    : 	at android.os.Binder.transact(Binder.java:675)
07-22 15:43:17.026  4364  5130 E Auth    : 	at zxr.onTransact(:com.google.android.gms@19275037@19.2.75 (100400-269183835):19)
07-22 15:43:17.026  4364  5130 E Auth    : 	at android.os.Binder.execTransact(Binder.java:739)
07-22 15:43:17.047  3291  3291 E display : DOZE or Power off called twice, mPowerModeState : 3
07-22 15:43:17.091 14515 14515 E MTPJNIInterface: noti = 12
07-22 15:43:17.099 14515 14515 E MTPRx   : Setting the status to phone Lock
07-22 15:43:17.131 14515 14515 E MTPJNIInterface: noti = 17
07-22 15:43:17.188 14515 14515 E MTPPlaObsrvr: inside setContext()
07-22 15:43:17.189 14515 14515 E MTPPlaObsrvr: Inside registerContentObserver
07-22 15:43:17.198 14515 14624 E MTPPlaObsrvr:  inside createplafiles
07-22 15:43:17.217  3291  3638 E display : DOZE or Power off called twice, mPowerModeState : 1
07-22 15:43:17.278 14515 14515 E MtpService: onCreate.
07-22 15:43:17.306  3291  3391 E display : DOZE or Power off called twice, mPowerModeState : 3
07-22 15:43:17.329 14515 14515 E MtpService: Calling registerBroadCastuserPresentRec() 
07-22 15:43:17.329 14515 14515 E MtpService: < MTP > Registering BroadCast receiver for USER Present:::::
07-22 15:43:17.348 14515 14515 E MtpService: < MTP > Registering BroadCast registerBroadCastPolicyRec :::::
07-22 15:43:17.356 14515 14624 E MTPPlaObsrvr: playlist count is0
07-22 15:43:17.356 14515 14624 E MTPPlaObsrvr:  inside try branch createplafiles
07-22 15:43:17.357 14515 14624 E MTPPlaObsrvr:  inside deleteing plas createplafiles
07-22 15:43:17.360 14515 14515 E MtpService: < MTP > Registering BroadCast registerBroadCastEmergencyRec :::::
07-22 15:43:17.362 14515 14515 E MtpService: onStartCommand.
07-22 15:43:17.364 14515 14632 E MtpService: handleMessage. msg= { when=-2ms what=0 arg1=1 obj=Intent { cmp=com.samsung.android.MtpApplication/.MtpService } target=com.samsung.android.MtpApplication.MtpService$ServiceHandler }
07-22 15:43:17.368 14515 14515 E MTPJNIInterface: < MTP > Registering BroadCast receiver :::::::
07-22 15:43:17.380 14515 14515 E MTPJNIInterface: noti = 110
07-22 15:43:17.380 14515 14515 E MtpService: onStartCommand.
07-22 15:43:17.381 14515 14515 E MTPJNIInterface: noti = 102
07-22 15:43:17.383 14515 14515 E MTPJNIInterface: setting Media scanner status0
07-22 15:43:17.383 14515 14515 E MTPJNIInterface: After setting Media scanner status0
07-22 15:43:17.390 14515 14640 E libmtp  : [check_media_scanner_status : 0523] -->Unable to get Object Class and clearing cls 2 [check_media_scanner_status 523]
07-22 15:43:17.390 14515 14640 E MTPJNIInterface: Getting media scanner status0
07-22 15:43:17.394 14515 14640 E MTPJNIInterface: DeviceName is Null in System
07-22 15:43:17.396 14515 14640 E MTPJNIInterface: DeviceName is Galaxy S8+
07-22 15:43:17.414 14515 14640 E SQLiteLog: (21) API call with NULL database connection pointer
07-22 15:43:17.415 14515 14640 E SQLiteLog: (21) misuse at line 121756 of [68b898381a]
07-22 15:43:17.415 14515 14640 E SQLiteLog: (21) API call with NULL database connection pointer
07-22 15:43:17.415 14515 14640 E SQLiteLog: (21) misuse at line 121756 of [68b898381a]
07-22 15:43:17.415 14515 14640 E SQLiteLog: (21) API call with NULL database connection pointer
07-22 15:43:17.415 14515 14640 E SQLiteLog: (21) misuse at line 121756 of [68b898381a]
07-22 15:43:17.415 14515 14640 E SQLiteLog: (21) API call with NULL database connection pointer
07-22 15:43:17.415 14515 14640 E SQLiteLog: (21) misuse at line 121756 of [68b898381a]
07-22 15:43:17.417 14515 14632 E MtpService: handleMessage. msg= { when=-36ms what=0 arg1=2 obj=Intent { cmp=com.samsung.android.MtpApplication/.MtpService } target=com.samsung.android.MtpApplication.MtpService$ServiceHandler }
07-22 15:43:17.426 14515 14642 E libmtp  : [mtp_init_device : 0726] -->[mtp_init_device 726]  After open the MTP fd = 66 and line = 726...
07-22 15:43:17.426 14515 14642 E libmtp  : [sua_support_present : 1319] --> [sua_support_present:1319] returning false 
07-22 15:43:17.426  3464  3572 E IptablesRestoreController: [iptables debug]iptables-restore execute *filter
07-22 15:43:17.426  3464  3572 E IptablesRestoreController: -D fw_standby_uid -m owner --uid-owner 10141 -j DROP
07-22 15:43:17.426  3464  3572 E IptablesRestoreController: COMMIT
07-22 15:43:17.441  3464  3572 E IptablesRestoreController: [iptables debug]iptables-restore execute done *filter
07-22 15:43:17.441  3464  3572 E IptablesRestoreController: -D fw_standby_uid -m owner --uid-owner 10141 -j DROP
07-22 15:43:17.441  3464  3572 E IptablesRestoreController: COMMIT
07-22 15:43:17.441  3464  3572 E IptablesRestoreController: , res : 0
07-22 15:43:17.460  3464  3572 E IptablesRestoreController: [iptables debug]iptables-restore execute *filter
07-22 15:43:17.460  3464  3572 E IptablesRestoreController: -D fw_standby_uid -m owner --uid-owner 10143 -j DROP
07-22 15:43:17.460  3464  3572 E IptablesRestoreController: COMMIT
07-22 15:43:17.473  3464  3572 E IptablesRestoreController: [iptables debug]iptables-restore execute done *filter
07-22 15:43:17.473  3464  3572 E IptablesRestoreController: -D fw_standby_uid -m owner --uid-owner 10143 -j DROP
07-22 15:43:17.473  3464  3572 E IptablesRestoreController: COMMIT
07-22 15:43:17.473  3464  3572 E IptablesRestoreController: , res : 0
07-22 15:43:17.492  3291  3638 E display : DOZE or Power off called twice, mPowerModeState : 1
07-22 15:43:17.499 14515 14643 E SQLiteLog: (14) cannot open file at line 37516 of [68b898381a]
07-22 15:43:17.499 14515 14643 E SQLiteLog: (14) os_unix.c:37516: (2) open(/data/data/com.android.providers.settings/databases/settings.db) - 
07-22 15:43:17.499 14515 14643 E SQLiteLog: (1) Process .MtpApplication : Pid (14515) Uid (1000) Euid (1000) Gid (1000) Egid (1000)
07-22 15:43:17.499 14515 14643 E SQLiteLog: (1) osStat failed "/data/data/com.android.providers.settings/databases/settings.db" due to error (2)
07-22 15:43:17.499 14515 14643 E SQLiteLog: (1) osStat failed "/data/data/com.android.providers.settings/databases" due to error (2)
07-22 15:43:17.499 14515 14643 E SQLiteLog: (1) Stat of /data/data/com.android.providers.settings : st_mode(40700) st_uid(1000) st_gid(1000) st_ino(721001)
07-22 15:43:17.499 14515 14643 E SQLiteLog: (1) Stat of /data/data : st_mode(40771) st_uid(1000) st_gid(1000) st_ino(720897)
07-22 15:43:17.499 14515 14643 E SQLiteLog: (1) Stat of /data : st_mode(40771) st_uid(1000) st_gid(1000) st_ino(2)
07-22 15:43:17.499 14515 14643 E SQLiteLog: (21) API call with unopened database connection pointer
07-22 15:43:17.499 14515 14643 E SQLiteLog: (21) misuse at line 121756 of [68b898381a]
07-22 15:43:17.503  3464  3564 E Netd    : getNetworkForDns: getNetId from enterpriseCtrl is netid 0
07-22 15:43:17.505 14515 14643 E MTPJNIInterface: Value of device_name is Galaxy S8+
07-22 15:43:17.577  3464  3564 E Netd    : getNetworkForDns: getNetId from enterpriseCtrl is netid 0
07-22 15:43:17.623  4364  5130 E Auth    : [GoogleAccountDataServiceImpl] getToken() -> BAD_AUTHENTICATION. Account: <ELLIDED:-682645340>, App: com.google.android.gms, Service: oauth2:https://www.googleapis.com/auth/numberer
07-22 15:43:17.623  4364  5130 E Auth    : rkt: Long live credential not available.
07-22 15:43:17.623  4364  5130 E Auth    : 	at hbg.a(:com.google.android.gms@19275037@19.2.75 (100400-269183835):123)
07-22 15:43:17.623  4364  5130 E Auth    : 	at iuq.a(:com.google.android.gms@19275037@19.2.75 (100400-269183835):137)
07-22 15:43:17.623  4364  5130 E Auth    : 	at itt.a(:com.google.android.gms@19275037@19.2.75 (100400-269183835):2)
07-22 15:43:17.623  4364  5130 E Auth    : 	at itr.a(:com.google.android.gms@19275037@19.2.75 (100400-269183835):17)
07-22 15:43:17.623  4364  5130 E Auth    : 	at itr.a(:com.google.android.gms@19275037@19.2.75 (100400-269183835):11)
07-22 15:43:17.623  4364  5130 E Auth    : 	at gxr.a(:com.google.android.gms@19275037@19.2.75 (100400-269183835):44)
07-22 15:43:17.623  4364  5130 E Auth    : 	at gxr.a(:com.google.android.gms@19275037@19.2.75 (100400-269183835):98)
07-22 15:43:17.623  4364  5130 E Auth    : 	at dwo.a(:com.google.android.gms@19275037@19.2.75 (100400-269183835):1)
07-22 15:43:17.623  4364  5130 E Auth    : 	at zwx.a(:com.google.android.gms@19275037@19.2.75 (100400-269183835):7)
07-22 15:43:17.623  4364  5130 E Auth    : 	at cqy.onTransact(:com.google.android.gms@19275037@19.2.75 (100400-269183835):4)
07-22 15:43:17.623  4364  5130 E Auth    : 	at android.os.Binder.transact(Binder.java:675)
07-22 15:43:17.623  4364  5130 E Auth    : 	at dyk.onTransact(:com.google.android.gms@19275037@19.2.75 (100400-269183835):3)
07-22 15:43:17.623  4364  5130 E Auth    : 	at android.os.Binder.transact(Binder.java:675)
07-22 15:43:17.623  4364  5130 E Auth    : 	at zxr.onTransact(:com.google.android.gms@19275037@19.2.75 (100400-269183835):19)
07-22 15:43:17.623  4364  5130 E Auth    : 	at android.os.Binder.execTransact(Binder.java:739)
07-22 15:43:17.737  3291  3391 E display : DOZE or Power off called twice, mPowerModeState : 3
07-22 15:43:17.854  3464  3564 E Netd    : getNetworkForDns: getNetId from enterpriseCtrl is netid 0
07-22 15:43:17.962  3464  3564 E Netd    : getNetworkForDns: getNetId from enterpriseCtrl is netid 0
07-22 15:43:17.995  3844  3844 E PocketModeEvent: ACTION_SCREEN_ON(by 1)
07-22 15:43:18.028  4185  4185 E KeyguardUpdateMonitor: handleStartedWakingUp start 1
07-22 15:43:18.032  4185  4185 E KeyguardFingerPrint: updateFingerprintListeningState#mFingerprintRunningState=1 shouldListenForFingerprint=true
07-22 15:43:18.044  4185  4185 E KeyguardUpdateMonitor: handleStartedWakingUp end
07-22 15:43:18.065  3844  3844 E PocketModeEvent: onSensorChanged : proxVal: 8.0
07-22 15:43:18.071 14583 14583 E SEMS:MobileService_10.5.0.000: [GLog][2][GroupDBHelper] Instance null
07-22 15:43:18.094  3295  3295 E Sensors : inject_scontext_data: New ssp_data_injection_fd(31)
07-22 15:43:18.118  4185  4185 E LSO_LSOInterface: LSO Service is not yet ready!!!
07-22 15:43:18.127  3300  3300 E SecHAL  : nfc_hal_write: [Cmd]Send EVT data_sending_flag = true, return size=4!!
07-22 15:43:18.139  4185  4185 E LSO_LSOInterface: LSO Service is not yet ready!!!
07-22 15:43:18.152  3300  6056 E SecHAL  : nfc_data_callback: [Cmd]Received a response packet : data_sending_flag = false!!
07-22 15:43:18.176  3464  3564 E Netd    : getNetworkForDns: getNetId from enterpriseCtrl is netid 0
07-22 15:43:18.178  3844  4107 E LightsService: Light requested not available on this device. 2
07-22 15:43:18.191 14559 14630 E GEL_DELAYED_EVENT_DEBUG: Failed delayed event dispatch, no dispatchers.
07-22 15:43:18.196  4542  4658 E EPDG -- SIM0 [RILRECEIVER]: RX [NET_REGIST] -- RESPONSE -- not initialized
07-22 15:43:18.286  3295  3295 E Sensors : inject_scontext_data: New ssp_data_injection_fd(31)
07-22 15:43:18.360  4185  4185 E KeyguardFingerPrint: updateFingerprintListeningState#mFingerprintRunningState=1 shouldListenForFingerprint=true
07-22 15:43:18.387  4142  4944 E BtGatt.ContextMap: remove() - removed: 6
07-22 15:43:18.390  4142  4696 E BtGatt.GattService: [GSIM LOG]: gsimLogHandler, msg: MESSAGE_SCAN_START, appName: com.google.uid.shared, scannerId: 7, reportDelayMillis=0
07-22 15:43:18.399  4142  4693 E BtGatt.ScanManager: default value of curScanSetting 0 is choosen
07-22 15:43:18.403  3844  4035 E SemContext.CaeProvider: setAttribute() : attribute is null!
07-22 15:43:18.406  3295  3295 E Sensors : inject_scontext_data: New ssp_data_injection_fd(31)
07-22 15:43:18.415  3314  5036 E BufferQueueProducer: [[4185]#0] disconnect: not connected (req=1)
07-22 15:43:18.416  4142  4696 E BtGatt.GattService: [GSIM LOG]: gsimLogHandler, msg: MESSAGE_SCAN_STOP, appName: android.uid.bcmgr, scannerId: 6, reportDelayMillis=0
07-22 15:43:18.416  4142  4696 E LeAppInfo: updateScanStopInfo(), There is NO scan process with :                                  android.uid.bcmgr|    Normal|    Custom|    Filter|      true|
07-22 15:43:18.473  4142  4696 E BtGatt.GattService: [GSIM LOG]: gsimLogHandler, msg: MESSAGE_SCAN_START, appName: com.google.uid.shared, scannerId: 6, reportDelayMillis=0
07-22 15:43:18.497  4142  4696 E BtGatt.GattService: [GSIM LOG]: gsimLogHandler, msg: MESSAGE_SCAN_START, appName: android.uid.bcmgr, scannerId: 8, reportDelayMillis=0
07-22 15:43:18.774  3464  3564 E Netd    : getNetworkForDns: getNetId from enterpriseCtrl is netid 0
07-22 15:43:18.792  3464  3564 E Netd    : getNetworkForDns: getNetId from enterpriseCtrl is netid 0
07-22 15:43:18.826  3406  3406 E audit   : type=1400 audit(1595400198.821:2522): avc:  denied  { getattr } for  pid=14785 comm="ls" path="/vndservice_contexts" dev="rootfs" ino=9313 scontext=u:r:shell:s0 tcontext=u:object_r:vndservice_contexts_file:s0 tclass=file permissive=0 SEPF_SM-G955N_9_0020 audit_filtered
07-22 15:43:18.826  3406  3406 E audit   : type=1300 audit(1595400198.821:2522): arch=c00000b7 syscall=79 success=no exit=-13 a0=4 a1=7454c3d0fb a2=7fd7c5b8f8 a3=100 items=0 ppid=14783 pid=14785 auid=4294967295 uid=2000 gid=2000 euid=2000 suid=2000 fsuid=2000 egid=2000 sgid=2000 fsgid=2000 tty=pts0 ses=4294967295 comm="ls" exe="/system/bin/toybox" subj=u:r:shell:s0 key=(null)
07-22 15:43:18.826  3406  3406 E audit   : type=1327 audit(1595400198.821:2522): proctitle=6C73002D6C002F
07-22 15:43:18.826  3406  3406 E audit   : type=1400 audit(1595400198.821:2523): avc:  denied  { getattr } for  pid=14785 comm="ls" path="/vendor_service_contexts" dev="rootfs" ino=9312 scontext=u:r:shell:s0 tcontext=u:object_r:nonplat_service_contexts_file:s0 tclass=file permissive=0 SEPF_SM-G955N_9_0020 audit_filtered
07-22 15:43:18.826  3406  3406 E audit   : type=1300 audit(1595400198.821:2523): arch=c00000b7 syscall=79 success=no exit=-13 a0=4 a1=7454c3d123 a2=7fd7c5b8f8 a3=100 items=0 ppid=14783 pid=14785 auid=4294967295 uid=2000 gid=2000 euid=2000 suid=2000 fsuid=2000 egid=2000 sgid=2000 fsgid=2000 tty=pts0 ses=4294967295 comm="ls" exe="/system/bin/toybox" subj=u:r:shell:s0 key=(null)
07-22 15:43:18.826  3406  3406 E audit   : type=1327 audit(1595400198.821:2523): proctitle=6C73002D6C002F
07-22 15:43:18.826  3406  3406 E audit   : type=1400 audit(1595400198.821:2524): avc:  denied  { getattr } for  pid=14785 comm="ls" path="/vendor_hwservice_contexts" dev="rootfs" ino=9309 scontext=u:r:shell:s0 tcontext=u:object_r:hwservice_contexts_file:s0 tclass=file permissive=0 SEPF_SM-G955N_9_0020 audit_filtered
07-22 15:43:18.826  3406  3406 E audit   : type=1300 audit(1595400198.821:2524): arch=c00000b7 syscall=79 success=no exit=-13 a0=4 a1=7454c3d1b3 a2=7fd7c5b8f8 a3=100 items=0 ppid=14783 pid=14785 auid=4294967295 uid=2000 gid=2000 euid=2000 suid=2000 fsuid=2000 egid=2000 sgid=2000 fsgid=2000 tty=pts0 ses=4294967295 comm="ls" exe="/system/bin/toybox" subj=u:r:shell:s0 key=(null)
07-22 15:43:18.826  3406  3406 E audit   : type=1327 audit(1595400198.821:2524): proctitle=6C73002D6C002F
07-22 15:43:18.826  3406  3406 E audit   : type=1400 audit(1595400198.821:2525): avc:  denied  { getattr } for  pid=14785 comm="ls" path="/plat_hwservice_contexts" dev="rootfs" ino=9285 scontext=u:r:shell:s0 tcontext=u:object_r:hwservice_contexts_file:s0 tclass=file permissive=0 SEPF_SM-G955N_9_0020 audit_filtered
07-22 15:43:18.826  3406  3406 E audit   : type=1300 audit(1595400198.821:2525): arch=c00000b7 syscall=79 success=no exit=-13 a0=4 a1=7454c3d43b a2=7fd7c5b8f8 a3=100 items=0 ppid=14783 pid=14785 auid=4294967295 uid=2000 gid=2000 euid=2000 suid=2000 fsuid=2000 egid=2000 sgid=2000 fsgid=2000 tty=pts0 ses=4294967295 comm="ls" exe="/system/bin/toybox" subj=u:r:shell:s0 key=(null)
07-22 15:43:18.826  3406  3406 E audit   : type=1327 audit(1595400198.821:2525): proctitle=6C73002D6C002F
07-22 15:43:18.907  3464  3564 E Netd    : getNetworkForDns: getNetId from enterpriseCtrl is netid 0
07-22 15:43:18.915 14797 14797 E Zygote  : isWhitelistProcess - Process is Whitelisted
07-22 15:43:18.916 14797 14797 E Zygote  : accessInfo : 1
07-22 15:43:18.931 14797 14797 E id.partnersetu: Not starting debugger since process cannot load the jdwp agent.
07-22 15:43:18.942 14810 14810 E Zygote  : isWhitelistProcess - Process is Whitelisted
07-22 15:43:18.943 14810 14810 E Zygote  : accessInfo : 1
07-22 15:43:18.953 14810 14810 E droid.sm.polic: Not starting debugger since process cannot load the jdwp agent.
07-22 15:43:18.967 14826 14826 E Zygote  : isWhitelistProcess - Process is Whitelisted
07-22 15:43:18.968 14826 14826 E Zygote  : accessInfo : 1
07-22 15:43:18.975 14826 14826 E d.configupdate: Not starting debugger since process cannot load the jdwp agent.
07-22 15:43:19.000  3844  3844 E PocketModeEvent: unregi sensor L : 400 P : 0
07-22 15:43:19.046  3314  4954 E NativeSemDvfsGpuManager: acquire:: Start
07-22 15:43:19.046  3314  4954 E NativeSemDvfsGpuManager: acquire:: timeout = 1000 mIsAcquired = 0  mTagName : SurfaceFlinger 
07-22 15:43:19.048  3314  4954 E NativeCustomFrequencyManager: [NativeCFMS] BpCustomFrequencyManager::requestGPU() 
07-22 15:43:19.048  3314  4954 E NativeSemDvfsGpuManager: acquire:: End
07-22 15:43:19.052  4185  4185 E KeyguardFingerPrint: updateFingerprintListeningState#mFingerprintRunningState=1 shouldListenForFingerprint=true
07-22 15:43:19.097  3314  4954 E BufferQueueProducer: [Bouncer[4185]#0] disconnect: not connected (req=1)
07-22 15:43:19.148  3314  5036 E BufferQueueProducer: [com.samsung.android.app.cocktailbarservice/com.samsung.android.app.cocktailbarservice.CocktailBarService[8137]#0] disconnect: not connected (req=1)
07-22 15:43:19.219 14869 14869 E Zygote  : isWhitelistProcess - Process is Whitelisted
07-22 15:43:19.220 14869 14869 E Zygote  : accessInfo : 1
07-22 15:43:19.263 14869 14869 E id.diagmonagen: Not starting debugger since process cannot load the jdwp agent.
07-22 15:43:19.290 14883 14883 E Zygote  : isWhitelistProcess - Process is Whitelisted
07-22 15:43:19.291 14883 14883 E Zygote  : accessInfo : 1
07-22 15:43:19.298 14883 14883 E roid.themestor: Not starting debugger since process cannot load the jdwp agent.
07-22 15:43:19.341  3464  3564 E Netd    : getNetworkForDns: getNetId from enterpriseCtrl is netid 0
07-22 15:43:19.372 13572 14867 E BatteryOptimizeUtils: isValidRUT : length=7; index=-1
07-22 15:43:19.511  3464  3564 E Netd    : getNetworkForDns: getNetId from enterpriseCtrl is netid 0
07-22 15:43:19.567  3464  3572 E IptablesRestoreController: [iptables debug]iptables-restore execute *filter
07-22 15:43:19.567  3464  3572 E IptablesRestoreController: -D fw_standby_uid -m owner --uid-owner 10076 -j DROP
07-22 15:43:19.567  3464  3572 E IptablesRestoreController: COMMIT
07-22 15:43:19.578  3464  3572 E IptablesRestoreController: [iptables debug]iptables-restore execute done *filter
07-22 15:43:19.578  3464  3572 E IptablesRestoreController: -D fw_standby_uid -m owner --uid-owner 10076 -j DROP
07-22 15:43:19.578  3464  3572 E IptablesRestoreController: COMMIT
07-22 15:43:19.578  3464  3572 E IptablesRestoreController: , res : 0
07-22 15:43:19.623 14946 14946 E Zygote  : isWhitelistProcess - Process is Whitelisted
07-22 15:43:19.625 14946 14946 E Zygote  : accessInfo : 1
07-22 15:43:19.636 14946 14946 E oid.themecente: Not starting debugger since process cannot load the jdwp agent.
07-22 15:43:19.678  3844  4107 E LightsService: Light requested not available on this device. 2
07-22 15:43:19.765  3464  3564 E Netd    : getNetworkForDns: getNetId from enterpriseCtrl is netid 0
07-22 15:43:20.017 14994 14994 E Zygote  : isWhitelistProcess - Process is Whitelisted
07-22 15:43:20.018 14994 14994 E Zygote  : accessInfo : 1
07-22 15:43:20.028 14994 14994 E e.process.gapp: Not starting debugger since process cannot load the jdwp agent.
07-22 15:43:20.049  3314 18979 E NativeSemDvfsGpuManager: release:: Start
07-22 15:43:20.049  3314 18979 E NativeSemDvfsGpuManager: release():: mIsAcquired = 1 , mName = GPU  , mTagName : SurfaceFlinger 
07-22 15:43:20.054  3314 18979 E NativeCustomFrequencyManager: [NativeCFMS] BpCustomFrequencyManager::releaseGPU() 
07-22 15:43:20.054  3314 18979 E NativeSemDvfsGpuManager: release:: End
07-22 15:43:20.076  3464  3564 E Netd    : getNetworkForDns: getNetId from enterpriseCtrl is netid 0
07-22 15:43:20.138  4185  4185 E KeyguardSecPatternView: onPatternDetected
07-22 15:43:20.244  3289  3289 E TlcTeeGatekeeper: TEE_GetKeyInfo(): TEE Gatekeeper trusted application returned: 0x00000003
07-22 15:43:20.282 14515 14515 E MtpService: In MTPAPP onReceive:android.app.action.DEVICE_POLICY_MANAGER_STATE_CHANGED
07-22 15:43:20.290  4185  4185 E KeyguardFingerPrint: updateFingerprintListeningState#mFingerprintRunningState=1 shouldListenForFingerprint=true
07-22 15:43:20.554  3464  3564 E Netd    : getNetworkForDns: getNetId from enterpriseCtrl is netid 0
07-22 15:43:20.562 15051 15051 E Zygote  : isWhitelistProcess - Process is Whitelisted
07-22 15:43:20.564 15051 15051 E Zygote  : accessInfo : 1
07-22 15:43:20.586 15051 15051 E app.samsungapp: Not starting debugger since process cannot load the jdwp agent.
07-22 15:43:20.847  4364  7773 E Auth    : [GoogleAccountDataServiceImpl] getToken() -> BAD_AUTHENTICATION. Account: <ELLIDED:-682645340>, App: com.google.android.gms, Service: oauth2:https://www.googleapis.com/auth/plus.circles.read https://www.googleapis.com/auth/plus.circles.write https://www.googleapis.com/auth/plus.media.upload https://www.googleapis.com/auth/plus.pages.manage https://www.googleapis.com/auth/plus.me https://www.googleapis.com/auth/plus.profiles.read https://www.googleapis.com/auth/plus.profiles.write https://www.googleapis.com/auth/plus.stream.read https://www.googleapis.com/auth/plus.peopleapi.readwrite https://www.googleapis.com/auth/plus.applications.manage https://www.googleapis.com/auth/plus.settings
07-22 15:43:20.847  4364  7773 E Auth    : rkt: Long live credential not available.
07-22 15:43:20.847  4364  7773 E Auth    : 	at hbg.a(:com.google.android.gms@19275037@19.2.75 (100400-269183835):123)
07-22 15:43:20.847  4364  7773 E Auth    : 	at iuq.a(:com.google.android.gms@19275037@19.2.75 (100400-269183835):137)
07-22 15:43:20.847  4364  7773 E Auth    : 	at itt.a(:com.google.android.gms@19275037@19.2.75 (100400-269183835):2)
07-22 15:43:20.847  4364  7773 E Auth    : 	at itr.a(:com.google.android.gms@19275037@19.2.75 (100400-269183835):17)
07-22 15:43:20.847  4364  7773 E Auth    : 	at itr.a(:com.google.android.gms@19275037@19.2.75 (100400-269183835):11)
07-22 15:43:20.847  4364  7773 E Auth    : 	at gxr.a(:com.google.android.gms@19275037@19.2.75 (100400-269183835):44)
07-22 15:43:20.847  4364  7773 E Auth    : 	at gxr.a(:com.google.android.gms@19275037@19.2.75 (100400-269183835):98)
07-22 15:43:20.847  4364  7773 E Auth    : 	at dwo.a(:com.google.android.gms@19275037@19.2.75 (100400-269183835):1)
07-22 15:43:20.847  4364  7773 E Auth    : 	at zwx.a(:com.google.android.gms@19275037@19.2.75 (100400-269183835):7)
07-22 15:43:20.847  4364  7773 E Auth    : 	at cqy.onTransact(:com.google.android.gms@19275037@19.2.75 (100400-269183835):4)
07-22 15:43:20.847  4364  7773 E Auth    : 	at android.os.Binder.transact(Binder.java:675)
07-22 15:43:20.847  4364  7773 E Auth    : 	at dyk.onTransact(:com.google.android.gms@19275037@19.2.75 (100400-269183835):3)
07-22 15:43:20.847  4364  7773 E Auth    : 	at android.os.Binder.transact(Binder.java:675)
07-22 15:43:20.847  4364  7773 E Auth    : 	at zxr.onTransact(:com.google.android.gms@19275037@19.2.75 (100400-269183835):19)
07-22 15:43:20.847  4364  7773 E Auth    : 	at android.os.Binder.execTransact(Binder.java:739)
07-22 15:43:20.864  5083 15078 E InternalPeopleServiceGrpcClient: Error making Grpc request.
07-22 15:43:20.864  5083 15078 E InternalPeopleServiceGrpcClient: gyn: BadAuthentication
07-22 15:43:20.864  5083 15078 E InternalPeopleServiceGrpcClient: 	at gyb.a(:com.google.android.gms@19275037@19.2.75 (100400-269183835):13)
07-22 15:43:20.864  5083 15078 E InternalPeopleServiceGrpcClient: 	at gxy.a(:com.google.android.gms@19275037@19.2.75 (100400-269183835):3)
07-22 15:43:20.864  5083 15078 E InternalPeopleServiceGrpcClient: 	at gxy.c(:com.google.android.gms@19275037@19.2.75 (100400-269183835):6)
07-22 15:43:20.864  5083 15078 E InternalPeopleServiceGrpcClient: 	at gxy.b(:com.google.android.gms@19275037@19.2.75 (100400-269183835):1)
07-22 15:43:20.864  5083 15078 E InternalPeopleServiceGrpcClient: 	at gxw.a(:com.google.android.gms@19275037@19.2.75 (100400-269183835):2)
07-22 15:43:20.864  5083 15078 E InternalPeopleServiceGrpcClient: 	at sda.b(Unknown Source:6)
07-22 15:43:20.864  5083 15078 E InternalPeopleServiceGrpcClient: 	at sbr.d(:com.google.android.gms@19275037@19.2.75 (100400-269183835):4)
07-22 15:43:20.864  5083 15078 E InternalPeopleServiceGrpcClient: 	at scg.a(:com.google.android.gms@19275037@19.2.75 (100400-269183835):53)
07-22 15:43:20.864  5083 15078 E InternalPeopleServiceGrpcClient: 	at anfh.a(:com.google.android.gms@19275037@19.2.75 (100400-269183835):32)
07-22 15:43:20.864  5083 15078 E InternalPeopleServiceGrpcClient: 	at anfg.a(:com.google.android.gms@19275037@19.2.75 (100400-269183835):16)
07-22 15:43:20.864  5083 15078 E InternalPeopleServiceGrpcClient: 	at anfl.run(:com.google.android.gms@19275037@19.2.75 (100400-269183835):4)
07-22 15:43:20.864  5083 15078 E InternalPeopleServiceGrpcClient: 	at java.lang.Thread.run(Thread.java:764)
07-22 15:43:20.864  5083 15078 E FSA2_GroupSyncGrpc: getGroups() failed
07-22 15:43:20.864  5083 15078 E FSA2_GroupSyncGrpc: gyn: BadAuthentication
07-22 15:43:20.864  5083 15078 E FSA2_GroupSyncGrpc: 	at gyb.a(:com.google.android.gms@19275037@19.2.75 (100400-269183835):13)
07-22 15:43:20.864  5083 15078 E FSA2_GroupSyncGrpc: 	at gxy.a(:com.google.android.gms@19275037@19.2.75 (100400-269183835):3)
07-22 15:43:20.864  5083 15078 E FSA2_GroupSyncGrpc: 	at gxy.c(:com.google.android.gms@19275037@19.2.75 (100400-269183835):6)
07-22 15:43:20.864  5083 15078 E FSA2_GroupSyncGrpc: 	at gxy.b(:com.google.android.gms@19275037@19.2.75 (100400-269183835):1)
07-22 15:43:20.864  5083 15078 E FSA2_GroupSyncGrpc: 	at gxw.a(:com.google.android.gms@19275037@19.2.75 (100400-269183835):2)
07-22 15:43:20.864  5083 15078 E FSA2_GroupSyncGrpc: 	at sda.b(Unknown Source:6)
07-22 15:43:20.864  5083 15078 E FSA2_GroupSyncGrpc: 	at sbr.d(:com.google.android.gms@19275037@19.2.75 (100400-269183835):4)
07-22 15:43:20.864  5083 15078 E FSA2_GroupSyncGrpc: 	at scg.a(:com.google.android.gms@19275037@19.2.75 (100400-269183835):53)
07-22 15:43:20.864  5083 15078 E FSA2_GroupSyncGrpc: 	at anfh.a(:com.google.android.gms@19275037@19.2.75 (100400-269183835):32)
07-22 15:43:20.864  5083 15078 E FSA2_GroupSyncGrpc: 	at anfg.a(:com.google.android.gms@19275037@19.2.75 (100400-269183835):16)
07-22 15:43:20.864  5083 15078 E FSA2_GroupSyncGrpc: 	at anfl.run(:com.google.android.gms@19275037@19.2.75 (100400-269183835):4)
07-22 15:43:20.864  5083 15078 E FSA2_GroupSyncGrpc: 	at java.lang.Thread.run(Thread.java:764)
07-22 15:43:20.864  5083 15079 E FSA2_PaginatedQueue: BlockingQueue.take interrupted, bailing out
07-22 15:43:20.864  5083 15079 E FSA2_PaginatedQueue: java.lang.InterruptedException
07-22 15:43:20.864  5083 15079 E FSA2_PaginatedQueue: 	at java.util.concurrent.locks.AbstractQueuedSynchronizer$ConditionObject.reportInterruptAfterWait(AbstractQueuedSynchronizer.java:2034)
07-22 15:43:20.864  5083 15079 E FSA2_PaginatedQueue: 	at java.util.concurrent.locks.AbstractQueuedSynchronizer$ConditionObject.await(AbstractQueuedSynchronizer.java:2068)
07-22 15:43:20.864  5083 15079 E FSA2_PaginatedQueue: 	at java.util.concurrent.ArrayBlockingQueue.take(ArrayBlockingQueue.java:387)
07-22 15:43:20.864  5083 15079 E FSA2_PaginatedQueue: 	at anfr.a(:com.google.android.gms@19275037@19.2.75 (100400-269183835):7)
07-22 15:43:20.864  5083 15079 E FSA2_PaginatedQueue: 	at andl.run(:com.google.android.gms@19275037@19.2.75 (100400-269183835):6)
07-22 15:43:20.864  5083 15079 E FSA2_PaginatedQueue: 	at java.lang.Thread.run(Thread.java:764)
07-22 15:43:20.864  5083 15040 E FSA2_PaginatedQueue: BlockingQueue.take interrupted, bailing out
07-22 15:43:20.864  5083 15040 E FSA2_PaginatedQueue: java.lang.InterruptedException
07-22 15:43:20.864  5083 15040 E FSA2_PaginatedQueue: 	at java.util.concurrent.locks.AbstractQueuedSynchronizer$ConditionObject.reportInterruptAfterWait(AbstractQueuedSynchronizer.java:2034)
07-22 15:43:20.864  5083 15040 E FSA2_PaginatedQueue: 	at java.util.concurrent.locks.AbstractQueuedSynchronizer$ConditionObject.awaitNanos(AbstractQueuedSynchronizer.java:2111)
07-22 15:43:20.864  5083 15040 E FSA2_PaginatedQueue: 	at java.util.concurrent.ArrayBlockingQueue.poll(ArrayBlockingQueue.java:402)
07-22 15:43:20.864  5083 15040 E FSA2_PaginatedQueue: 	at anfr.a(:com.google.android.gms@19275037@19.2.75 (100400-269183835):10)
07-22 15:43:20.864  5083 15040 E FSA2_PaginatedQueue: 	at amzg.a(:com.google.android.gms@19275037@19.2.75 (100400-269183835):3)
07-22 15:43:20.864  5083 15040 E FSA2_PaginatedQueue: 	at amze.a(:com.google.android.gms@19275037@19.2.75 (100400-269183835):381)
07-22 15:43:20.864  5083 15040 E FSA2_PaginatedQueue: 	at amzf.run(:com.google.android.gms@19275037@19.2.75 (100400-269183835):3)
07-22 15:43:20.872  5083 15040 E FSA2_ContactsSyncAdapter: Sync has been terminated.
07-22 15:43:20.872  5083 15040 E FSA2_ContactsSyncAdapter: gyn: BadAuthentication
07-22 15:43:20.872  5083 15040 E FSA2_ContactsSyncAdapter: 	at gyb.a(:com.google.android.gms@19275037@19.2.75 (100400-269183835):13)
07-22 15:43:20.872  5083 15040 E FSA2_ContactsSyncAdapter: 	at gxy.a(:com.google.android.gms@19275037@19.2.75 (100400-269183835):3)
07-22 15:43:20.872  5083 15040 E FSA2_ContactsSyncAdapter: 	at gxy.c(:com.google.android.gms@19275037@19.2.75 (100400-269183835):6)
07-22 15:43:20.872  5083 15040 E FSA2_ContactsSyncAdapter: 	at gxy.b(:com.google.android.gms@19275037@19.2.75 (100400-269183835):1)
07-22 15:43:20.872  5083 15040 E FSA2_ContactsSyncAdapter: 	at gxw.a(:com.google.android.gms@19275037@19.2.75 (100400-269183835):2)
07-22 15:43:20.872  5083 15040 E FSA2_ContactsSyncAdapter: 	at sda.b(Unknown Source:6)
07-22 15:43:20.872  5083 15040 E FSA2_ContactsSyncAdapter: 	at sbr.d(:com.google.android.gms@19275037@19.2.75 (100400-269183835):4)
07-22 15:43:20.872  5083 15040 E FSA2_ContactsSyncAdapter: 	at scg.a(:com.google.android.gms@19275037@19.2.75 (100400-269183835):53)
07-22 15:43:20.872  5083 15040 E FSA2_ContactsSyncAdapter: 	at anfh.a(:com.google.android.gms@19275037@19.2.75 (100400-269183835):32)
07-22 15:43:20.872  5083 15040 E FSA2_ContactsSyncAdapter: 	at anfg.a(:com.google.android.gms@19275037@19.2.75 (100400-269183835):16)
07-22 15:43:20.872  5083 15040 E FSA2_ContactsSyncAdapter: 	at anfl.run(:com.google.android.gms@19275037@19.2.75 (100400-269183835):4)
07-22 15:43:20.872  5083 15040 E FSA2_ContactsSyncAdapter: 	at java.lang.Thread.run(Thread.java:764)
07-22 15:43:21.107  4185  4185 E KeyguardSecPatternView: onPatternDetected
07-22 15:43:21.188  3464  3572 E IptablesRestoreController: [iptables debug]iptables-restore execute *filter
07-22 15:43:21.188  3464  3572 E IptablesRestoreController: -A fw_standby_uid -m owner --uid-owner 10076 -j DROP
07-22 15:43:21.188  3464  3572 E IptablesRestoreController: COMMIT
07-22 15:43:21.193  3464  3572 E IptablesRestoreController: [iptables debug]iptables-restore execute done *filter
